Component: ARM Compiler 5.06 update 2 (build 183) Tool: armlink [4d35b7]

==============================================================================

Section Cross References

    main.o(.text) refers to _printf_percent.o(.ARM.Collect$$_printf_percent$$00000000) for _printf_percent
    main.o(.text) refers to _printf_f.o(.ARM.Collect$$_printf_percent$$00000003) for _printf_f
    main.o(.text) refers to printf1.o(x$fpl$printf1) for _printf_fp_dec
    main.o(.text) refers to motor.o(.text) for Motor_12_Config
    main.o(.text) refers to delay.o(.text) for delay_init
    main.o(.text) refers to sys.o(.text) for NVIC_Configuration
    main.o(.text) refers to light.o(.text) for IIC_init
    main.o(.text) refers to usart.o(.text) for uart_init
    main.o(.text) refers to pwm.o(.text) for TIM3_PWM_Init
    main.o(.text) refers to wdg.o(.text) for IWDG_Init
    main.o(.text) refers to dflt_clz.o(x$fpl$dfltu) for __aeabi_ui2d
    main.o(.text) refers to ddiv.o(x$fpl$ddiv) for __aeabi_ddiv
    main.o(.text) refers to d2f.o(x$fpl$d2f) for __aeabi_d2f
    main.o(.text) refers to f2d.o(x$fpl$f2d) for __aeabi_f2d
    main.o(.text) refers to __2printf.o(.text) for __2printf
    main.o(.text) refers to frleqf.o(x$fpl$frleqf) for __aeabi_cfrcmple
    main.o(.text) refers to stm32f10x_tim.o(.text) for TIM_SetCompare1
    main.o(.text) refers to at.o(.text) for AT_ReadCmd
    main.o(.text) refers to fflt_clz.o(x$fpl$fflt) for __aeabi_i2f
    main.o(.text) refers to main.o(.data) for m_Lux
    main.o(.text) refers to at.o(.data) for num1
    system_stm32f10x.o(.text) refers to system_stm32f10x.o(.data) for SystemCoreClock
    led.o(.text) refers to stm32f10x_rcc.o(.text) for RCC_APB2PeriphClockCmd
    led.o(.text) refers to stm32f10x_gpio.o(.text) for GPIO_Init
    light.o(.text) refers to stm32f10x_gpio.o(.text) for GPIO_Init
    light.o(.text) refers to delay.o(.text) for delay_us
    light.o(.text) refers to stm32f10x_rcc.o(.text) for RCC_APB2PeriphClockCmd
    light.o(.text) refers to fflt_clz.o(x$fpl$ffltu) for __aeabi_ui2f
    light.o(.text) refers to f2d.o(x$fpl$f2d) for __aeabi_f2d
    light.o(.text) refers to dmul.o(x$fpl$dmul) for __aeabi_dmul
    light.o(.text) refers to d2f.o(x$fpl$d2f) for __aeabi_d2f
    light.o(.text) refers to ffixu.o(x$fpl$ffixu) for __aeabi_f2uiz
    esp.o(.text) refers to __2printf.o(.text) for __2printf
    esp.o(.text) refers to delay.o(.text) for delay_ms
    esp.o(.text) refers to stm32f10x_usart.o(.text) for USART_ReceiveData
    bc26.o(.text) refers to _printf_pad.o(.text) for _printf_pre_padding
    bc26.o(.text) refers to _printf_truncate.o(.text) for _printf_truncate_unsigned
    bc26.o(.text) refers to _printf_percent.o(.ARM.Collect$$_printf_percent$$00000000) for _printf_percent
    bc26.o(.text) refers to _printf_d.o(.ARM.Collect$$_printf_percent$$00000009) for _printf_d
    bc26.o(.text) refers to _printf_i.o(.ARM.Collect$$_printf_percent$$00000008) for _printf_i
    bc26.o(.text) refers to _printf_u.o(.ARM.Collect$$_printf_percent$$0000000A) for _printf_u
    bc26.o(.text) refers to _printf_o.o(.ARM.Collect$$_printf_percent$$0000000B) for _printf_o
    bc26.o(.text) refers to _printf_x.o(.ARM.Collect$$_printf_percent$$0000000C) for _printf_x
    bc26.o(.text) refers to _printf_c.o(.ARM.Collect$$_printf_percent$$00000013) for _printf_c
    bc26.o(.text) refers to _printf_lc.o(.ARM.Collect$$_printf_percent$$00000015) for _printf_lc
    bc26.o(.text) refers to _printf_dec.o(.text) for _printf_int_dec
    bc26.o(.text) refers to _printf_oct_int_ll.o(.text) for _printf_longlong_oct
    bc26.o(.text) refers to _printf_hex_int_ll_ptr.o(.text) for _printf_longlong_hex
    bc26.o(.text) refers to _printf_str.o(.text) for _printf_str
    bc26.o(.text) refers to _printf_wctomb.o(.text) for _printf_wctomb
    bc26.o(.text) refers to _printf_s.o(.ARM.Collect$$_printf_percent$$00000014) for _printf_s
    bc26.o(.text) refers to usart.o(.text) for Uart1_SendStr
    bc26.o(.text) refers to wdg.o(.text) for IWDG_Feed
    bc26.o(.text) refers to __2printf.o(.text) for __2printf
    bc26.o(.text) refers to delay.o(.text) for delay_ms
    bc26.o(.text) refers to strstr.o(.text) for strstr
    bc26.o(.text) refers to rt_memcpy_w.o(.text) for __aeabi_memcpy4
    bc26.o(.text) refers to __2sprintf.o(.text) for __2sprintf
    bc26.o(.text) refers to strlen.o(.text) for strlen
    bc26.o(.text) refers to rt_memcpy_v6.o(.text) for __aeabi_memcpy
    bc26.o(.text) refers to usart.o(.bss) for RxBuffer
    bc26.o(.text) refers to usart.o(.data) for RxCounter
    bc26.o(.text) refers to bc26.o(.data) for strx
    bc26.o(.text) refers to bc26.o(.conststring) for .conststring
    wdg.o(.text) refers to stm32f10x_iwdg.o(.text) for IWDG_WriteAccessCmd
    timer.o(.text) refers to stm32f10x_rcc.o(.text) for RCC_APB1PeriphClockCmd
    timer.o(.text) refers to stm32f10x_tim.o(.text) for TIM_TimeBaseInit
    timer.o(.text) refers to misc.o(.text) for NVIC_Init
[...]
    _printf_return_value                     0x00000000   Number         0  printf_stubs.o ABSOLUTE
    _printf_sizespec                         0x00000000   Number         0  printf_stubs.o ABSOLUTE
    _printf_widthprec                        0x00000000   Number         0  printf_stubs.o ABSOLUTE
    __ARM_exceptions_init                     - Undefined Weak Reference
    __alloca_initialize                       - Undefined Weak Reference
    __arm_preinit_                            - Undefined Weak Reference
    __cpp_initialize__aeabi_                  - Undefined Weak Reference
    __cxa_finalize                            - Undefined Weak Reference
    __sigvec_lookup                           - Undefined Weak Reference
    _atexit_init                              - Undefined Weak Reference
    _call_atexit_fns                          - Undefined Weak Reference
    _clock_init                               - Undefined Weak Reference
    _fp_trap_init                             - Undefined Weak Reference
    _fp_trap_shutdown                         - Undefined Weak Reference
    _get_lc_collate                           - Undefined Weak Reference
    _get_lc_monetary                          - Undefined Weak Reference
    _get_lc_time                              - Undefined Weak Reference
    _getenv_init                              - Undefined Weak Reference
    _handle_redirection                       - Undefined Weak Reference
    _init_alloc                               - Undefined Weak Reference
    _init_user_alloc                          - Undefined Weak Reference
    _initio                                   - Undefined Weak Reference
    _mutex_acquire                            - Undefined Weak Reference
    _mutex_release                            - Undefined Weak Reference
    _printf_fp_hex                            - Undefined Weak Reference
    _printf_mbtowc                            - Undefined Weak Reference
    _printf_wc                                - Undefined Weak Reference
    _rand_init                                - Undefined Weak Reference
    _signal_finish                            - Undefined Weak Reference
    _signal_init                              - Undefined Weak Reference
    _terminate_alloc                          - Undefined Weak Reference
    _terminate_user_alloc                     - Undefined Weak Reference
    _terminateio                              - Undefined Weak Reference
    __Vectors_Size                           0x00000130   Number         0  startup_stm32f10x_hd.o ABSOLUTE
    __Vectors                                0x08000000   Data           4  startup_stm32f10x_hd.o(RESET)
    __Vectors_End                            0x08000130   Data           0  startup_stm32f10x_hd.o(RESET)
    __main                                   0x08000131   Thumb Code     8  __main.o(!!!main)
    __scatterload                            0x08000139   Thumb Code     0  __scatter.o(!!!scatter)
    __scatterload_rt2                        0x08000139   Thumb Code    44  __scatter.o(!!!scatter)
    __scatterload_rt2_thumb_only             0x08000139   Thumb Code     0  __scatter.o(!!!scatter)
    __scatterload_null                       0x08000147   Thumb Code     0  __scatter.o(!!!scatter)
    __scatterload_copy                       0x0800016d   Thumb Code    26  __scatter_copy.o(!!handler_copy)
    __scatterload_zeroinit                   0x08000189   Thumb Code    28  __scatter_zi.o(!!handler_zi)
    _printf_n                                0x080001a5   Thumb Code     0  _printf_n.o(.ARM.Collect$$_printf_percent$$00000001)
    _printf_percent                          0x080001a5   Thumb Code     0  _printf_percent.o(.ARM.Collect$$_printf_percent$$00000000)
    _printf_p                                0x080001ab   Thumb Code     0  _printf_p.o(.ARM.Collect$$_printf_percent$$00000002)
    _printf_f                                0x080001b1   Thumb Code     0  _printf_f.o(.ARM.Collect$$_printf_percent$$00000003)
    _printf_e                                0x080001b7   Thumb Code     0  _printf_e.o(.ARM.Collect$$_printf_percent$$00000004)
    _printf_g                                0x080001bd   Thumb Code     0  _printf_g.o(.ARM.Collect$$_printf_percent$$00000005)
    _printf_a                                0x080001c3   Thumb Code     0  _printf_a.o(.ARM.Collect$$_printf_percent$$00000006)
    _printf_ll                               0x080001c9   Thumb Code     0  _printf_ll.o(.ARM.Collect$$_printf_percent$$00000007)
    _printf_i                                0x080001d3   Thumb Code     0  _printf_i.o(.ARM.Collect$$_printf_percent$$00000008)
    _printf_d                                0x080001d9   Thumb Code     0  _printf_d.o(.ARM.Collect$$_printf_percent$$00000009)
    _printf_u                                0x080001df   Thumb Code     0  _printf_u.o(.ARM.Collect$$_printf_percent$$0000000A)
    _printf_o                                0x080001e5   Thumb Code     0  _printf_o.o(.ARM.Collect$$_printf_percent$$0000000B)
    _printf_x                                0x080001eb   Thumb Code     0  _printf_x.o(.ARM.Collect$$_printf_percent$$0000000C)
    _printf_lli                              0x080001f1   Thumb Code     0  _printf_lli.o(.ARM.Collect$$_printf_percent$$0000000D)
    _printf_lld                              0x080001f7   Thumb Code     0  _printf_lld.o(.ARM.Collect$$_printf_percent$$0000000E)
    _printf_llu                              0x080001fd   Thumb Code     0  _printf_llu.o(.ARM.Collect$$_printf_percent$$0000000F)
    _printf_llo                              0x08000203   Thumb Code     0  _printf_llo.o(.ARM.Collect$$_printf_percent$$00000010)
    _printf_llx                              0x08000209   Thumb Code     0  _printf_llx.o(.ARM.Collect$$_printf_percent$$00000011)
    _printf_l                                0x0800020f   Thumb Code     0  _printf_l.o(.ARM.Collect$$_printf_percent$$00000012)
    _printf_c                                0x08000219   Thumb Code     0  _printf_c.o(.ARM.Collect$$_printf_percent$$00000013)
    _printf_s                                0x0800021f   Thumb Code     0  _printf_s.o(.ARM.Collect$$_printf_percent$$00000014)
    _printf_lc                               0x08000225   Thumb Code     0  _printf_lc.o(.ARM.Collect$$_printf_percent$$00000015)
    _printf_ls                               0x0800022b   Thumb Code     0  _printf_ls.o(.ARM.Collect$$_printf_percent$$00000016)
    _printf_percent_end                      0x08000231   Thumb Code     0  _printf_percent_end.o(.ARM.Collect$$_printf_percent$$00000017)
    __rt_lib_init                            0x08000235   Thumb Code     0  libinit.o(.ARM.Collect$$libinit$$00000000)
    __rt_lib_init_fp_1                       0x08000237   Thumb Code     0  libinit2.o(.ARM.Collect$$libinit$$00000002)
    __rt_lib_init_heap_1                     0x08000237   Thumb Code     0  libinit2.o(.ARM.Collect$$libinit$$0000000A)
    __rt_lib_init_lc_common                  0x08000237   Thumb Code     0  libinit2.o(.ARM.Collect$$libinit$$0000000F)
    __rt_lib_init_preinit_1                  0x08000237   Thumb Code     0  libinit2.o(.ARM.Collect$$libinit$$00000004)
    __rt_lib_init_rand_1                     0x08000237   Thumb Code     0  libinit2.o(.ARM.Collect$$libinit$$0000000E)
    __rt_lib_init_user_alloc_1               0x08000237   Thumb Code     0  libinit2.o(.ARM.Collect$$libinit$$0000000C)
    __rt_lib_init_lc_collate_1               0x0800023d   Thumb Code     0  libinit2.o(.ARM.Collect$$libinit$$00000011)
    __rt_lib_init_lc_ctype_2                 0x0800023d   Thumb Code     0  libinit2.o(.ARM.Collect$$libinit$$00000012)
    __rt_lib_init_lc_ctype_1                 0x08000249   Thumb Code     0  libinit2.o(.ARM.Collect$$libinit$$00000013)
    __rt_lib_init_lc_monetary_1              0x08000249   Thumb Code     0  libinit2.o(.ARM.Collect$$libinit$$00000015)
    __rt_lib_init_lc_numeric_2               0x08000249   Thumb Code     0  libinit2.o(.ARM.Collect$$libinit$$00000016)
    __rt_lib_init_alloca_1                   0x08000253   Thumb Code     0  libinit2.o(.ARM.Collect$$libinit$$0000002E)
    __rt_lib_init_argv_1                     0x08000253   Thumb Code     0  libinit2.o(.ARM.Collect$$libinit$$0000002C)
    __rt_lib_init_atexit_1                   0x08000253   Thumb Code     0  libinit2.o(.ARM.Collect$$libinit$$0000001B)
    __rt_lib_init_clock_1                    0x08000253   Thumb Code     0  libinit2.o(.ARM.Collect$$libinit$$00000021)
    __rt_lib_init_cpp_1                      0x08000253   Thumb Code     0  libinit2.o(.ARM.Collect$$libinit$$00000032)
    __rt_lib_init_exceptions_1               0x08000253   Thumb Code     0  libinit2.o(.ARM.Collect$$libinit$$00000030)
    __rt_lib_init_fp_trap_1                  0x08000253   Thumb Code     0  libinit2.o(.ARM.Collect$$libinit$$0000001F)
    __rt_lib_init_getenv_1                   0x08000253   Thumb Code     0  libinit2.o(.ARM.Collect$$libinit$$00000023)
    __rt_lib_init_lc_numeric_1               0x08000253   Thumb Code     0  libinit2.o(.ARM.Collect$$libinit$$00000017)
    __rt_lib_init_lc_time_1                  0x08000253   Thumb Code     0  libinit2.o(.ARM.Collect$$libinit$$00000019)
    __rt_lib_init_return                     0x08000253   Thumb Code     0  libinit2.o(.ARM.Collect$$libinit$$00000033)
    __rt_lib_init_signal_1                   0x08000253   Thumb Code     0  libinit2.o(.ARM.Collect$$libinit$$0000001D)
    __rt_lib_init_stdio_1                    0x08000253   Thumb Code     0  libinit2.o(.ARM.Collect$$libinit$$00000025)
    __rt_lib_shutdown                        0x08000255   Thumb Code     0  libshutdown.o(.ARM.Collect$$libshutdown$$00000000)
    __rt_lib_shutdown_cpp_1                  0x08000257   Thumb Code     0  libshutdown2.o(.ARM.Collect$$libshutdown$$00000002)
    __rt_lib_shutdown_fp_trap_1              0x08000257   Thumb Code     0  libshutdown2.o(.ARM.Collect$$libshutdown$$00000007)
    __rt_lib_shutdown_heap_1                 0x08000257   Thumb Code     0  libshutdown2.o(.ARM.Collect$$libshutdown$$0000000F)
    __rt_lib_shutdown_return                 0x08000257   Thumb Code     0  libshutdown2.o(.ARM.Collect$$libshutdown$$00000010)
    __rt_lib_shutdown_signal_1               0x08000257   Thumb Code     0  libshutdown2.o(.ARM.Collect$$libshutdown$$0000000A)
    __rt_lib_shutdown_stdio_1                0x08000257   Thumb Code     0  libshutdown2.o(.ARM.Collect$$libshutdown$$00000004)
    __rt_lib_shutdown_user_alloc_1           0x08000257   Thumb Code     0  libshutdown2.o(.ARM.Collect$$libshutdown$$0000000C)
    __rt_entry                               0x08000259   Thumb Code     0  __rtentry.o(.ARM.Collect$$rtentry$$00000000)
    __rt_entry_presh_1                       0x08000259   Thumb Code     0  __rtentry2.o(.ARM.Collect$$rtentry$$00000002)
    __rt_entry_sh                            0x08000259   Thumb Code     0  __rtentry4.o(.ARM.Collect$$rtentry$$00000004)
    __rt_entry_li                            0x0800025f   Thumb Code     0  __rtentry2.o(.ARM.Collect$$rtentry$$0000000A)
    __rt_entry_postsh_1                      0x0800025f   Thumb Code     0  __rtentry2.o(.ARM.Collect$$rtentry$$00000009)
    __rt_entry_main                          0x08000263   Thumb Code     0  __rtentry2.o(.ARM.Collect$$rtentry$$0000000D)
    __rt_entry_postli_1                      0x08000263   Thumb Code     0  __rtentry2.o(.ARM.Collect$$rtentry$$0000000C)
    __rt_exit                                0x0800026b   Thumb Code     0  rtexit.o(.ARM.Collect$$rtexit$$00000000)
    __rt_exit_ls                             0x0800026d   Thumb Code     0  rtexit2.o(.ARM.Collect$$rtexit$$00000003)
    __rt_exit_prels_1                        0x0800026d   Thumb Code     0  rtexit2.o(.ARM.Collect$$rtexit$$00000002)
    __rt_exit_exit                           0x08000271   Thumb Code     0  rtexit2.o(.ARM.Collect$$rtexit$$00000004)
    main                                     0x08000279   Thumb Code   306  main.o(.text)
    NMI_Handler                              0x080003fd   Thumb Code     2  stm32f10x_it.o(.text)
    HardFault_Handler                        0x080003ff   Thumb Code     4  stm32f10x_it.o(.text)
    MemManage_Handler                        0x08000403   Thumb Code     4  stm32f10x_it.o(.text)
    BusFault_Handler                         0x08000407   Thumb Code     4  stm32f10x_it.o(.text)
    UsageFault_Handler                       0x0800040b   Thumb Code     4  stm32f10x_it.o(.text)
    SVC_Handler                              0x0800040f   Thumb Code     2  stm32f10x_it.o(.text)
    DebugMon_Handler                         0x08000411   Thumb Code     2  stm32f10x_it.o(.text)
    PendSV_Handler                           0x08000413   Thumb Code     2  stm32f10x_it.o(.text)
    SysTick_Handler                          0x08000415   Thumb Code     2  stm32f10x_it.o(.text)
    SystemInit                               0x080004f7   Thumb Code    78  system_stm32f10x.o(.text)
    SystemCoreClockUpdate                    0x08000545   Thumb Code   142  system_stm32f10x.o(.text)
    IIC_rec_ack                              0x080005f9   Thumb Code   100  light.o(.text)
    IIC_send_byte                            0x0800065d   Thumb Code   114  light.o(.text)
    IIC_start                                0x080006cf   Thumb Code    66  light.o(.text)
    IIC_writecfg                             0x08000711   Thumb Code    46  light.o(.text)
    IIC_init                                 0x0800073f   Thumb Code   126  light.o(.text)
    IIC_stop                                 0x080007bd   Thumb Code    74  light.o(.text)
    IIC_send_ack                             0x08000807   Thumb Code    84  light.o(.text)
    IIC_read_byte                            0x0800085b   Thumb Code   122  light.o(.text)
    IIC_getLux                               0x080008d5   Thumb Code   200  light.o(.text)
    IWDG_Init                                0x080009ad   Thumb Code    36  wdg.o(.text)
    IWDG_Feed                                0x080009d1   Thumb Code     8  wdg.o(.text)
    TIM3_Int_Init                            0x080009d9   Thumb Code    90  timer.o(.text)
    TIM4_Int_Init                            0x08000a33   Thumb Code    88  timer.o(.text)
    TIM3_IRQHandler                          0x08000a8b   Thumb Code    58  timer.o(.text)
    TIM4_IRQHandler                          0x08000ac5   Thumb Code    22  timer.o(.text)
    TIM3_PWM_Init                            0x08000aed   Thumb Code   130  pwm.o(.text)
    TIM5_PWM_Init                            0x08000b6f   Thumb Code   142  pwm.o(.text)
    Motor_12_Config                          0x08000c11   Thumb Code   156  motor.o(.text)
    Motor_1_STOP                             0x08000cad   Thumb Code    20  motor.o(.text)
    Motor_1_PRun                             0x08000cc1   Thumb Code    20  motor.o(.text)
    Motor_1_NRun                             0x08000cd5   Thumb Code    20  motor.o(.text)
    Motor_2_STOP                             0x08000ce9   Thumb Code    20  motor.o(.text)
    Motor_2_PRun                             0x08000cfd   Thumb Code    20  motor.o(.text)
    Motor_2_NRun                             0x08000d11   Thumb Code    20  motor.o(.text)
    AT_Clear                                 0x08000d2d   Thumb Code    22  at.o(.text)
    AT_ReadCmd                               0x08000d43   Thumb Code   354  at.o(.text)
    AT_WriteCmd                              0x08000ea5   Thumb Code    88  at.o(.text)
    delay_init                               0x08000f1d   Thumb Code    50  delay.o(.text)
    delay_us                                 0x08000f4f   Thumb Code    72  delay.o(.text)
    delay_ms                                 0x08000f97   Thumb Code    72  delay.o(.text)
    NVIC_Configuration                       0x08000ff1   Thumb Code    12  sys.o(.text)
    WFI_SET                                  0x08000ffd   Thumb Code     4  sys.o(.text)
    INTX_DISABLE                             0x08001001   Thumb Code     4  sys.o(.text)
    INTX_ENABLE                              0x08001005   Thumb Code     4  sys.o(.text)
    _sys_exit                                0x08001009   Thumb Code     4  usart.o(.text)
    fputc                                    0x0800100d   Thumb Code    24  usart.o(.text)
    UART1_send_byte                          0x08001025   Thumb Code    28  usart.o(.text)
    UART2_send_byte                          0x08001041   Thumb Code    28  usart.o(.text)
    uart_init                                0x0800105d   Thumb Code   152  usart.o(.text)
    uart2_init                               0x080010f5   Thumb Code   160  usart.o(.text)
    uart3_at_init                            0x08001195   Thumb Code   160  usart.o(.text)
    UartSendStr_at                           0x08001235   Thumb Code    44  usart.o(.text)
    USART3_IRQHandler                        0x08001261   Thumb Code    86  usart.o(.text)
    USART3_printf                            0x080012b7   Thumb Code    70  usart.o(.text)
    Uart1_SendStr                            0x080012fd   Thumb Code    34  usart.o(.text)
    USART1_IRQHandler                        0x0800131f   Thumb Code   122  usart.o(.text)
    USART2_IRQHandler                        0x08001399   Thumb Code    62  usart.o(.text)
    USART1_printf                            0x080013d7   Thumb Code   112  usart.o(.text)
    Reset_Handler                            0x08001451   Thumb Code     8  startup_stm32f10x_hd.o(.text)
    ADC1_2_IRQHandler                        0x0800146b   Thumb Code     0  startup_stm32f10x_hd.o(.text)
    ADC3_IRQHandler                          0x0800146b   Thumb Code     0  startup_stm32f10x_hd.o(.text)
    CAN1_RX1_IRQHandler                      0x0800146b   Thumb Code     0  startup_stm32f10x_hd.o(.text)
    CAN1_SCE_IRQHandler                      0x0800146b   Thumb Code     0  startup_stm32f10x_hd.o(.text)
    DMA1_Channel1_IRQHandler                 0x0800146b   Thumb Code     0  startup_stm32f10x_hd.o(.text)
    DMA1_Channel2_IRQHandler                 0x0800146b   Thumb Code     0  startup_stm32f10x_hd.o(.text)
    DMA1_Channel3_IRQHandler                 0x0800146b   Thumb Code     0  startup_stm32f10x_hd.o(.text)
    DMA1_Channel4_IRQHandler                 0x0800146b   Thumb Code     0  startup_stm32f10x_hd.o(.text)
    DMA1_Channel5_IRQHandler                 0x0800146b   Thumb Code     0  startup_stm32f10x_hd.o(.text)
    DMA1_Channel6_IRQHandler                 0x0800146b   Thumb Code     0  startup_stm32f10x_hd.o(.text)
    DMA1_Channel7_IRQHandler                 0x0800146b   Thumb Code     0  startup_stm32f10x_hd.o(.text)
    DMA2_Channel1_IRQHandler                 0x0800146b   Thumb Code     0  startup_stm32f10x_hd.o(.text)
    DMA2_Channel2_IRQHandler                 0x0800146b   Thumb Code     0  startup_stm32f10x_hd.o(.text)
    DMA2_Channel3_IRQHandler                 0x0800146b   Thumb Code     0  startup_stm32f10x_hd.o(.text)
    DMA2_Channel4_5_IRQHandler               0x0800146b   Thumb Code     0  startup_stm32f10x_hd.o(.text)
    EXTI0_IRQHandler                         0x0800146b   Thumb Code     0  startup_stm32f10x_hd.o(.text)
    EXTI15_10_IRQHandler                     0x0800146b   Thumb Code     0  startup_stm32f10x_hd.o(.text)
    EXTI1_IRQHandler                         0x0800146b   Thumb Code     0  startup_stm32f10x_hd.o(.text)
    EXTI2_IRQHandler                         0x0800146b   Thumb Code     0  startup_stm32f10x_hd.o(.text)
    EXTI3_IRQHandler                         0x0800146b   Thumb Code     0  startup_stm32f10x_hd.o(.text)
    EXTI4_IRQHandler                         0x0800146b   Thumb Code     0  startup_stm32f10x_hd.o(.text)
    EXTI9_5_IRQHandler                       0x0800146b   Thumb Code     0  startup_stm32f10x_hd.o(.text)
    FLASH_IRQHandler                         0x0800146b   Thumb Code     0  startup_stm32f10x_hd.o(.text)
    FSMC_IRQHandler                          0x0800146b   Thumb Code     0  startup_stm32f10x_hd.o(.text)
    I2C1_ER_IRQHandler                       0x0800146b   Thumb Code     0  startup_stm32f10x_hd.o(.text)
    I2C1_EV_IRQHandler                       0x0800146b   Thumb Code     0  startup_stm32f10x_hd.o(.text)
    I2C2_ER_IRQHandler                       0x0800146b   Thumb Code     0  startup_stm32f10x_hd.o(.text)
    I2C2_EV_IRQHandler                       0x0800146b   Thumb Code     0  startup_stm32f10x_hd.o(.text)
    PVD_IRQHandler                           0x0800146b   Thumb Code     0  startup_stm32f10x_hd.o(.text)
    RCC_IRQHandler                           0x0800146b   Thumb Code     0  startup_stm32f10x_hd.o(.text)
    RTCAlarm_IRQHandler                      0x0800146b   Thumb Code     0  startup_stm32f10x_hd.o(.text)
    RTC_IRQHandler                           0x0800146b   Thumb Code     0  startup_stm32f10x_hd.o(.text)
    SDIO_IRQHandler                          0x0800146b   Thumb Code     0  startup_stm32f10x_hd.o(.text)
    SPI1_IRQHandler                          0x0800146b   Thumb Code     0  startup_stm32f10x_hd.o(.text)
    SPI2_IRQHandler                          0x0800146b   Thumb Code     0  startup_stm32f10x_hd.o(.text)
    SPI3_IRQHandler                          0x0800146b   Thumb Code     0  startup_stm32f10x_hd.o(.text)
    TAMPER_IRQHandler                        0x0800146b   Thumb Code     0  startup_stm32f10x_hd.o(.text)
    TIM1_BRK_IRQHandler                      0x0800146b   Thumb Code     0  startup_stm32f10x_hd.o(.text)
    TIM1_CC_IRQHandler                       0x0800146b   Thumb Code     0  startup_stm32f10x_hd.o(.text)
    TIM1_TRG_COM_IRQHandler                  0x0800146b   Thumb Code     0  startup_stm32f10x_hd.o(.text)
    TIM1_UP_IRQHandler                       0x0800146b   Thumb Code     0  startup_stm32f10x_hd.o(.text)
    TIM2_IRQHandler                          0x0800146b   Thumb Code     0  startup_stm32f10x_hd.o(.text)
    TIM5_IRQHandler                          0x0800146b   Thumb Code     0  startup_stm32f10x_hd.o(.text)
    TIM6_IRQHandler                          0x0800146b   Thumb Code     0  startup_stm32f10x_hd.o(.text)
    TIM7_IRQHandler                          0x0800146b   Thumb Code     0  startup_stm32f10x_hd.o(.text)
    TIM8_BRK_IRQHandler                      0x0800146b   Thumb Code     0  startup_stm32f10x_hd.o(.text)
    TIM8_CC_IRQHandler                       0x0800146b   Thumb Code     0  startup_stm32f10x_hd.o(.text)
    TIM8_TRG_COM_IRQHandler                  0x0800146b   Thumb Code     0  startup_stm32f10x_hd.o(.text)
    TIM8_UP_IRQHandler                       0x0800146b   Thumb Code     0  startup_stm32f10x_hd.o(.text)
    UART4_IRQHandler                         0x0800146b   Thumb Code     0  startup_stm32f10x_hd.o(.text)
    UART5_IRQHandler                         0x0800146b   Thumb Code     0  startup_stm32f10x_hd.o(.text)
    USBWakeUp_IRQHandler                     0x0800146b   Thumb Code     0  startup_stm32f10x_hd.o(.text)
    USB_HP_CAN1_TX_IRQHandler                0x0800146b   Thumb Code     0  startup_stm32f10x_hd.o(.text)
    USB_LP_CAN1_RX0_IRQHandler               0x0800146b   Thumb Code     0  startup_stm32f10x_hd.o(.text)
    WWDG_IRQHandler                          0x0800146b   Thumb Code     0  startup_stm32f10x_hd.o(.text)
    __user_initial_stackheap                 0x0800146d   Thumb Code     0  startup_stm32f10x_hd.o(.text)
    GPIO_DeInit                              0x08001491   Thumb Code   172  stm32f10x_gpio.o(.text)
    GPIO_AFIODeInit                          0x0800153d   Thumb Code    20  stm32f10x_gpio.o(.text)
    GPIO_Init                                0x08001551   Thumb Code   278  stm32f10x_gpio.o(.text)
    GPIO_StructInit                          0x08001667   Thumb Code    16  stm32f10x_gpio.o(.text)
    GPIO_ReadInputDataBit                    0x08001677   Thumb Code    18  stm32f10x_gpio.o(.text)
    GPIO_ReadInputData                       0x08001689   Thumb Code     8  stm32f10x_gpio.o(.text)
    GPIO_ReadOutputDataBit                   0x08001691   Thumb Code    18  stm32f10x_gpio.o(.text)
    GPIO_ReadOutputData                      0x080016a3   Thumb Code     8  stm32f10x_gpio.o(.text)
    GPIO_SetBits                             0x080016ab   Thumb Code     4  stm32f10x_gpio.o(.text)
    GPIO_ResetBits                           0x080016af   Thumb Code     4  stm32f10x_gpio.o(.text)
    GPIO_WriteBit                            0x080016b3   Thumb Code    10  stm32f10x_gpio.o(.text)
    GPIO_Write                               0x080016bd   Thumb Code     4  stm32f10x_gpio.o(.text)
    GPIO_PinLockConfig                       0x080016c1   Thumb Code    18  stm32f10x_gpio.o(.text)
    GPIO_EventOutputConfig                   0x080016d3   Thumb Code    26  stm32f10x_gpio.o(.text)
    GPIO_EventOutputCmd                      0x080016ed   Thumb Code     6  stm32f10x_gpio.o(.text)
    GPIO_PinRemapConfig                      0x080016f3   Thumb Code   138  stm32f10x_gpio.o(.text)
    GPIO_EXTILineConfig                      0x0800177d   Thumb Code    66  stm32f10x_gpio.o(.text)
    GPIO_ETH_MediaInterfaceConfig            0x080017bf   Thumb Code     8  stm32f10x_gpio.o(.text)
    RCC_DeInit                               0x080017ed   Thumb Code    64  stm32f10x_rcc.o(.text)
    RCC_HSEConfig                            0x0800182d   Thumb Code    70  stm32f10x_rcc.o(.text)
    RCC_GetFlagStatus                        0x08001873   Thumb Code    56  stm32f10x_rcc.o(.text)
    RCC_WaitForHSEStartUp                    0x080018ab   Thumb Code    56  stm32f10x_rcc.o(.text)
    RCC_AdjustHSICalibrationValue            0x080018e3   Thumb Code    20  stm32f10x_rcc.o(.text)
    RCC_HSICmd                               0x080018f7   Thumb Code     6  stm32f10x_rcc.o(.text)
    RCC_PLLConfig                            0x080018fd   Thumb Code    24  stm32f10x_rcc.o(.text)
    RCC_PLLCmd                               0x08001915   Thumb Code     6  stm32f10x_rcc.o(.text)
    RCC_SYSCLKConfig                         0x0800191b   Thumb Code    18  stm32f10x_rcc.o(.text)
    RCC_GetSYSCLKSource                      0x0800192d   Thumb Code    10  stm32f10x_rcc.o(.text)
    RCC_HCLKConfig                           0x08001937   Thumb Code    18  stm32f10x_rcc.o(.text)
    RCC_PCLK1Config                          0x08001949   Thumb Code    18  stm32f10x_rcc.o(.text)
    RCC_PCLK2Config                          0x0800195b   Thumb Code    20  stm32f10x_rcc.o(.text)
    RCC_ITConfig                             0x0800196f   Thumb Code    26  stm32f10x_rcc.o(.text)
    RCC_USBCLKConfig                         0x08001989   Thumb Code     8  stm32f10x_rcc.o(.text)
    RCC_ADCCLKConfig                         0x08001991   Thumb Code    18  stm32f10x_rcc.o(.text)
    RCC_LSEConfig                            0x080019a3   Thumb Code    50  stm32f10x_rcc.o(.text)
    RCC_LSICmd                               0x080019d5   Thumb Code     6  stm32f10x_rcc.o(.text)
    RCC_RTCCLKConfig                         0x080019db   Thumb Code    12  stm32f10x_rcc.o(.text)
    RCC_RTCCLKCmd                            0x080019e7   Thumb Code     8  stm32f10x_rcc.o(.text)
    RCC_GetClocksFreq                        0x080019ef   Thumb Code   192  stm32f10x_rcc.o(.text)
    RCC_AHBPeriphClockCmd                    0x08001aaf   Thumb Code    26  stm32f10x_rcc.o(.text)
    RCC_APB2PeriphClockCmd                   0x08001ac9   Thumb Code    26  stm32f10x_rcc.o(.text)
    RCC_APB1PeriphClockCmd                   0x08001ae3   Thumb Code    26  stm32f10x_rcc.o(.text)
    RCC_APB2PeriphResetCmd                   0x08001afd   Thumb Code    26  stm32f10x_rcc.o(.text)
    RCC_APB1PeriphResetCmd                   0x08001b17   Thumb Code    26  stm32f10x_rcc.o(.text)
    RCC_BackupResetCmd                       0x08001b31   Thumb Code     8  stm32f10x_rcc.o(.text)
    RCC_ClockSecuritySystemCmd               0x08001b39   Thumb Code     6  stm32f10x_rcc.o(.text)
    RCC_MCOConfig                            0x08001b3f   Thumb Code     6  stm32f10x_rcc.o(.text)
    RCC_ClearFlag                            0x08001b45   Thumb Code    14  stm32f10x_rcc.o(.text)
    RCC_GetITStatus                          0x08001b53   Thumb Code    20  stm32f10x_rcc.o(.text)
    RCC_ClearITPendingBit                    0x08001b67   Thumb Code     6  stm32f10x_rcc.o(.text)
    USART_DeInit                             0x08001b91   Thumb Code   134  stm32f10x_usart.o(.text)
    USART_Init                               0x08001c17   Thumb Code   210  stm32f10x_usart.o(.text)
    USART_StructInit                         0x08001ce9   Thumb Code    24  stm32f10x_usart.o(.text)
    USART_ClockInit                          0x08001d01   Thumb Code    34  stm32f10x_usart.o(.text)
    USART_ClockStructInit                    0x08001d23   Thumb Code    12  stm32f10x_usart.o(.text)
    USART_Cmd                                0x08001d2f   Thumb Code    24  stm32f10x_usart.o(.text)
    USART_ITConfig                           0x08001d47   Thumb Code    74  stm32f10x_usart.o(.text)
    USART_DMACmd                             0x08001d91   Thumb Code    18  stm32f10x_usart.o(.text)
    USART_SetAddress                         0x08001da3   Thumb Code    18  stm32f10x_usart.o(.text)
    USART_WakeUpConfig                       0x08001db5   Thumb Code    18  stm32f10x_usart.o(.text)
    USART_ReceiverWakeUpCmd                  0x08001dc7   Thumb Code    24  stm32f10x_usart.o(.text)
    USART_LINBreakDetectLengthConfig         0x08001ddf   Thumb Code    18  stm32f10x_usart.o(.text)
    USART_LINCmd                             0x08001df1   Thumb Code    24  stm32f10x_usart.o(.text)
    USART_SendData                           0x08001e09   Thumb Code     8  stm32f10x_usart.o(.text)
    USART_ReceiveData                        0x08001e11   Thumb Code    10  stm32f10x_usart.o(.text)
    USART_SendBreak                          0x08001e1b   Thumb Code    10  stm32f10x_usart.o(.text)
    USART_SetGuardTime                       0x08001e25   Thumb Code    16  stm32f10x_usart.o(.text)
    USART_SetPrescaler                       0x08001e35   Thumb Code    16  stm32f10x_usart.o(.text)
    USART_SmartCardCmd                       0x08001e45   Thumb Code    24  stm32f10x_usart.o(.text)
    USART_SmartCardNACKCmd                   0x08001e5d   Thumb Code    24  stm32f10x_usart.o(.text)
    USART_HalfDuplexCmd                      0x08001e75   Thumb Code    24  stm32f10x_usart.o(.text)
    USART_OverSampling8Cmd                   0x08001e8d   Thumb Code    22  stm32f10x_usart.o(.text)
    USART_OneBitMethodCmd                    0x08001ea3   Thumb Code    24  stm32f10x_usart.o(.text)
    USART_IrDAConfig                         0x08001ebb   Thumb Code    18  stm32f10x_usart.o(.text)
    USART_IrDACmd                            0x08001ecd   Thumb Code    24  stm32f10x_usart.o(.text)
    USART_GetFlagStatus                      0x08001ee5   Thumb Code    26  stm32f10x_usart.o(.text)
    USART_ClearFlag                          0x08001eff   Thumb Code    18  stm32f10x_usart.o(.text)
    USART_GetITStatus                        0x08001f11   Thumb Code    84  stm32f10x_usart.o(.text)
    USART_ClearITPendingBit                  0x08001f65   Thumb Code    52  stm32f10x_usart.o(.text)
    NVIC_PriorityGroupConfig                 0x08001f99   Thumb Code    10  misc.o(.text)
    NVIC_Init                                0x08001fa3   Thumb Code   100  misc.o(.text)
    NVIC_SetVectorTable                      0x08002007   Thumb Code    14  misc.o(.text)
    NVIC_SystemLPConfig                      0x08002015   Thumb Code    34  misc.o(.text)
    SysTick_CLKSourceConfig                  0x08002037   Thumb Code    40  misc.o(.text)
    IWDG_WriteAccessCmd                      0x08002075   Thumb Code     6  stm32f10x_iwdg.o(.text)
    IWDG_SetPrescaler                        0x0800207b   Thumb Code     6  stm32f10x_iwdg.o(.text)
    IWDG_SetReload                           0x08002081   Thumb Code     6  stm32f10x_iwdg.o(.text)
    IWDG_ReloadCounter                       0x08002087   Thumb Code    10  stm32f10x_iwdg.o(.text)
    IWDG_Enable                              0x08002091   Thumb Code    10  stm32f10x_iwdg.o(.text)
    IWDG_GetFlagStatus                       0x0800209b   Thumb Code    20  stm32f10x_iwdg.o(.text)
    TIM_DeInit                               0x080020b5   Thumb Code   424  stm32f10x_tim.o(.text)
    TIM_TimeBaseInit                         0x0800225d   Thumb Code   122  stm32f10x_tim.o(.text)
    TIM_OC1Init                              0x080022d7   Thumb Code   132  stm32f10x_tim.o(.text)
    TIM_OC2Init                              0x0800235b   Thumb Code   154  stm32f10x_tim.o(.text)
    TIM_OC3Init                              0x080023f5   Thumb Code   150  stm32f10x_tim.o(.text)
    TIM_OC4Init                              0x0800248b   Thumb Code   182  stm32f10x_tim.o(.text)
    TIM_SetIC4Prescaler                      0x08002541   Thumb Code    26  stm32f10x_tim.o(.text)
    TIM_SetIC3Prescaler                      0x080025dd   Thumb Code    18  stm32f10x_tim.o(.text)
    TIM_SetIC2Prescaler                      0x08002669   Thumb Code    26  stm32f10x_tim.o(.text)
    TIM_SetIC1Prescaler                      0x08002705   Thumb Code    18  stm32f10x_tim.o(.text)
    TIM_ICInit                               0x08002783   Thumb Code   150  stm32f10x_tim.o(.text)
    TIM_PWMIConfig                           0x08002819   Thumb Code   124  stm32f10x_tim.o(.text)
    TIM_BDTRConfig                           0x08002895   Thumb Code    32  stm32f10x_tim.o(.text)
    TIM_TimeBaseStructInit                   0x080028b5   Thumb Code    18  stm32f10x_tim.o(.text)
    TIM_OCStructInit                         0x080028c7   Thumb Code    20  stm32f10x_tim.o(.text)
    TIM_ICStructInit                         0x080028db   Thumb Code    18  stm32f10x_tim.o(.text)
    TIM_BDTRStructInit                       0x080028ed   Thumb Code    40  stm32f10x_tim.o(.text)
    TIM_Cmd                                  0x08002915   Thumb Code    24  stm32f10x_tim.o(.text)
    TIM_CtrlPWMOutputs                       0x0800292d   Thumb Code    30  stm32f10x_tim.o(.text)
    TIM_ITConfig                             0x0800294b   Thumb Code    18  stm32f10x_tim.o(.text)
    TIM_GenerateEvent                        0x0800295d   Thumb Code     4  stm32f10x_tim.o(.text)
    TIM_DMAConfig                            0x08002961   Thumb Code    10  stm32f10x_tim.o(.text)
    TIM_DMACmd                               0x0800296b   Thumb Code    18  stm32f10x_tim.o(.text)
    TIM_InternalClockConfig                  0x0800297d   Thumb Code    12  stm32f10x_tim.o(.text)
    TIM_SelectInputTrigger                   0x08002989   Thumb Code    18  stm32f10x_tim.o(.text)
    TIM_ITRxExternalClockConfig              0x0800299b   Thumb Code    24  stm32f10x_tim.o(.text)
    TIM_TIxExternalClockConfig               0x080029b3   Thumb Code    62  stm32f10x_tim.o(.text)
    TIM_ETRConfig                            0x080029f1   Thumb Code    28  stm32f10x_tim.o(.text)
    TIM_ETRClockMode1Config                  0x08002a0d   Thumb Code    54  stm32f10x_tim.o(.text)
    TIM_ETRClockMode2Config                  0x08002a43   Thumb Code    32  stm32f10x_tim.o(.text)
    TIM_PrescalerConfig                      0x08002a63   Thumb Code     6  stm32f10x_tim.o(.text)
    TIM_CounterModeConfig                    0x08002a69   Thumb Code    18  stm32f10x_tim.o(.text)
    TIM_EncoderInterfaceConfig               0x08002a7b   Thumb Code    66  stm32f10x_tim.o(.text)
    TIM_ForcedOC1Config                      0x08002abd   Thumb Code    18  stm32f10x_tim.o(.text)
    TIM_ForcedOC2Config                      0x08002acf   Thumb Code    26  stm32f10x_tim.o(.text)
    TIM_ForcedOC3Config                      0x08002ae9   Thumb Code    18  stm32f10x_tim.o(.text)
    TIM_ForcedOC4Config                      0x08002afb   Thumb Code    26  stm32f10x_tim.o(.text)
    TIM_ARRPreloadConfig                     0x08002b15   Thumb Code    24  stm32f10x_tim.o(.text)
    TIM_SelectCOM                            0x08002b2d   Thumb Code    24  stm32f10x_tim.o(.text)
    TIM_SelectCCDMA                          0x08002b45   Thumb Code    24  stm32f10x_tim.o(.text)
    TIM_CCPreloadControl                     0x08002b5d   Thumb Code    24  stm32f10x_tim.o(.text)
    TIM_OC1PreloadConfig                     0x08002b75   Thumb Code    18  stm32f10x_tim.o(.text)
    TIM_OC2PreloadConfig                     0x08002b87   Thumb Code    26  stm32f10x_tim.o(.text)
    TIM_OC3PreloadConfig                     0x08002ba1   Thumb Code    18  stm32f10x_tim.o(.text)
    TIM_OC4PreloadConfig                     0x08002bb3   Thumb Code    26  stm32f10x_tim.o(.text)
    TIM_OC1FastConfig                        0x08002bcd   Thumb Code    18  stm32f10x_tim.o(.text)
    TIM_OC2FastConfig                        0x08002bdf   Thumb Code    26  stm32f10x_tim.o(.text)
    TIM_OC3FastConfig                        0x08002bf9   Thumb Code    18  stm32f10x_tim.o(.text)
    TIM_OC4FastConfig                        0x08002c0b   Thumb Code    26  stm32f10x_tim.o(.text)
    TIM_ClearOC1Ref                          0x08002c25   Thumb Code    18  stm32f10x_tim.o(.text)
    TIM_ClearOC2Ref                          0x08002c37   Thumb Code    24  stm32f10x_tim.o(.text)
    TIM_ClearOC3Ref                          0x08002c4f   Thumb Code    18  stm32f10x_tim.o(.text)
    TIM_ClearOC4Ref                          0x08002c61   Thumb Code    24  stm32f10x_tim.o(.text)
    TIM_OC1PolarityConfig                    0x08002c79   Thumb Code    18  stm32f10x_tim.o(.text)
    TIM_OC1NPolarityConfig                   0x08002c8b   Thumb Code    18  stm32f10x_tim.o(.text)
    TIM_OC2PolarityConfig                    0x08002c9d   Thumb Code    26  stm32f10x_tim.o(.text)
    TIM_OC2NPolarityConfig                   0x08002cb7   Thumb Code    26  stm32f10x_tim.o(.text)
    TIM_OC3PolarityConfig                    0x08002cd1   Thumb Code    26  stm32f10x_tim.o(.text)
    TIM_OC3NPolarityConfig                   0x08002ceb   Thumb Code    26  stm32f10x_tim.o(.text)
    TIM_OC4PolarityConfig                    0x08002d05   Thumb Code    26  stm32f10x_tim.o(.text)
    TIM_CCxCmd                               0x08002d1f   Thumb Code    30  stm32f10x_tim.o(.text)
    TIM_CCxNCmd                              0x08002d3d   Thumb Code    30  stm32f10x_tim.o(.text)
    TIM_SelectOCxM                           0x08002d5b   Thumb Code    82  stm32f10x_tim.o(.text)
    TIM_UpdateDisableConfig                  0x08002dad   Thumb Code    24  stm32f10x_tim.o(.text)
    TIM_UpdateRequestConfig                  0x08002dc5   Thumb Code    24  stm32f10x_tim.o(.text)
    TIM_SelectHallSensor                     0x08002ddd   Thumb Code    24  stm32f10x_tim.o(.text)
    TIM_SelectOnePulseMode                   0x08002df5   Thumb Code    18  stm32f10x_tim.o(.text)
    TIM_SelectOutputTrigger                  0x08002e07   Thumb Code    18  stm32f10x_tim.o(.text)
    TIM_SelectSlaveMode                      0x08002e19   Thumb Code    18  stm32f10x_tim.o(.text)
    TIM_SelectMasterSlaveMode                0x08002e2b   Thumb Code    18  stm32f10x_tim.o(.text)
    TIM_SetCounter                           0x08002e3d   Thumb Code     4  stm32f10x_tim.o(.text)
    TIM_SetAutoreload                        0x08002e41   Thumb Code     4  stm32f10x_tim.o(.text)
    TIM_SetCompare1                          0x08002e45   Thumb Code     4  stm32f10x_tim.o(.text)
    TIM_SetCompare2                          0x08002e49   Thumb Code     4  stm32f10x_tim.o(.text)
    TIM_SetCompare3                          0x08002e4d   Thumb Code     4  stm32f10x_tim.o(.text)
    TIM_SetCompare4                          0x08002e51   Thumb Code     6  stm32f10x_tim.o(.text)
    TIM_SetClockDivision                     0x08002e57   Thumb Code    18  stm32f10x_tim.o(.text)
    TIM_GetCapture1                          0x08002e69   Thumb Code     6  stm32f10x_tim.o(.text)
    TIM_GetCapture2                          0x08002e6f   Thumb Code     6  stm32f10x_tim.o(.text)
    TIM_GetCapture3                          0x08002e75   Thumb Code     6  stm32f10x_tim.o(.text)
    TIM_GetCapture4                          0x08002e7b   Thumb Code     8  stm32f10x_tim.o(.text)
    TIM_GetCounter                           0x08002e83   Thumb Code     6  stm32f10x_tim.o(.text)
    TIM_GetPrescaler                         0x08002e89   Thumb Code     6  stm32f10x_tim.o(.text)
    TIM_GetFlagStatus                        0x08002e8f   Thumb Code    18  stm32f10x_tim.o(.text)
    TIM_ClearFlag                            0x08002ea1   Thumb Code     6  stm32f10x_tim.o(.text)
    TIM_GetITStatus                          0x08002ea7   Thumb Code    34  stm32f10x_tim.o(.text)
    TIM_ClearITPendingBit                    0x08002ec9   Thumb Code     6  stm32f10x_tim.o(.text)
    __use_no_semihosting                     0x08002ecf   Thumb Code     2  use_no_semi_2.o(.text)
    __c89vsnprintf                           0x08002ed1   Thumb Code    48  c89vsnprintf.o(.text)
    __2printf                                0x08002f05   Thumb Code    20  __2printf.o(.text)
    _printf_pre_padding                      0x08002f1d   Thumb Code    44  _printf_pad.o(.text)
    _printf_post_padding                     0x08002f49   Thumb Code    34  _printf_pad.o(.text)
    _printf_truncate_signed                  0x08002f6b   Thumb Code    18  _printf_truncate.o(.text)
    _printf_truncate_unsigned                0x08002f7d   Thumb Code    18  _printf_truncate.o(.text)
    _printf_str                              0x08002f8f   Thumb Code    82  _printf_str.o(.text)
    _printf_int_dec                          0x08002fe1   Thumb Code   104  _printf_dec.o(.text)
    _printf_wctomb                           0x08003059   Thumb Code   182  _printf_wctomb.o(.text)
    _printf_longlong_oct                     0x08003115   Thumb Code    68  _printf_oct_int_ll.o(.text)
    _printf_int_oct                          0x08003159   Thumb Code    24  _printf_oct_int_ll.o(.text)
    _printf_ll_oct                           0x08003171   Thumb Code    12  _printf_oct_int_ll.o(.text)
    _printf_longlong_hex                     0x08003185   Thumb Code    86  _printf_hex_int_ll_ptr.o(.text)
    _printf_int_hex                          0x080031db   Thumb Code    28  _printf_hex_int_ll_ptr.o(.text)
    _printf_ll_hex                           0x080031f7   Thumb Code    12  _printf_hex_int_ll_ptr.o(.text)
    _printf_hex_ptr                          0x08003203   Thumb Code    18  _printf_hex_int_ll_ptr.o(.text)
    __printf                                 0x08003219   Thumb Code   388  __printf_flags_ss_wp.o(.text)
    atoi                                     0x080033a1   Thumb Code    26  atoi.o(.text)
    strchr                                   0x080033bb   Thumb Code    20  strchr.o(.text)
    strstr                                   0x080033cf   Thumb Code    36  strstr.o(.text)
    __aeabi_memclr                           0x080033f3   Thumb Code     0  rt_memclr.o(.text)
    __rt_memclr                              0x080033f3   Thumb Code    68  rt_memclr.o(.text)
    _memset                                  0x080033f7   Thumb Code     0  rt_memclr.o(.text)
    strncpy                                  0x08003437   Thumb Code    86  strncpy.o(.text)
    __use_two_region_memory                  0x0800348d   Thumb Code     2  heapauxi.o(.text)
    __rt_heap_escrow$2region                 0x0800348f   Thumb Code     2  heapauxi.o(.text)
    __rt_heap_expand$2region                 0x08003491   Thumb Code     2  heapauxi.o(.text)
    __I$use$semihosting                      0x08003493   Thumb Code     0  use_no_semi.o(.text)
    __use_no_semihosting_swi                 0x08003493   Thumb Code     2  use_no_semi.o(.text)
    __aeabi_errno_addr                       0x08003495   Thumb Code     8  rt_errno_addr_intlibspace.o(.text)
    __errno$intlibspace                      0x08003495   Thumb Code     0  rt_errno_addr_intlibspace.o(.text)
    __rt_errno_addr$intlibspace              0x08003495   Thumb Code     0  rt_errno_addr_intlibspace.o(.text)
    __read_errno                             0x0800349d   Thumb Code    10  _rserrno.o(.text)
    __set_errno                              0x080034a7   Thumb Code    12  _rserrno.o(.text)
    _printf_int_common                       0x080034b3   Thumb Code   178  _printf_intcommon.o(.text)
    _printf_charcount                        0x08003565   Thumb Code    40  _printf_charcount.o(.text)
    __lib_sel_fp_printf                      0x0800358d   Thumb Code     2  _printf_fp_dec.o(.text)
    _printf_fp_dec_real                      0x0800373b   Thumb Code   620  _printf_fp_dec.o(.text)
    _printf_char_common                      0x080039b3   Thumb Code    32  _printf_char_common.o(.text)
    _sputc                                   0x080039d9   Thumb Code    10  _sputc.o(.text)
    _snputc                                  0x080039e3   Thumb Code    16  _snputc.o(.text)
    _printf_cs_common                        0x080039f3   Thumb Code    20  _printf_char.o(.text)
    _printf_char                             0x08003a07   Thumb Code    16  _printf_char.o(.text)
    _printf_string                           0x08003a17   Thumb Code     8  _printf_char.o(.text)
    _printf_char_file                        0x08003a21   Thumb Code    32  _printf_char_file.o(.text)
    _printf_lcs_common                       0x08003a45   Thumb Code    20  _printf_wchar.o(.text)
    _printf_wchar                            0x08003a59   Thumb Code    16  _printf_wchar.o(.text)
    _printf_wstring                          0x08003a69   Thumb Code     8  _printf_wchar.o(.text)
    _printf_longlong_dec                     0x08003a71   Thumb Code   108  _printf_longlong_dec.o(.text)
    __strtod_int                             0x08003b29   Thumb Code    88  strtod.o(.text)
    strtol                                   0x08003b8d   Thumb Code   112  strtol.o(.text)
    _wcrtomb                                 0x08003bfd   Thumb Code    64  _wcrtomb.o(.text)
    __aeabi_memclr4                          0x08003c3d   Thumb Code     0  rt_memclr_w.o(.text)
    __aeabi_memclr8                          0x08003c3d   Thumb Code     0  rt_memclr_w.o(.text)
    __rt_memclr_w                            0x08003c3d   Thumb Code    78  rt_memclr_w.o(.text)
    _memset_w                                0x08003c41   Thumb Code     0  rt_memclr_w.o(.text)
    __user_libspace                          0x08003c8d   Thumb Code     8  libspace.o(.text)
    __user_perproc_libspace                  0x08003c8d   Thumb Code     0  libspace.o(.text)
    __user_perthread_libspace                0x08003c8d   Thumb Code     0  libspace.o(.text)
    __rt_ctype_table                         0x08003c95   Thumb Code    16  rt_ctype_table.o(.text)
    __rt_locale                              0x08003ca5   Thumb Code     8  rt_locale_intlibspace.o(.text)
    _ll_udiv10                               0x08003cad   Thumb Code   138  lludiv10.o(.text)
    isspace                                  0x08003d37   Thumb Code    18  isspace.o(.text)
    _printf_fp_infnan                        0x08003d49   Thumb Code   112  _printf_fp_infnan.o(.text)
    _sgetc                                   0x08003dc9   Thumb Code    30  _sgetc.o(.text)
    _sbackspace                              0x08003de7   Thumb Code    34  _sgetc.o(.text)
    _strtoul                                 0x08003e09   Thumb Code   158  _strtoul.o(.text)
    _btod_etento                             0x08003ea9   Thumb Code   216  bigflt0.o(.text)
    ferror                                   0x08003f85   Thumb Code     8  ferror.o(.text)
    __user_setup_stackheap                   0x08003f8d   Thumb Code    74  sys_stackheap_outer.o(.text)
    _chval                                   0x08003fd7   Thumb Code    28  _chval.o(.text)
    _scanf_really_real                       0x080041f1   Thumb Code   668  scanf_fp.o(.text)
    exit                                     0x08004499   Thumb Code    18  exit.o(.text)
    strcmp                                   0x080044ad   Thumb Code   128  strcmpv7m.o(.text)
    _scanf_really_hex_real                   0x0800452d   Thumb Code   786  scanf_hexfp.o(.text)
    _scanf_really_infnan                     0x0800484d   Thumb Code   292  scanf_infnan.o(.text)
    __aeabi_llsl                             0x08004981   Thumb Code     0  llshl.o(.text)
    _ll_shift_l                              0x08004981   Thumb Code    38  llshl.o(.text)
    _btod_d2e                                0x080049a7   Thumb Code    62  btod.o(CL$$btod_d2e)
    _d2e_denorm_low                          0x080049e5   Thumb Code    70  btod.o(CL$$btod_d2e_denorm_low)
    _d2e_norm_op1                            0x08004a2b   Thumb Code    96  btod.o(CL$$btod_d2e_norm_op1)
    __btod_div_common                        0x08004a8b   Thumb Code   696  btod.o(CL$$btod_div_common)
    _e2d                                     0x08004dc5   Thumb Code    80  btod.o(CL$$btod_e2d)
    _e2e                                     0x08004e19   Thumb Code   198  btod.o(CL$$btod_e2e)
    _btod_ediv                               0x08004edf   Thumb Code    40  btod.o(CL$$btod_ediv)
    _btod_edivd                              0x08004f07   Thumb Code    40  btod.o(CL$$btod_edivd)
    _btod_emul                               0x08004f2f   Thumb Code    40  btod.o(CL$$btod_emul)
    _btod_emuld                              0x08004f57   Thumb Code    40  btod.o(CL$$btod_emuld)
    __btod_mult_common                       0x08004f7f   Thumb Code   580  btod.o(CL$$btod_mult_common)
    __ARM_fpclassify                         0x080051c3   Thumb Code    40  fpclassify.o(i.__ARM_fpclassify)
    __mathlib_dbl_overflow                   0x080051eb   Thumb Code    14  dunder.o(i.__mathlib_dbl_overflow)
    __mathlib_dbl_underflow                  0x080051f9   Thumb Code    10  dunder.o(i.__mathlib_dbl_underflow)
    __mathlib_narrow                         0x08005209   Thumb Code    16  narrow.o(i.__mathlib_narrow)
    __mathlib_tofloat                        0x08005219   Thumb Code   132  narrow.o(i.__mathlib_tofloat)
    __support_ldexp                          0x080052a1   Thumb Code    22  ldexp.o(i.__support_ldexp)
    _is_digit                                0x080052b7   Thumb Code    14  __printf_wp.o(i._is_digit)
    atof                                     0x080052c5   Thumb Code    42  atof.o(i.atof)
    frexp                                    0x080052f1   Thumb Code    80  frexp.o(i.frexp)
    ldexp                                    0x08005349   Thumb Code   116  ldexp.o(i.ldexp)
    _get_lc_numeric                          0x080053bd   Thumb Code    44  lc_numeric_c.o(locale$$code)
    _get_lc_ctype                            0x080053e9   Thumb Code    44  lc_ctype_c.o(locale$$code)
    __aeabi_d2f                              0x08005415   Thumb Code     0  d2f.o(x$fpl$d2f)
    _d2f                                     0x08005415   Thumb Code    98  d2f.o(x$fpl$d2f)
    __fpl_dcheck_NaN1                        0x08005479   Thumb Code    10  dcheck1.o(x$fpl$dcheck1)
    __fpl_dcmp_Inf                           0x08005489   Thumb Code    24  dcmpi.o(x$fpl$dcmpinf)
    __aeabi_ddiv                             0x080054a1   Thumb Code     0  ddiv.o(x$fpl$ddiv)
    _ddiv                                    0x080054a1   Thumb Code   552  ddiv.o(x$fpl$ddiv)
    __aeabi_cdcmpeq                          0x08005751   Thumb Code     0  deqf.o(x$fpl$deqf)
    _dcmpeq                                  0x08005751   Thumb Code   120  deqf.o(x$fpl$deqf)
    __aeabi_d2iz                             0x080057c9   Thumb Code     0  dfix.o(x$fpl$dfix)
    _dfix                                    0x080057c9   Thumb Code    94  dfix.o(x$fpl$dfix)
    __aeabi_ui2d                             0x08005827   Thumb Code     0  dflt_clz.o(x$fpl$dfltu)
    _dfltu                                   0x08005827   Thumb Code    38  dflt_clz.o(x$fpl$dfltu)
    __aeabi_cdcmple                          0x0800584d   Thumb Code     0  dleqf.o(x$fpl$dleqf)
    _dcmple                                  0x0800584d   Thumb Code   120  dleqf.o(x$fpl$dleqf)
    __fpl_dcmple_InfNaN                      0x080058af   Thumb Code     0  dleqf.o(x$fpl$dleqf)
    __aeabi_dmul                             0x080058c5   Thumb Code     0  dmul.o(x$fpl$dmul)
    _dmul                                    0x080058c5   Thumb Code   332  dmul.o(x$fpl$dmul)
    __fpl_dnaninf                            0x08005a19   Thumb Code   156  dnaninf.o(x$fpl$dnaninf)
    __fpl_dretinf                            0x08005ab5   Thumb Code    12  dretinf.o(x$fpl$dretinf)
    __aeabi_cdrcmple                         0x08005ac1   Thumb Code     0  drleqf.o(x$fpl$drleqf)
    _drcmple                                 0x08005ac1   Thumb Code   108  drleqf.o(x$fpl$drleqf)
    __aeabi_f2d                              0x08005b2d   Thumb Code     0  f2d.o(x$fpl$f2d)
    _f2d                                     0x08005b2d   Thumb Code    86  f2d.o(x$fpl$f2d)
    __fpl_fcmp_Inf                           0x08005b83   Thumb Code    24  fcmpi.o(x$fpl$fcmpinf)
    __aeabi_f2uiz                            0x08005b9d   Thumb Code     0  ffixu.o(x$fpl$ffixu)
    _ffixu                                   0x08005b9d   Thumb Code    62  ffixu.o(x$fpl$ffixu)
    __aeabi_i2f                              0x08005bdd   Thumb Code     0  fflt_clz.o(x$fpl$fflt)
    _fflt                                    0x08005bdd   Thumb Code    48  fflt_clz.o(x$fpl$fflt)
    __aeabi_ui2f                             0x08005c0d   Thumb Code     0  fflt_clz.o(x$fpl$ffltu)
    _ffltu                                   0x08005c0d   Thumb Code    38  fflt_clz.o(x$fpl$ffltu)
    __aeabi_cfcmple                          0x08005c35   Thumb Code     0  fleqf.o(x$fpl$fleqf)
    _fcmple                                  0x08005c35   Thumb Code   104  fleqf.o(x$fpl$fleqf)
    __fpl_fcmple_InfNaN                      0x08005c87   Thumb Code     0  fleqf.o(x$fpl$fleqf)
    __fpl_fnaninf                            0x08005c9d   Thumb Code   140  fnaninf.o(x$fpl$fnaninf)
    __fpl_fretinf                            0x08005d29   Thumb Code    10  fretinf.o(x$fpl$fretinf)
    __aeabi_cfrcmple                         0x08005d33   Thumb Code     0  frleqf.o(x$fpl$frleqf)
    _frcmple                                 0x08005d33   Thumb Code    98  frleqf.o(x$fpl$frleqf)
    _printf_fp_dec                           0x08005d95   Thumb Code     4  printf1.o(x$fpl$printf1)
    __fpl_return_NaN                         0x08005d99   Thumb Code   100  retnan.o(x$fpl$retnan)
    __ARM_scalbn                             0x08005dfd   Thumb Code    92  scalbn.o(x$fpl$scalbn)
    _scanf_real                              0x08005e59   Thumb Code     4  scanf1.o(x$fpl$scanf1)
    _scanf_hex_real                          0x08005e5d   Thumb Code     4  scanf2.o(x$fpl$scanf2)
    _scanf_infnan                            0x08005e61   Thumb Code     4  scanf2.o(x$fpl$scanf2)
    __fpl_cmpreturn                          0x08005e65   Thumb Code    48  trapv.o(x$fpl$trapveneer)
    __I$use$fp                               0x08005e94   Number         0  usenofp.o(x$fpl$usenofp)
    Region$$Table$$Base                      0x08005f84   Number         0  anon$$obj.o(Region$$Table)
    Region$$Table$$Limit                     0x08005fa4   Number         0  anon$$obj.o(Region$$Table)
    __aeabi_HUGE_VAL                         0x08005fa4   Data           0  fpconst.o(c$$dinf)
    __aeabi_HUGE_VALL                        0x08005fa4   Data           0  fpconst.o(c$$dinf)
    __aeabi_INFINITY                         0x08005fa4   Data           0  fpconst.o(c$$dinf)
    __dInf                                   0x08005fa4   Data           0  fpconst.o(c$$dinf)
    __huge_val                               0x08005fa4   Data           0  fpconst.o(c$$dinf)
    __ctype                                  0x08005fd5   Data           0  lc_ctype_c.o(locale$$data)
    m_Lux                                    0x20000000   Data           4  main.o(.data)
    data                                     0x20000004   Data           4  main.o(.data)
    data_eerup                               0x20000008   Data           4  main.o(.data)
    SystemCoreClock                          0x2000000c   Data           4  system_stm32f10x.o(.data)
    AHBPrescTable                            0x20000010   Data          16  system_stm32f10x.o(.data)
    Timeout                                  0x20000020   Data           1  timer.o(.data)
    restflag                                 0x20000021   Data           1  timer.o(.data)
    num1                                     0x20000022   Data           2  at.o(.data)
    num2                                     0x20000024   Data           2  at.o(.data)
    num3                                     0x20000026   Data           2  at.o(.data)
    uart1_getok                              0x2000002c   Data           1  usart.o(.data)
    __stdout                                 0x20000030   Data           4  usart.o(.data)
    RxCounter                                0x20000034   Data           1  usart.o(.data)
    RxCounter1                               0x20000035   Data           1  usart.o(.data)
    USART_RX_STA                             0x20000036   Data           2  usart.o(.data)
    uartRxFifo                               0x2000004c   Data          40  at.o(.bss)
    RxBuffer                                 0x20000074   Data         100  usart.o(.bss)
    RxBuffer1                                0x200000d8   Data         100  usart.o(.bss)
    USART_RX_BUF                             0x2000013c   Data         200  usart.o(.bss)
    __libspace_start                         0x20000204   Data          96  libspace.o(.bss)
    __temporary_stack_top$libspace           0x20000264   Data           0  libspace.o(.bss)



==============================================================================

Memory Map of the image

  Image Entry point : 0x08000131

  Load Region LR_IROM1 (Base: 0x08000000, Size: 0x00006124, Max: 0x00040000, ABSOLUTE)

    Execution Region ER_IROM1 (Base: 0x08000000, Size: 0x000060d8, Max: 0x00040000, ABSOLUTE)

    Base Addr    Size         Type   Attr      Idx    E Section Name        Object

    0x08000000   0x00000130   Data   RO          412    RESET               startup_stm32f10x_hd.o
    0x08000130   0x00000008   Code   RO          593  * !!!main             c_w.l(__main.o)
    0x08000138   0x00000034   Code   RO          988    !!!scatter          c_w.l(__scatter.o)
    0x0800016c   0x0000001a   Code   RO          990    !!handler_copy      c_w.l(__scatter_copy.o)
    0x08000186   0x00000002   PAD
    0x08000188   0x0000001c   Code   RO          992    !!handler_zi        c_w.l(__scatter_zi.o)
    0x080001a4   0x00000000   Code   RO          573    .ARM.Collect$$_printf_percent$$00000000  c_w.l(_printf_percent.o)
    0x080001a4   0x00000006   Code   RO          663    .ARM.Collect$$_printf_percent$$00000001  c_w.l(_printf_n.o)
    0x080001aa   0x00000006   Code   RO          664    .ARM.Collect$$_printf_percent$$00000002  c_w.l(_printf_p.o)
    0x080001b0   0x00000006   Code   RO          572    .ARM.Collect$$_printf_percent$$00000003  c_w.l(_printf_f.o)
    0x080001b6   0x00000006   Code   RO          665    .ARM.Collect$$_printf_percent$$00000004  c_w.l(_printf_e.o)
    0x080001bc   0x00000006   Code   RO          666    .ARM.Collect$$_printf_percent$$00000005  c_w.l(_printf_g.o)
    0x080001c2   0x00000006   Code   RO          667    .ARM.Collect$$_printf_percent$$00000006  c_w.l(_printf_a.o)
    0x080001c8   0x0000000a   Code   RO          672    .ARM.Collect$$_printf_percent$$00000007  c_w.l(_printf_ll.o)
    0x080001d2   0x00000006   Code   RO          569    .ARM.Collect$$_printf_percent$$00000008  c_w.l(_printf_i.o)
    0x080001d8   0x00000006   Code   RO          570    .ARM.Collect$$_printf_percent$$00000009  c_w.l(_printf_d.o)
    0x080001de   0x00000006   Code   RO          571    .ARM.Collect$$_printf_percent$$0000000A  c_w.l(_printf_u.o)
    0x080001e4   0x00000006   Code   RO          568    .ARM.Collect$$_printf_percent$$0000000B  c_w.l(_printf_o.o)
    0x080001ea   0x00000006   Code   RO          567    .ARM.Collect$$_printf_percent$$0000000C  c_w.l(_printf_x.o)
    0x080001f0   0x00000006   Code   RO          669    .ARM.Collect$$_printf_percent$$0000000D  c_w.l(_printf_lli.o)
    0x080001f6   0x00000006   Code   RO          670    .ARM.Collect$$_printf_percent$$0000000E  c_w.l(_printf_lld.o)
    0x080001fc   0x00000006   Code   RO          671    .ARM.Collect$$_printf_percent$$0000000F  c_w.l(_printf_llu.o)
    0x08000202   0x00000006   Code   RO          675    .ARM.Collect$$_printf_percent$$00000010  c_w.l(_printf_llo.o)
    0x08000208   0x00000006   Code   RO          676    .ARM.Collect$$_printf_percent$$00000011  c_w.l(_printf_llx.o)
    0x0800020e   0x0000000a   Code   RO          673    .ARM.Collect$$_printf_percent$$00000012  c_w.l(_printf_l.o)
    0x08000218   0x00000006   Code   RO          565    .ARM.Collect$$_printf_percent$$00000013  c_w.l(_printf_c.o)
    0x0800021e   0x00000006   Code   RO          566    .ARM.Collect$$_printf_percent$$00000014  c_w.l(_printf_s.o)
    0x08000224   0x00000006   Code   RO          574    .ARM.Collect$$_printf_percent$$00000015  c_w.l(_printf_lc.o)
    0x0800022a   0x00000006   Code   RO          674    .ARM.Collect$$_printf_percent$$00000016  c_w.l(_printf_ls.o)
    0x08000230   0x00000004   Code   RO          668    .ARM.Collect$$_printf_percent$$00000017  c_w.l(_printf_percent_end.o)
    0x08000234   0x00000002   Code   RO          791    .ARM.Collect$$libinit$$00000000  c_w.l(libinit.o)
    0x08000236   0x00000000   Code   RO          793    .ARM.Collect$$libinit$$00000002  c_w.l(libinit2.o)
    0x08000236   0x00000000   Code   RO          795    .ARM.Collect$$libinit$$00000004  c_w.l(libinit2.o)
    0x08000236   0x00000000   Code   RO          798    .ARM.Collect$$libinit$$0000000A  c_w.l(libinit2.o)
    0x08000236   0x00000000   Code   RO          800    .ARM.Collect$$libinit$$0000000C  c_w.l(libinit2.o)
    0x08000236   0x00000000   Code   RO          802    .ARM.Collect$$libinit$$0000000E  c_w.l(libinit2.o)
    0x08000236   0x00000006   Code   RO          803    .ARM.Collect$$libinit$$0000000F  c_w.l(libinit2.o)
    0x0800023c   0x00000000   Code   RO          805    .ARM.Collect$$libinit$$00000011  c_w.l(libinit2.o)
    0x0800023c   0x0000000c   Code   RO          806    .ARM.Collect$$libinit$$00000012  c_w.l(libinit2.o)
    0x08000248   0x00000000   Code   RO          807    .ARM.Collect$$libinit$$00000013  c_w.l(libinit2.o)
    0x08000248   0x00000000   Code   RO          809    .ARM.Collect$$libinit$$00000015  c_w.l(libinit2.o)
    0x08000248   0x0000000a   Code   RO          810    .ARM.Collect$$libinit$$00000016  c_w.l(libinit2.o)
    0x08000252   0x00000000   Code   RO          811    .ARM.Collect$$libinit$$00000017  c_w.l(libinit2.o)
    0x08000252   0x00000000   Code   RO          813    .ARM.Collect$$libinit$$00000019  c_w.l(libinit2.o)
    0x08000252   0x00000000   Code   RO          815    .ARM.Collect$$libinit$$0000001B  c_w.l(libinit2.o)
    0x08000252   0x00000000   Code   RO          817    .ARM.Collect$$libinit$$0000001D  c_w.l(libinit2.o)
    0x08000252   0x00000000   Code   RO          819    .ARM.Collect$$libinit$$0000001F  c_w.l(libinit2.o)
    0x08000252   0x00000000   Code   RO          821    .ARM.Collect$$libinit$$00000021  c_w.l(libinit2.o)
    0x08000252   0x00000000   Code   RO          823    .ARM.Collect$$libinit$$00000023  c_w.l(libinit2.o)
    0x08000252   0x00000000   Code   RO          825    .ARM.Collect$$libinit$$00000025  c_w.l(libinit2.o)
    0x08000252   0x00000000   Code   RO          829    .ARM.Collect$$libinit$$0000002C  c_w.l(libinit2.o)
    0x08000252   0x00000000   Code   RO          831    .ARM.Collect$$libinit$$0000002E  c_w.l(libinit2.o)
    0x08000252   0x00000000   Code   RO          833    .ARM.Collect$$libinit$$00000030  c_w.l(libinit2.o)
    0x08000252   0x00000000   Code   RO          835    .ARM.Collect$$libinit$$00000032  c_w.l(libinit2.o)
    0x08000252   0x00000002   Code   RO          836    .ARM.Collect$$libinit$$00000033  c_w.l(libinit2.o)
    0x08000254   0x00000002   Code   RO          893    .ARM.Collect$$libshutdown$$00000000  c_w.l(libshutdown.o)
    0x08000256   0x00000000   Code   RO          920    .ARM.Collect$$libshutdown$$00000002  c_w.l(libshutdown2.o)
    0x08000256   0x00000000   Code   RO          922    .ARM.Collect$$libshutdown$$00000004  c_w.l(libshutdown2.o)
    0x08000256   0x00000000   Code   RO          925    .ARM.Collect$$libshutdown$$00000007  c_w.l(libshutdown2.o)
    0x08000256   0x00000000   Code   RO          928    .ARM.Collect$$libshutdown$$0000000A  c_w.l(libshutdown2.o)
    0x08000256   0x00000000   Code   RO          930    .ARM.Collect$$libshutdown$$0000000C  c_w.l(libshutdown2.o)
    0x08000256   0x00000000   Code   RO          933    .ARM.Collect$$libshutdown$$0000000F  c_w.l(libshutdown2.o)
    0x08000256   0x00000002   Code   RO          934    .ARM.Collect$$libshutdown$$00000010  c_w.l(libshutdown2.o)
    0x08000258   0x00000000   Code   RO          635    .ARM.Collect$$rtentry$$00000000  c_w.l(__rtentry.o)
    0x08000258   0x00000000   Code   RO          700    .ARM.Collect$$rtentry$$00000002  c_w.l(__rtentry2.o)
    0x08000258   0x00000006   Code   RO          712    .ARM.Collect$$rtentry$$00000004  c_w.l(__rtentry4.o)
    0x0800025e   0x00000000   Code   RO          702    .ARM.Collect$$rtentry$$00000009  c_w.l(__rtentry2.o)
    0x0800025e   0x00000004   Code   RO          703    .ARM.Collect$$rtentry$$0000000A  c_w.l(__rtentry2.o)
    0x08000262   0x00000000   Code   RO          705    .ARM.Collect$$rtentry$$0000000C  c_w.l(__rtentry2.o)
    0x08000262   0x00000008   Code   RO          706    .ARM.Collect$$rtentry$$0000000D  c_w.l(__rtentry2.o)
    0x0800026a   0x00000002   Code   RO          837    .ARM.Collect$$rtexit$$00000000  c_w.l(rtexit.o)
    0x0800026c   0x00000000   Code   RO          859    .ARM.Collect$$rtexit$$00000002  c_w.l(rtexit2.o)
    0x0800026c   0x00000004   Code   RO          860    .ARM.Collect$$rtexit$$00000003  c_w.l(rtexit2.o)
    0x08000270   0x00000006   Code   RO          861    .ARM.Collect$$rtexit$$00000004  c_w.l(rtexit2.o)
    0x08000276   0x00000002   PAD
    0x08000278   0x00000184   Code   RO            1    .text               main.o
    0x080003fc   0x0000001a   Code   RO          151    .text               stm32f10x_it.o
    0x08000416   0x00000002   PAD
    0x08000418   0x000001e0   Code   RO          192    .text               system_stm32f10x.o
    0x080005f8   0x000003b4   Code   RO          225    .text               light.o
    0x080009ac   0x0000002c   Code   RO          270    .text               wdg.o
    0x080009d8   0x00000114   Code   RO          282    .text               timer.o
    0x08000aec   0x00000124   Code   RO          298    .text               pwm.o
    0x08000c10   0x0000011c   Code   RO          310    .text               motor.o
    0x08000d2c   0x000001f0   Code   RO          322    .text               at.o
    0x08000f1c   0x000000d4   Code   RO          342    .text               delay.o
    0x08000ff0   0x00000018   Code   RO          357    .text               sys.o
    0x08001008   0x00000448   Code   RO          373    .text               usart.o
    0x08001450   0x00000040   Code   RO          413    .text               startup_stm32f10x_hd.o
    0x08001490   0x0000035c   Code   RO          417    .text               stm32f10x_gpio.o
    0x080017ec   0x000003a4   Code   RO          429    .text               stm32f10x_rcc.o
    0x08001b90   0x00000408   Code   RO          443    .text               stm32f10x_usart.o
    0x08001f98   0x000000dc   Code   RO          455    .text               misc.o
    0x08002074   0x00000040   Code   RO          467    .text               stm32f10x_iwdg.o
    0x080020b4   0x00000e1a   Code   RO          479    .text               stm32f10x_tim.o
    0x08002ece   0x00000002   Code   RO          493    .text               c_w.l(use_no_semi_2.o)
    0x08002ed0   0x00000034   Code   RO          495    .text               c_w.l(c89vsnprintf.o)
    0x08002f04   0x00000018   Code   RO          497    .text               c_w.l(__2printf.o)
    0x08002f1c   0x0000004e   Code   RO          507    .text               c_w.l(_printf_pad.o)
    0x08002f6a   0x00000024   Code   RO          509    .text               c_w.l(_printf_truncate.o)
    0x08002f8e   0x00000052   Code   RO          511    .text               c_w.l(_printf_str.o)
    0x08002fe0   0x00000078   Code   RO          513    .text               c_w.l(_printf_dec.o)
    0x08003058   0x000000bc   Code   RO          515    .text               c_w.l(_printf_wctomb.o)
    0x08003114   0x00000070   Code   RO          522    .text               c_w.l(_printf_oct_int_ll.o)
    0x08003184   0x00000094   Code   RO          542    .text               c_w.l(_printf_hex_int_ll_ptr.o)
    0x08003218   0x00000188   Code   RO          562    .text               c_w.l(__printf_flags_ss_wp.o)
    0x080033a0   0x0000001a   Code   RO          575    .text               c_w.l(atoi.o)
    0x080033ba   0x00000014   Code   RO          577    .text               c_w.l(strchr.o)
    0x080033ce   0x00000024   Code   RO          579    .text               c_w.l(strstr.o)
    0x080033f2   0x00000044   Code   RO          587    .text               c_w.l(rt_memclr.o)
    0x08003436   0x00000056   Code   RO          589    .text               c_w.l(strncpy.o)
    0x0800348c   0x00000006   Code   RO          591    .text               c_w.l(heapauxi.o)
    0x08003492   0x00000002   Code   RO          633    .text               c_w.l(use_no_semi.o)
    0x08003494   0x00000008   Code   RO          639    .text               c_w.l(rt_errno_addr_intlibspace.o)
    0x0800349c   0x00000016   Code   RO          641    .text               c_w.l(_rserrno.o)
    0x080034b2   0x000000b2   Code   RO          643    .text               c_w.l(_printf_intcommon.o)
    0x08003564   0x00000028   Code   RO          645    .text               c_w.l(_printf_charcount.o)
    0x0800358c   0x0000041a   Code   RO          647    .text               c_w.l(_printf_fp_dec.o)
    0x080039a6   0x00000002   PAD
    0x080039a8   0x00000030   Code   RO          649    .text               c_w.l(_printf_char_common.o)
    0x080039d8   0x0000000a   Code   RO          651    .text               c_w.l(_sputc.o)
    0x080039e2   0x00000010   Code   RO          653    .text               c_w.l(_snputc.o)
    0x080039f2   0x0000002c   Code   RO          655    .text               c_w.l(_printf_char.o)
    0x08003a1e   0x00000002   PAD
    0x08003a20   0x00000024   Code   RO          657    .text               c_w.l(_printf_char_file.o)
    0x08003a44   0x0000002c   Code   RO          659    .text               c_w.l(_printf_wchar.o)
    0x08003a70   0x0000007c   Code   RO          661    .text               c_w.l(_printf_longlong_dec.o)
    0x08003aec   0x000000a0   Code   RO          677    .text               c_w.l(strtod.o)
    0x08003b8c   0x00000070   Code   RO          679    .text               c_w.l(strtol.o)
    0x08003bfc   0x00000040   Code   RO          681    .text               c_w.l(_wcrtomb.o)
    0x08003c3c   0x0000004e   Code   RO          683    .text               c_w.l(rt_memclr_w.o)
    0x08003c8a   0x00000002   PAD
    0x08003c8c   0x00000008   Code   RO          696    .text               c_w.l(libspace.o)
    0x08003c94   0x00000010   Code   RO          714    .text               c_w.l(rt_ctype_table.o)
    0x08003ca4   0x00000008   Code   RO          719    .text               c_w.l(rt_locale_intlibspace.o)
    0x08003cac   0x0000008a   Code   RO          721    .text               c_w.l(lludiv10.o)
    0x08003d36   0x00000012   Code   RO          723    .text               c_w.l(isspace.o)
    0x08003d48   0x00000080   Code   RO          725    .text               c_w.l(_printf_fp_infnan.o)
    0x08003dc8   0x00000040   Code   RO          729    .text               c_w.l(_sgetc.o)
    0x08003e08   0x0000009e   Code   RO          731    .text               c_w.l(_strtoul.o)
    0x08003ea6   0x00000002   PAD
    0x08003ea8   0x000000dc   Code   RO          733    .text               c_w.l(bigflt0.o)
    0x08003f84   0x00000008   Code   RO          758    .text               c_w.l(ferror.o)
    0x08003f8c   0x0000004a   Code   RO          773    .text               c_w.l(sys_stackheap_outer.o)
    0x08003fd6   0x0000001c   Code   RO          775    .text               c_w.l(_chval.o)
    0x08003ff2   0x00000002   PAD
    0x08003ff4   0x000004a4   Code   RO          777    .text               c_w.l(scanf_fp.o)
    0x08004498   0x00000012   Code   RO          782    .text               c_w.l(exit.o)
    0x080044aa   0x00000002   PAD
    0x080044ac   0x00000080   Code   RO          784    .text               c_w.l(strcmpv7m.o)
    0x0800452c   0x00000320   Code   RO          865    .text               c_w.l(scanf_hexfp.o)
    0x0800484c   0x00000134   Code   RO          867    .text               c_w.l(scanf_infnan.o)
    0x08004980   0x00000026   Code   RO          885    .text               c_w.l(llshl.o)
    0x080049a6   0x0000003e   Code   RO          736    CL$$btod_d2e        c_w.l(btod.o)
    0x080049e4   0x00000046   Code   RO          738    CL$$btod_d2e_denorm_low  c_w.l(btod.o)
    0x08004a2a   0x00000060   Code   RO          737    CL$$btod_d2e_norm_op1  c_w.l(btod.o)
    0x08004a8a   0x00000338   Code   RO          746    CL$$btod_div_common  c_w.l(btod.o)
    0x08004dc2   0x00000002   PAD
    0x08004dc4   0x00000054   Code   RO          744    CL$$btod_e2d        c_w.l(btod.o)
    0x08004e18   0x000000c6   Code   RO          743    CL$$btod_e2e        c_w.l(btod.o)
    0x08004ede   0x00000028   Code   RO          740    CL$$btod_ediv       c_w.l(btod.o)
    0x08004f06   0x00000028   Code   RO          742    CL$$btod_edivd      c_w.l(btod.o)
    0x08004f2e   0x00000028   Code   RO          739    CL$$btod_emul       c_w.l(btod.o)
    0x08004f56   0x00000028   Code   RO          741    CL$$btod_emuld      c_w.l(btod.o)
    0x08004f7e   0x00000244   Code   RO          745    CL$$btod_mult_common  c_w.l(btod.o)
    0x080051c2   0x00000028   Code   RO          771    i.__ARM_fpclassify  m_ws.l(fpclassify.o)
    0x080051ea   0x0000000e   Code   RO          941    i.__mathlib_dbl_overflow  m_ws.l(dunder.o)
    0x080051f8   0x00000010   Code   RO          943    i.__mathlib_dbl_underflow  m_ws.l(dunder.o)
    0x08005208   0x00000010   Code   RO          852    i.__mathlib_narrow  m_ws.l(narrow.o)
    0x08005218   0x00000088   Code   RO          853    i.__mathlib_tofloat  m_ws.l(narrow.o)
    0x080052a0   0x00000016   Code   RO          901    i.__support_ldexp   m_ws.l(ldexp.o)
    0x080052b6   0x0000000e   Code   RO          555    i._is_digit         c_w.l(__printf_wp.o)
    0x080052c4   0x0000002a   Code   RO          630    i.atof              m_ws.l(atof.o)
    0x080052ee   0x00000002   PAD
    0x080052f0   0x00000058   Code   RO          878    i.frexp             m_ws.l(frexp.o)
    0x08005348   0x00000074   Code   RO          902    i.ldexp             m_ws.l(ldexp.o)
    0x080053bc   0x0000002c   Code   RO          763    locale$$code        c_w.l(lc_numeric_c.o)
    0x080053e8   0x0000002c   Code   RO          780    locale$$code        c_w.l(lc_ctype_c.o)
    0x08005414   0x00000062   Code   RO          595    x$fpl$d2f           fz_ws.l(d2f.o)
    0x08005476   0x00000002   PAD
    0x08005478   0x00000010   Code   RO          935    x$fpl$dcheck1       fz_ws.l(dcheck1.o)
    0x08005488   0x00000018   Code   RO          894    x$fpl$dcmpinf       fz_ws.l(dcmpi.o)
    0x080054a0   0x000002b0   Code   RO          598    x$fpl$ddiv          fz_ws.l(ddiv.o)
    0x08005750   0x00000078   Code   RO          873    x$fpl$deqf          fz_ws.l(deqf.o)
    0x080057c8   0x0000005e   Code   RO          601    x$fpl$dfix          fz_ws.l(dfix.o)
    0x08005826   0x00000026   Code   RO          605    x$fpl$dfltu         fz_ws.l(dflt_clz.o)
    0x0800584c   0x00000078   Code   RO          896    x$fpl$dleqf         fz_ws.l(dleqf.o)
    0x080058c4   0x00000154   Code   RO          611    x$fpl$dmul          fz_ws.l(dmul.o)
    0x08005a18   0x0000009c   Code   RO          685    x$fpl$dnaninf       fz_ws.l(dnaninf.o)
    0x08005ab4   0x0000000c   Code   RO          687    x$fpl$dretinf       fz_ws.l(dretinf.o)
    0x08005ac0   0x0000006c   Code   RO          875    x$fpl$drleqf        fz_ws.l(drleqf.o)
    0x08005b2c   0x00000056   Code   RO          613    x$fpl$f2d           fz_ws.l(f2d.o)
    0x08005b82   0x00000018   Code   RO          765    x$fpl$fcmpinf       fz_ws.l(fcmpi.o)
    0x08005b9a   0x00000002   PAD
    0x08005b9c   0x0000003e   Code   RO          615    x$fpl$ffixu         fz_ws.l(ffixu.o)
    0x08005bda   0x00000002   PAD
    0x08005bdc   0x00000030   Code   RO          620    x$fpl$fflt          fz_ws.l(fflt_clz.o)
    0x08005c0c   0x00000026   Code   RO          619    x$fpl$ffltu         fz_ws.l(fflt_clz.o)
    0x08005c32   0x00000002   PAD
    0x08005c34   0x00000068   Code   RO          689    x$fpl$fleqf         fz_ws.l(fleqf.o)
    0x08005c9c   0x0000008c   Code   RO          691    x$fpl$fnaninf       fz_ws.l(fnaninf.o)
    0x08005d28   0x0000000a   Code   RO          693    x$fpl$fretinf       fz_ws.l(fretinf.o)
    0x08005d32   0x00000062   Code   RO          625    x$fpl$frleqf        fz_ws.l(frleqf.o)
    0x08005d94   0x00000004   Code   RO          627    x$fpl$printf1       fz_ws.l(printf1.o)
    0x08005d98   0x00000064   Code   RO          962    x$fpl$retnan        fz_ws.l(retnan.o)
    0x08005dfc   0x0000005c   Code   RO          898    x$fpl$scalbn        fz_ws.l(scalbn.o)
    0x08005e58   0x00000004   Code   RO          769    x$fpl$scanf1        fz_ws.l(scanf1.o)
    0x08005e5c   0x00000008   Code   RO          846    x$fpl$scanf2        fz_ws.l(scanf2.o)
    0x08005e64   0x00000030   Code   RO          968    x$fpl$trapveneer    fz_ws.l(trapv.o)
    0x08005e94   0x00000000   Code   RO          695    x$fpl$usenofp       fz_ws.l(usenofp.o)
    0x08005e94   0x00000018   Data   RO          324    .constdata          at.o
    0x08005eac   0x00000008   Data   RO          516    .constdata          c_w.l(_printf_wctomb.o)
    0x08005eb4   0x00000028   Data   RO          543    .constdata          c_w.l(_printf_hex_int_ll_ptr.o)
    0x08005edc   0x00000011   Data   RO          563    .constdata          c_w.l(__printf_flags_ss_wp.o)
    0x08005eed   0x00000003   PAD
    0x08005ef0   0x00000094   Data   RO          734    .constdata          c_w.l(bigflt0.o)
    0x08005f84   0x00000020   Data   RO          986    Region$$Table       anon$$obj.o
    0x08005fa4   0x00000008   Data   RO          841    c$$dinf             fz_ws.l(fpconst.o)
    0x08005fac   0x0000001c   Data   RO          762    locale$$data        c_w.l(lc_numeric_c.o)
    0x08005fc8   0x00000110   Data   RO          779    locale$$data        c_w.l(lc_ctype_c.o)


    Execution Region RW_IRAM1 (Base: 0x20000000, Size: 0x00000868, Max: 0x0000c000, ABSOLUTE)

    Base Addr    Size         Type   Attr      Idx    E Section Name        Object

    0x20000000   0x0000000c   Data   RW            2    .data               main.o
    0x2000000c   0x00000014   Data   RW          193    .data               system_stm32f10x.o
    0x20000020   0x00000002   Data   RW          283    .data               timer.o
    0x20000022   0x00000006   Data   RW          325    .data               at.o
    0x20000028   0x00000004   Data   RW          343    .data               delay.o
    0x2000002c   0x0000000c   Data   RW          375    .data               usart.o
    0x20000038   0x00000014   Data   RW          430    .data               stm32f10x_rcc.o
    0x2000004c   0x00000028   Zero   RW          323    .bss                at.o
    0x20000074   0x00000190   Zero   RW          374    .bss                usart.o
    0x20000204   0x00000060   Zero   RW          697    .bss                c_w.l(libspace.o)
    0x20000264   0x00000004   PAD
    0x20000268   0x00000200   Zero   RW          411    HEAP                startup_stm32f10x_hd.o
    0x20000468   0x00000400   Zero   RW          410    STACK               startup_stm32f10x_hd.o


==============================================================================

Image component sizes


      Code (inc. data)   RO Data    RW Data    ZI Data      Debug   Object Name

       496         32         24          6         40       2374   at.o
       212         18          0          4          0        983   delay.o
       948         16          0          0          0       3203   light.o
       388         82          0         12          0     253435   main.o
       220         22          0          0          0       1741   misc.o
       284          8          0          0          0       1260   motor.o
       292         20          0          0          0       1118   pwm.o
        64         26        304          0       1536        768   startup_stm32f10x_hd.o
       860         38          0          0          0       5673   stm32f10x_gpio.o
        26          0          0          0          0       1150   stm32f10x_it.o
        64          6          0          0          0       1249   stm32f10x_iwdg.o
       932         36          0         20          0       8824   stm32f10x_rcc.o
      3610         88          0          0          0      22784   stm32f10x_tim.o
      1032         22          0          0          0       8400   stm32f10x_usart.o
        24          0          0          0          0        770   sys.o
       480         38          0         20          0       1647   system_stm32f10x.o
       276         18          0          2          0       1477   timer.o
      1096         52          0         12        400       6514   usart.o
        44          0          0          0          0        630   wdg.o

    ----------------------------------------------------------------------
     11350        522        360         76       1976     324000   Object Totals
         0          0         32          0          0          0   (incl. Generated)
         2          0          0          0          0          0   (incl. Padding)

    ----------------------------------------------------------------------

      Code (inc. data)   RO Data    RW Data    ZI Data      Debug   Library Member Name

        24          4          0          0          0         84   __2printf.o
         8          0          0          0          0         68   __main.o
       392          4         17          0          0         92   __printf_flags_ss_wp.o
        14          0          0          0          0         68   __printf_wp.o
         0          0          0          0          0          0   __rtentry.o
        12          0          0          0          0          0   __rtentry2.o
         6          0          0          0          0          0   __rtentry4.o
        52          8          0          0          0          0   __scatter.o
        26          0          0          0          0          0   __scatter_copy.o
        28          0          0          0          0          0   __scatter_zi.o
        28          0          0          0          0         68   _chval.o
         6          0          0          0          0          0   _printf_a.o
         6          0          0          0          0          0   _printf_c.o
        44          0          0          0          0        108   _printf_char.o
        48          6          0          0          0         96   _printf_char_common.o
        36          4          0          0          0         80   _printf_char_file.o
        40          0          0          0          0         68   _printf_charcount.o
         6          0          0          0          0          0   _printf_d.o
       120         16          0          0          0         92   _printf_dec.o
         6          0          0          0          0          0   _printf_e.o
         6          0          0          0          0          0   _printf_f.o
      1050          0          0          0          0        216   _printf_fp_dec.o
       128         16          0          0          0         84   _printf_fp_infnan.o
         6          0          0          0          0          0   _printf_g.o
       148          4         40          0          0        160   _printf_hex_int_ll_ptr.o
         6          0          0          0          0          0   _printf_i.o
       178          0          0          0          0         88   _printf_intcommon.o
        10          0          0          0          0          0   _printf_l.o
         6          0          0          0          0          0   _printf_lc.o
        10          0          0          0          0          0   _printf_ll.o
         6          0          0          0          0          0   _printf_lld.o
         6          0          0          0          0          0   _printf_lli.o
         6          0          0          0          0          0   _printf_llo.o
         6          0          0          0          0          0   _printf_llu.o
         6          0          0          0          0          0   _printf_llx.o
       124         16          0          0          0         92   _printf_longlong_dec.o
         6          0          0          0          0          0   _printf_ls.o
         6          0          0          0          0          0   _printf_n.o
         6          0          0          0          0          0   _printf_o.o
       112          8          0          0          0        124   _printf_oct_int_ll.o
         6          0          0          0          0          0   _printf_p.o
        78          0          0          0          0        108   _printf_pad.o
         0          0          0          0          0          0   _printf_percent.o
         4          0          0          0          0          0   _printf_percent_end.o
         6          0          0          0          0          0   _printf_s.o
        82          0          0          0          0         80   _printf_str.o
        36          0          0          0          0         84   _printf_truncate.o
         6          0          0          0          0          0   _printf_u.o
        44          0          0          0          0        108   _printf_wchar.o
       188          6          8          0          0         92   _printf_wctomb.o
         6          0          0          0          0          0   _printf_x.o
        22          0          0          0          0        100   _rserrno.o
        64          0          0          0          0         84   _sgetc.o
        16          0          0          0          0         68   _snputc.o
        10          0          0          0          0         68   _sputc.o
       158          0          0          0          0         92   _strtoul.o
        64          0          0          0          0         92   _wcrtomb.o
        26          0          0          0          0         80   atoi.o
       220          4        148          0          0         96   bigflt0.o
      2074        132          0          0          0        940   btod.o
        52          4          0          0          0         80   c89vsnprintf.o
        18          0          0          0          0         80   exit.o
         8          0          0          0          0         68   ferror.o
         6          0          0          0          0        152   heapauxi.o
        18          0          0          0          0         76   isspace.o
        44         10        272          0          0         76   lc_ctype_c.o
        44         10         28          0          0         76   lc_numeric_c.o
         2          0          0          0          0          0   libinit.o
        30          0          0          0          0          0   libinit2.o
         2          0          0          0          0          0   libshutdown.o
         2          0          0          0          0          0   libshutdown2.o
         8          4          0          0         96         68   libspace.o
        38          0          0          0          0         68   llshl.o
       138          0          0          0          0         80   lludiv10.o
        16          4          0          0          0         76   rt_ctype_table.o
         8          4          0          0          0         68   rt_errno_addr_intlibspace.o
         8          4          0          0          0         68   rt_locale_intlibspace.o
        68          0          0          0          0         68   rt_memclr.o
        78          0          0          0          0         80   rt_memclr_w.o
         2          0          0          0          0          0   rtexit.o
        10          0          0          0          0          0   rtexit2.o
      1188         12          0          0          0        148   scanf_fp.o
       800         14          0          0          0        100   scanf_hexfp.o
       308         16          0          0          0        100   scanf_infnan.o
        20          0          0          0          0         68   strchr.o
       128          0          0          0          0         68   strcmpv7m.o
        86          0          0          0          0         76   strncpy.o
        36          0          0          0          0         80   strstr.o
       160         12          0          0          0        120   strtod.o
       112          0          0          0          0         88   strtol.o
        74          0          0          0          0         80   sys_stackheap_outer.o
         2          0          0          0          0         68   use_no_semi.o
         2          0          0          0          0         68   use_no_semi_2.o
        98          4          0          0          0         92   d2f.o
        16          4          0          0          0         68   dcheck1.o
        24          0          0          0          0         68   dcmpi.o
       688        140          0          0          0        208   ddiv.o
       120          4          0          0          0         92   deqf.o
        94          4          0          0          0         92   dfix.o
        38          0          0          0          0         68   dflt_clz.o
       120          4          0          0          0         92   dleqf.o
       340         12          0          0          0        104   dmul.o
       156          4          0          0          0         92   dnaninf.o
        12          0          0          0          0         68   dretinf.o
       108          0          0          0          0         80   drleqf.o
        86          4          0          0          0         84   f2d.o
        24          0          0          0          0         68   fcmpi.o
        62          4          0          0          0         84   ffixu.o
        86          0          0          0          0        136   fflt_clz.o
       104          4          0          0          0         84   fleqf.o
       140          4          0          0          0         84   fnaninf.o
         0          0          8          0          0          0   fpconst.o
        10          0          0          0          0         68   fretinf.o
        98          0          0          0          0         68   frleqf.o
         4          0          0          0          0         68   printf1.o
       100          0          0          0          0         68   retnan.o
        92          0          0          0          0         68   scalbn.o
         4          0          0          0          0         68   scanf1.o
         8          0          0          0          0         84   scanf2.o
        48          0          0          0          0         68   trapv.o
         0          0          0          0          0          0   usenofp.o
        42          0          0          0          0         84   atof.o
        30          6          0          0          0        136   dunder.o
        40          0          0          0          0         68   fpclassify.o
        88          8          0          0          0         76   frexp.o
       138          0          0          0          0        160   ldexp.o
       152          4          0          0          0        168   narrow.o

    ----------------------------------------------------------------------
     12558        534        524          0        100       8844   Library Totals
        28          2          3          0          4          0   (incl. Padding)

    ----------------------------------------------------------------------

      Code (inc. data)   RO Data    RW Data    ZI Data      Debug   Library Name

      9360        322        513          0         96       5928   c_w.l
      2680        192          8          0          0       2224   fz_ws.l
       490         18          0          0          0        692   m_ws.l

    ----------------------------------------------------------------------
     12558        534        524          0        100       8844   Library Totals

    ----------------------------------------------------------------------

==============================================================================


      Code (inc. data)   RO Data    RW Data    ZI Data      Debug   

     23908       1056        884         76       2076     326236   Grand Totals
     23908       1056        884         76       2076     326236   ELF Image Totals
     23908       1056        884         76          0          0   ROM Totals

==============================================================================

    Total RO  Size (Code + RO Data)                24792 (  24.21kB)
    Total RW  Size (RW Data + ZI Data)              2152 (   2.10kB)
    Total ROM Size (Code + RO Data + RW Data)      24868 (  24.29kB)

==============================================================================

