Component: ARM Compiler 5.06 update 2 (build 183) Tool: armlink [4d35b7]

==============================================================================

Section Cross References

    main.o(i.main) refers to sys.o(i.NVIC_Configuration) for NVIC_Configuration
    main.o(i.main) refers to delay.o(i.delay_init) for delay_init
    main.o(i.main) refers to led.o(i.LED_Init) for LED_Init
    main.o(i.main) refers to stm32f10x_gpio.o(i.GPIO_SetBits) for GPIO_SetBits
    main.o(i.main) refers to usart.o(i.uart_init) for uart_init
    main.o(i.main) refers to ms53l0m.o(i.Ms53l0m_Init) for Ms53l0m_Init
    main.o(i.main) refers to ms53l0m_first.o(i.Ms53l0m_Init_first) for Ms53l0m_Init_first
    main.o(i.main) refers to ms53l0m_second.o(i.Ms53l0m_Init_second) for Ms53l0m_Init_second
    main.o(i.main) refers to ms53l0m_third.o(i.Ms53l0m_Init_third) for Ms53l0m_Init_third
    main.o(i.main) refers to wdg.o(i.IWDG_Init) for IWDG_Init
    main.o(i.main) refers to bc26.o(i.AT_Init) for AT_Init
    main.o(i.main) refers to bc26.o(i.MQTT_Init) for MQTT_Init
    main.o(i.main) refers to delay.o(i.delay_ms) for delay_ms
    main.o(i.main) refers to switch.o(i.EXTI_Key_Config) for EXTI_Key_Config
    main.o(i.main) refers to pwm.o(i.TIM3_PWM_Init) for TIM3_PWM_Init
    main.o(i.main) refers to pwm.o(i.TIM5_PWM_Init) for TIM5_PWM_Init
    main.o(i.main) refers to stm32f10x_tim.o(i.TIM_SetCompare1) for TIM_SetCompare1
    main.o(i.main) refers to wdg.o(i.IWDG_Feed) for IWDG_Feed
    main.o(i.main) refers to ms53l0m.o(i.Modbus_DataGet) for Modbus_DataGet
    main.o(i.main) refers to ms53l0m_first.o(i.Modbus_DataGet_first) for Modbus_DataGet_first
    main.o(i.main) refers to ms53l0m_second.o(i.Modbus_DataGet_second) for Modbus_DataGet_second
    main.o(i.main) refers to ms53l0m_third.o(i.Modbus_DataGet_third) for Modbus_DataGet_third
    stm32f10x_it.o(i.EXTI0_IRQHandler) refers to stm32f10x_exti.o(i.EXTI_GetITStatus) for EXTI_GetITStatus
    stm32f10x_it.o(i.EXTI0_IRQHandler) refers to stm32f10x_gpio.o(i.GPIO_ResetBits) for GPIO_ResetBits
    stm32f10x_it.o(i.EXTI0_IRQHandler) refers to bc26.o(i.aliyunMQTT_PUBdata_distance5) for aliyunMQTT_PUBdata_distance5
    stm32f10x_it.o(i.EXTI0_IRQHandler) refers to stm32f10x_tim.o(i.TIM_ITConfig) for TIM_ITConfig
    stm32f10x_it.o(i.EXTI0_IRQHandler) refers to stm32f10x_exti.o(i.EXTI_ClearITPendingBit) for EXTI_ClearITPendingBit
    stm32f10x_it.o(i.TIM3_IRQHandler) refers to stm32f10x_tim.o(i.TIM_GetITStatus) for TIM_GetITStatus
    stm32f10x_it.o(i.TIM3_IRQHandler) refers to bc26.o(i.aliyunMQTT_PUBdata_distance5) for aliyunMQTT_PUBdata_distance5
    stm32f10x_it.o(i.TIM3_IRQHandler) refers to stm32f10x_tim.o(i.TIM_ClearITPendingBit) for TIM_ClearITPendingBit
    stm32f10x_it.o(i.TIM3_IRQHandler) refers to stm32f10x_it.o(.data) for i
    system_stm32f10x.o(i.SetSysClock) refers to system_stm32f10x.o(i.SetSysClockTo72) for SetSysClockTo72
    system_stm32f10x.o(i.SystemCoreClockUpdate) refers to system_stm32f10x.o(.data) for SystemCoreClock
    system_stm32f10x.o(i.SystemInit) refers to system_stm32f10x.o(i.SetSysClock) for SetSysClock
    led.o(i.LED_Init) refers to stm32f10x_rcc.o(i.RCC_APB2PeriphClockCmd) for RCC_APB2PeriphClockCmd
    led.o(i.LED_Init) refers to stm32f10x_gpio.o(i.GPIO_Init) for GPIO_Init
    led.o(i.LED_Init) refers to stm32f10x_gpio.o(i.GPIO_SetBits) for GPIO_SetBits
    led.o(i.LED_Init) refers to stm32f10x_gpio.o(i.GPIO_ResetBits) for GPIO_ResetBits
    usart2.o(i.USART2_IRQHandler) refers to stm32f10x_usart.o(i.USART_GetITStatus) for USART_GetITStatus
    usart2.o(i.USART2_IRQHandler) refers to stm32f10x_usart.o(i.USART_ReceiveData) for USART_ReceiveData
    usart2.o(i.USART2_IRQHandler) refers to ms53l0m.o(.bss) for Tof_Data
    usart2.o(i.u2_printf) refers to vsprintf.o(.text) for vsprintf
    usart2.o(i.u2_printf) refers to stm32f10x_usart.o(i.USART_GetFlagStatus) for USART_GetFlagStatus
    usart2.o(i.u2_printf) refers to stm32f10x_usart.o(i.USART_SendData) for USART_SendData
    usart2.o(i.u2_printf) refers to usart2.o(.bss) for USART2_TX_BUF
    usart2.o(i.usart2_init) refers to stm32f10x_rcc.o(i.RCC_APB2PeriphClockCmd) for RCC_APB2PeriphClockCmd
    usart2.o(i.usart2_init) refers to stm32f10x_rcc.o(i.RCC_APB1PeriphClockCmd) for RCC_APB1PeriphClockCmd
    usart2.o(i.usart2_init) refers to stm32f10x_usart.o(i.USART_DeInit) for USART_DeInit
    usart2.o(i.usart2_init) refers to stm32f10x_gpio.o(i.GPIO_Init) for GPIO_Init
    usart2.o(i.usart2_init) refers to stm32f10x_usart.o(i.USART_Init) for USART_Init
    usart2.o(i.usart2_init) refers to stm32f10x_usart.o(i.USART_Cmd) for USART_Cmd
    usart2.o(i.usart2_init) refers to stm32f10x_usart.o(i.USART_ITConfig) for USART_ITConfig
    usart2.o(i.usart2_init) refers to misc.o(i.NVIC_Init) for NVIC_Init
    usart2.o(i.usart2_init) refers to usart2.o(.bss) for USART_InitStructure
    usart2.o(i.usart2_init) refers to ms53l0m.o(.bss) for Tof_Data
[...]
    .ARM.Collect$$_printf_percent$$00000014  0x080001d2   Section        6  _printf_s.o(.ARM.Collect$$_printf_percent$$00000014)
    .ARM.Collect$$_printf_percent$$00000015  0x080001d8   Section        6  _printf_lc.o(.ARM.Collect$$_printf_percent$$00000015)
    .ARM.Collect$$_printf_percent$$00000017  0x080001de   Section        4  _printf_percent_end.o(.ARM.Collect$$_printf_percent$$00000017)
    .ARM.Collect$$libinit$$00000000          0x080001e2   Section        2  libinit.o(.ARM.Collect$$libinit$$00000000)
    .ARM.Collect$$libinit$$00000002          0x080001e4   Section        0  libinit2.o(.ARM.Collect$$libinit$$00000002)
    .ARM.Collect$$libinit$$00000004          0x080001e4   Section        0  libinit2.o(.ARM.Collect$$libinit$$00000004)
    .ARM.Collect$$libinit$$0000000A          0x080001e4   Section        0  libinit2.o(.ARM.Collect$$libinit$$0000000A)
    .ARM.Collect$$libinit$$0000000C          0x080001e4   Section        0  libinit2.o(.ARM.Collect$$libinit$$0000000C)
    .ARM.Collect$$libinit$$0000000E          0x080001e4   Section        0  libinit2.o(.ARM.Collect$$libinit$$0000000E)
    .ARM.Collect$$libinit$$0000000F          0x080001e4   Section        6  libinit2.o(.ARM.Collect$$libinit$$0000000F)
    .ARM.Collect$$libinit$$00000011          0x080001ea   Section        0  libinit2.o(.ARM.Collect$$libinit$$00000011)
    .ARM.Collect$$libinit$$00000012          0x080001ea   Section       12  libinit2.o(.ARM.Collect$$libinit$$00000012)
    .ARM.Collect$$libinit$$00000013          0x080001f6   Section        0  libinit2.o(.ARM.Collect$$libinit$$00000013)
    .ARM.Collect$$libinit$$00000015          0x080001f6   Section        0  libinit2.o(.ARM.Collect$$libinit$$00000015)
    .ARM.Collect$$libinit$$00000017          0x080001f6   Section        0  libinit2.o(.ARM.Collect$$libinit$$00000017)
    .ARM.Collect$$libinit$$00000019          0x080001f6   Section        0  libinit2.o(.ARM.Collect$$libinit$$00000019)
    .ARM.Collect$$libinit$$0000001B          0x080001f6   Section        0  libinit2.o(.ARM.Collect$$libinit$$0000001B)
    .ARM.Collect$$libinit$$0000001D          0x080001f6   Section        0  libinit2.o(.ARM.Collect$$libinit$$0000001D)
    .ARM.Collect$$libinit$$0000001F          0x080001f6   Section        0  libinit2.o(.ARM.Collect$$libinit$$0000001F)
    .ARM.Collect$$libinit$$00000021          0x080001f6   Section        0  libinit2.o(.ARM.Collect$$libinit$$00000021)
    .ARM.Collect$$libinit$$00000023          0x080001f6   Section        0  libinit2.o(.ARM.Collect$$libinit$$00000023)
    .ARM.Collect$$libinit$$00000025          0x080001f6   Section        0  libinit2.o(.ARM.Collect$$libinit$$00000025)
    .ARM.Collect$$libinit$$0000002C          0x080001f6   Section        0  libinit2.o(.ARM.Collect$$libinit$$0000002C)
    .ARM.Collect$$libinit$$0000002E          0x080001f6   Section        0  libinit2.o(.ARM.Collect$$libinit$$0000002E)
    .ARM.Collect$$libinit$$00000030          0x080001f6   Section        0  libinit2.o(.ARM.Collect$$libinit$$00000030)
    .ARM.Collect$$libinit$$00000032          0x080001f6   Section        0  libinit2.o(.ARM.Collect$$libinit$$00000032)
    .ARM.Collect$$libinit$$00000033          0x080001f6   Section        2  libinit2.o(.ARM.Collect$$libinit$$00000033)
    .ARM.Collect$$libshutdown$$00000000      0x080001f8   Section        2  libshutdown.o(.ARM.Collect$$libshutdown$$00000000)
    .ARM.Collect$$libshutdown$$00000002      0x080001fa   Section        0  libshutdown2.o(.ARM.Collect$$libshutdown$$00000002)
    .ARM.Collect$$libshutdown$$00000004      0x080001fa   Section        0  libshutdown2.o(.ARM.Collect$$libshutdown$$00000004)
    .ARM.Collect$$libshutdown$$00000007      0x080001fa   Section        0  libshutdown2.o(.ARM.Collect$$libshutdown$$00000007)
    .ARM.Collect$$libshutdown$$0000000A      0x080001fa   Section        0  libshutdown2.o(.ARM.Collect$$libshutdown$$0000000A)
    .ARM.Collect$$libshutdown$$0000000C      0x080001fa   Section        0  libshutdown2.o(.ARM.Collect$$libshutdown$$0000000C)
    .ARM.Collect$$libshutdown$$0000000F      0x080001fa   Section        0  libshutdown2.o(.ARM.Collect$$libshutdown$$0000000F)
    .ARM.Collect$$libshutdown$$00000010      0x080001fa   Section        2  libshutdown2.o(.ARM.Collect$$libshutdown$$00000010)
    .ARM.Collect$$rtentry$$00000000          0x080001fc   Section        0  __rtentry.o(.ARM.Collect$$rtentry$$00000000)
    .ARM.Collect$$rtentry$$00000002          0x080001fc   Section        0  __rtentry2.o(.ARM.Collect$$rtentry$$00000002)
    .ARM.Collect$$rtentry$$00000004          0x080001fc   Section        6  __rtentry4.o(.ARM.Collect$$rtentry$$00000004)
    .ARM.Collect$$rtentry$$00000009          0x08000202   Section        0  __rtentry2.o(.ARM.Collect$$rtentry$$00000009)
    .ARM.Collect$$rtentry$$0000000A          0x08000202   Section        4  __rtentry2.o(.ARM.Collect$$rtentry$$0000000A)
    .ARM.Collect$$rtentry$$0000000C          0x08000206   Section        0  __rtentry2.o(.ARM.Collect$$rtentry$$0000000C)
    .ARM.Collect$$rtentry$$0000000D          0x08000206   Section        8  __rtentry2.o(.ARM.Collect$$rtentry$$0000000D)
    .ARM.Collect$$rtexit$$00000000           0x0800020e   Section        2  rtexit.o(.ARM.Collect$$rtexit$$00000000)
    .ARM.Collect$$rtexit$$00000002           0x08000210   Section        0  rtexit2.o(.ARM.Collect$$rtexit$$00000002)
    .ARM.Collect$$rtexit$$00000003           0x08000210   Section        4  rtexit2.o(.ARM.Collect$$rtexit$$00000003)
    .ARM.Collect$$rtexit$$00000004           0x08000214   Section        6  rtexit2.o(.ARM.Collect$$rtexit$$00000004)
    .text                                    0x0800021c   Section       64  startup_stm32f10x_hd.o(.text)
    .text                                    0x0800025c   Section        2  use_no_semi_2.o(.text)
    .text                                    0x08000260   Section        0  __2printf.o(.text)
    .text                                    0x08000278   Section        0  __2sprintf.o(.text)
    .text                                    0x080002a4   Section        0  _printf_pad.o(.text)
    .text                                    0x080002f2   Section        0  _printf_truncate.o(.text)
    .text                                    0x08000316   Section        0  _printf_str.o(.text)
    .text                                    0x08000368   Section        0  _printf_dec.o(.text)
    .text                                    0x080003e0   Section        0  _printf_wctomb.o(.text)
    .text                                    0x0800049c   Section        0  _printf_oct_int_ll.o(.text)
    _printf_longlong_oct_internal            0x0800049d   Thumb Code     0  _printf_oct_int_ll.o(.text)
    .text                                    0x0800050c   Section        0  _printf_hex_int_ll_ptr.o(.text)
    _printf_hex_common                       0x0800050d   Thumb Code     0  _printf_hex_int_ll_ptr.o(.text)
    .text                                    0x080005a0   Section        0  __printf_flags_ss_wp.o(.text)
    .text                                    0x08000728   Section        0  strstr.o(.text)
    .text                                    0x0800074c   Section        0  strlen.o(.text)
    .text                                    0x0800078a   Section      138  rt_memcpy_v6.o(.text)
    .text                                    0x08000814   Section      100  rt_memcpy_w.o(.text)
    .text                                    0x08000878   Section        0  heapauxi.o(.text)
    .text                                    0x0800087e   Section        2  use_no_semi.o(.text)
    .text                                    0x08000880   Section        0  _printf_intcommon.o(.text)
    .text                                    0x08000934   Section        0  _printf_char_common.o(.text)
    _printf_input_char                       0x08000935   Thumb Code    10  _printf_char_common.o(.text)
    .text                                    0x08000964   Section        0  _sputc.o(.text)
    .text                                    0x0800096e   Section        0  _printf_char.o(.text)
    .text                                    0x0800099c   Section        0  _printf_char_file.o(.text)
    .text                                    0x080009c0   Section        0  _printf_wchar.o(.text)
    .text                                    0x080009ec   Section        0  _wcrtomb.o(.text)
    .text                                    0x08000a2c   Section       16  rt_ctype_table.o(.text)
    .text                                    0x08000a3c   Section        0  ferror.o(.text)
    .text                                    0x08000a44   Section       74  sys_stackheap_outer.o(.text)
    .text                                    0x08000a90   Section        8  rt_locale_intlibspace.o(.text)
    .text                                    0x08000a98   Section        0  exit.o(.text)
    .text                                    0x08000aac   Section        8  libspace.o(.text)
    .text                                    0x08000ab4   Section      128  strcmpv7m.o(.text)
    i.AT_Init                                0x08000b34   Section        0  bc26.o(i.AT_Init)
    i.BusFault_Handler                       0x08000c54   Section        0  stm32f10x_it.o(i.BusFault_Handler)
    i.CRC_Check_Sum                          0x08000c58   Section        0  ms53l0m.o(i.CRC_Check_Sum)
    CRC_Check_Sum                            0x08000c59   Thumb Code    28  ms53l0m.o(i.CRC_Check_Sum)
    i.CRC_Check_Sum                          0x08000c74   Section        0  ms53l0m_first.o(i.CRC_Check_Sum)
    CRC_Check_Sum                            0x08000c75   Thumb Code    28  ms53l0m_first.o(i.CRC_Check_Sum)
    i.CRC_Check_Sum                          0x08000c90   Section        0  ms53l0m_third.o(i.CRC_Check_Sum)
    CRC_Check_Sum                            0x08000c91   Thumb Code    28  ms53l0m_third.o(i.CRC_Check_Sum)
    i.CRC_Check_Sum                          0x08000cac   Section        0  ms53l0m_second.o(i.CRC_Check_Sum)
    CRC_Check_Sum                            0x08000cad   Thumb Code    28  ms53l0m_second.o(i.CRC_Check_Sum)
    i.Clear_Buffer                           0x08000cc8   Section        0  bc26.o(i.Clear_Buffer)
    i.DebugMon_Handler                       0x08000cf8   Section        0  stm32f10x_it.o(i.DebugMon_Handler)
    i.EXTI0_IRQHandler                       0x08000cfc   Section        0  stm32f10x_it.o(i.EXTI0_IRQHandler)
    i.EXTI_ClearITPendingBit                 0x08000d30   Section        0  stm32f10x_exti.o(i.EXTI_ClearITPendingBit)
    i.EXTI_GetITStatus                       0x08000d3c   Section        0  stm32f10x_exti.o(i.EXTI_GetITStatus)
    i.EXTI_Init                              0x08000d64   Section        0  stm32f10x_exti.o(i.EXTI_Init)
    i.EXTI_Key_Config                        0x08000df8   Section        0  switch.o(i.EXTI_Key_Config)
    i.EXTI_NVIC_Config                       0x08000e4c   Section        0  switch.o(i.EXTI_NVIC_Config)
    i.GPIO_EXTILineConfig                    0x08000e6c   Section        0  stm32f10x_gpio.o(i.GPIO_EXTILineConfig)
    i.GPIO_Init                              0x08000eac   Section        0  stm32f10x_gpio.o(i.GPIO_Init)
    i.GPIO_PinRemapConfig                    0x08000fc4   Section        0  stm32f10x_gpio.o(i.GPIO_PinRemapConfig)
    i.GPIO_ResetBits                         0x08001054   Section        0  stm32f10x_gpio.o(i.GPIO_ResetBits)
    i.GPIO_SetBits                           0x08001058   Section        0  stm32f10x_gpio.o(i.GPIO_SetBits)
    i.HardFault_Handler                      0x0800105c   Section        0  stm32f10x_it.o(i.HardFault_Handler)
    i.IWDG_Enable                            0x08001060   Section        0  stm32f10x_iwdg.o(i.IWDG_Enable)
    i.IWDG_Feed                              0x08001070   Section        0  wdg.o(i.IWDG_Feed)
    i.IWDG_Init                              0x08001078   Section        0  wdg.o(i.IWDG_Init)
    i.IWDG_ReloadCounter                     0x0800109c   Section        0  stm32f10x_iwdg.o(i.IWDG_ReloadCounter)
    i.IWDG_SetPrescaler                      0x080010ac   Section        0  stm32f10x_iwdg.o(i.IWDG_SetPrescaler)
    i.IWDG_SetReload                         0x080010b8   Section        0  stm32f10x_iwdg.o(i.IWDG_SetReload)
    i.IWDG_WriteAccessCmd                    0x080010c4   Section        0  stm32f10x_iwdg.o(i.IWDG_WriteAccessCmd)
    i.LED_Init                               0x080010d0   Section        0  led.o(i.LED_Init)
    i.MQTT_Init                              0x08001120   Section        0  bc26.o(i.MQTT_Init)
    i.MemManage_Handler                      0x0800132c   Section        0  stm32f10x_it.o(i.MemManage_Handler)
    i.Modbus_DataGet                         0x08001330   Section        0  ms53l0m.o(i.Modbus_DataGet)
    i.Modbus_DataGet_first                   0x080013cc   Section        0  ms53l0m_first.o(i.Modbus_DataGet_first)
    i.Modbus_DataGet_second                  0x0800147c   Section        0  ms53l0m_second.o(i.Modbus_DataGet_second)
    i.Modbus_DataGet_third                   0x08001518   Section        0  ms53l0m_third.o(i.Modbus_DataGet_third)
    i.Mqttaliyun_Savedata_distance1          0x080015c8   Section        0  bc26.o(i.Mqttaliyun_Savedata_distance1)
    i.Mqttaliyun_Savedata_distance2          0x08001600   Section        0  bc26.o(i.Mqttaliyun_Savedata_distance2)
    i.Mqttaliyun_Savedata_distance3          0x08001638   Section        0  bc26.o(i.Mqttaliyun_Savedata_distance3)
    i.Mqttaliyun_Savedata_distance4          0x08001670   Section        0  bc26.o(i.Mqttaliyun_Savedata_distance4)
    i.Mqttaliyun_Savedata_distance5          0x080016a8   Section        0  bc26.o(i.Mqttaliyun_Savedata_distance5)
    i.Ms53l0m_Init                           0x080016e0   Section        0  ms53l0m.o(i.Ms53l0m_Init)
    i.Ms53l0m_Init_first                     0x08001744   Section        0  ms53l0m_first.o(i.Ms53l0m_Init_first)
    i.Ms53l0m_Init_second                    0x080017a8   Section        0  ms53l0m_second.o(i.Ms53l0m_Init_second)
    i.Ms53l0m_Init_third                     0x0800180c   Section        0  ms53l0m_third.o(i.Ms53l0m_Init_third)
    i.Ms53l0m_RData                          0x08001870   Section        0  ms53l0m.o(i.Ms53l0m_RData)
    i.Ms53l0m_RData_first                    0x080018d4   Section        0  ms53l0m_first.o(i.Ms53l0m_RData_first)
    i.Ms53l0m_RData_second                   0x08001938   Section        0  ms53l0m_second.o(i.Ms53l0m_RData_second)
    i.Ms53l0m_RData_third                    0x0800199c   Section        0  ms53l0m_third.o(i.Ms53l0m_RData_third)
    i.Ms53l0m_Unpack                         0x08001a00   Section        0  ms53l0m.o(i.Ms53l0m_Unpack)
    Ms53l0m_Unpack                           0x08001a01   Thumb Code   452  ms53l0m.o(i.Ms53l0m_Unpack)
    i.Ms53l0m_Unpack                         0x08001bcc   Section        0  ms53l0m_first.o(i.Ms53l0m_Unpack)
    Ms53l0m_Unpack                           0x08001bcd   Thumb Code   452  ms53l0m_first.o(i.Ms53l0m_Unpack)
    i.Ms53l0m_Unpack                         0x08001d98   Section        0  ms53l0m_third.o(i.Ms53l0m_Unpack)
    Ms53l0m_Unpack                           0x08001d99   Thumb Code   452  ms53l0m_third.o(i.Ms53l0m_Unpack)
    i.Ms53l0m_Unpack                         0x08001f64   Section        0  ms53l0m_second.o(i.Ms53l0m_Unpack)
    Ms53l0m_Unpack                           0x08001f65   Thumb Code   452  ms53l0m_second.o(i.Ms53l0m_Unpack)
    i.Ms53l0m_WData                          0x08002130   Section        0  ms53l0m.o(i.Ms53l0m_WData)
    i.Ms53l0m_WData_first                    0x08002194   Section        0  ms53l0m_first.o(i.Ms53l0m_WData_first)
    i.Ms53l0m_WData_second                   0x080021f8   Section        0  ms53l0m_second.o(i.Ms53l0m_WData_second)
    i.Ms53l0m_WData_third                    0x0800225c   Section        0  ms53l0m_third.o(i.Ms53l0m_WData_third)
    i.NMI_Handler                            0x080022c0   Section        0  stm32f10x_it.o(i.NMI_Handler)
    i.NVIC_Configuration                     0x080022c2   Section        0  sys.o(i.NVIC_Configuration)
    i.NVIC_Init                              0x080022d0   Section        0  misc.o(i.NVIC_Init)
    i.NVIC_PriorityGroupConfig               0x08002340   Section        0  misc.o(i.NVIC_PriorityGroupConfig)
    i.PendSV_Handler                         0x08002354   Section        0  stm32f10x_it.o(i.PendSV_Handler)
    i.RCC_APB1PeriphClockCmd                 0x08002358   Section        0  stm32f10x_rcc.o(i.RCC_APB1PeriphClockCmd)
    i.RCC_APB1PeriphResetCmd                 0x08002378   Section        0  stm32f10x_rcc.o(i.RCC_APB1PeriphResetCmd)
    i.RCC_APB2PeriphClockCmd                 0x08002398   Section        0  stm32f10x_rcc.o(i.RCC_APB2PeriphClockCmd)
    i.RCC_APB2PeriphResetCmd                 0x080023b8   Section        0  stm32f10x_rcc.o(i.RCC_APB2PeriphResetCmd)
    i.RCC_GetClocksFreq                      0x080023d8   Section        0  stm32f10x_rcc.o(i.RCC_GetClocksFreq)
    i.SVC_Handler                            0x080024ac   Section        0  stm32f10x_it.o(i.SVC_Handler)
    i.SetSysClock                            0x080024ae   Section        0  system_stm32f10x.o(i.SetSysClock)
    SetSysClock                              0x080024af   Thumb Code     8  system_stm32f10x.o(i.SetSysClock)
    i.SetSysClockTo72                        0x080024b8   Section        0  system_stm32f10x.o(i.SetSysClockTo72)
    SetSysClockTo72                          0x080024b9   Thumb Code   214  system_stm32f10x.o(i.SetSysClockTo72)
    i.SysTick_CLKSourceConfig                0x08002598   Section        0  misc.o(i.SysTick_CLKSourceConfig)
    i.SysTick_Handler                        0x080025c0   Section        0  stm32f10x_it.o(i.SysTick_Handler)
    i.SystemInit                             0x080025c4   Section        0  system_stm32f10x.o(i.SystemInit)
    i.TIM3_IRQHandler                        0x08002624   Section        0  stm32f10x_it.o(i.TIM3_IRQHandler)
    i.TIM3_PWM_Init                          0x08002674   Section        0  pwm.o(i.TIM3_PWM_Init)
    i.TIM5_PWM_Init                          0x08002700   Section        0  pwm.o(i.TIM5_PWM_Init)
    i.TIM_ARRPreloadConfig                   0x08002798   Section        0  stm32f10x_tim.o(i.TIM_ARRPreloadConfig)
    i.TIM_ClearITPendingBit                  0x080027b0   Section        0  stm32f10x_tim.o(i.TIM_ClearITPendingBit)
    i.TIM_Cmd                                0x080027b6   Section        0  stm32f10x_tim.o(i.TIM_Cmd)
    i.TIM_CtrlPWMOutputs                     0x080027ce   Section        0  stm32f10x_tim.o(i.TIM_CtrlPWMOutputs)
    i.TIM_GetITStatus                        0x080027ec   Section        0  stm32f10x_tim.o(i.TIM_GetITStatus)
    i.TIM_ITConfig                           0x0800280e   Section        0  stm32f10x_tim.o(i.TIM_ITConfig)
    i.TIM_OC1Init                            0x08002820   Section        0  stm32f10x_tim.o(i.TIM_OC1Init)
    i.TIM_OC1PreloadConfig                   0x080028b8   Section        0  stm32f10x_tim.o(i.TIM_OC1PreloadConfig)
    i.TIM_SetCompare1                        0x080028ca   Section        0  stm32f10x_tim.o(i.TIM_SetCompare1)
    i.TIM_TimeBaseInit                       0x080028d0   Section        0  stm32f10x_tim.o(i.TIM_TimeBaseInit)
    i.UART4_IRQHandler                       0x08002974   Section        0  uart4.o(i.UART4_IRQHandler)
    i.UART5_IRQHandler                       0x08002a00   Section        0  uart5.o(i.UART5_IRQHandler)
    i.USART1_IRQHandler                      0x08002a8c   Section        0  usart.o(i.USART1_IRQHandler)
    i.USART2_IRQHandler                      0x08002ad8   Section        0  usart2.o(i.USART2_IRQHandler)
    i.USART3_IRQHandler                      0x08002b64   Section        0  usart3.o(i.USART3_IRQHandler)
    i.USART_Cmd                              0x08002bf0   Section        0  stm32f10x_usart.o(i.USART_Cmd)
    i.USART_DeInit                           0x08002c08   Section        0  stm32f10x_usart.o(i.USART_DeInit)
    i.USART_GetITStatus                      0x08002ca4   Section        0  stm32f10x_usart.o(i.USART_GetITStatus)
    i.USART_ITConfig                         0x08002cf8   Section        0  stm32f10x_usart.o(i.USART_ITConfig)
    i.USART_Init                             0x08002d44   Section        0  stm32f10x_usart.o(i.USART_Init)
    i.USART_ReceiveData                      0x08002e1c   Section        0  stm32f10x_usart.o(i.USART_ReceiveData)
    i.Uart1_SendStr                          0x08002e28   Section        0  usart.o(i.Uart1_SendStr)
    i.UsageFault_Handler                     0x08002e50   Section        0  stm32f10x_it.o(i.UsageFault_Handler)
    i._is_digit                              0x08002e54   Section        0  __printf_wp.o(i._is_digit)
    i._sys_exit                              0x08002e62   Section        0  usart.o(i._sys_exit)
    i.aliyunMQTT_PUBdata_distance1           0x08002e68   Section        0  bc26.o(i.aliyunMQTT_PUBdata_distance1)
    i.aliyunMQTT_PUBdata_distance2           0x08002f44   Section        0  bc26.o(i.aliyunMQTT_PUBdata_distance2)
    i.aliyunMQTT_PUBdata_distance3           0x08003020   Section        0  bc26.o(i.aliyunMQTT_PUBdata_distance3)
    i.aliyunMQTT_PUBdata_distance4           0x080030fc   Section        0  bc26.o(i.aliyunMQTT_PUBdata_distance4)
    i.aliyunMQTT_PUBdata_distance5           0x080031d8   Section        0  bc26.o(i.aliyunMQTT_PUBdata_distance5)
    i.delay_init                             0x080032b4   Section        0  delay.o(i.delay_init)
    i.delay_ms                               0x080032f8   Section        0  delay.o(i.delay_ms)
    i.fputc                                  0x08003344   Section        0  usart.o(i.fputc)
    i.main                                   0x08003360   Section        0  main.o(i.main)
    i.uart4_init                             0x08003404   Section        0  uart4.o(i.uart4_init)
    i.uart4_send                             0x080034c0   Section        0  uart4.o(i.uart4_send)
    i.uart5_init                             0x080034f0   Section        0  uart5.o(i.uart5_init)
    i.uart5_send                             0x080035b8   Section        0  uart5.o(i.uart5_send)
    i.uart_init                              0x080035e4   Section        0  usart.o(i.uart_init)
    i.usart2_init                            0x0800368c   Section        0  usart2.o(i.usart2_init)
    i.usart2_send                            0x08003748   Section        0  usart2.o(i.usart2_send)
    i.usart3_init                            0x08003778   Section        0  usart3.o(i.usart3_init)
    i.usart3_send                            0x08003834   Section        0  usart3.o(i.usart3_send)
    locale$$code                             0x08003864   Section       44  lc_ctype_c.o(locale$$code)
    .constdata                               0x08003890   Section        8  _printf_wctomb.o(.constdata)
    initial_mbstate                          0x08003890   Data           8  _printf_wctomb.o(.constdata)
    .constdata                               0x08003898   Section       40  _printf_hex_int_ll_ptr.o(.constdata)
    uc_hextab                                0x08003898   Data          20  _printf_hex_int_ll_ptr.o(.constdata)
    lc_hextab                                0x080038ac   Data          20  _printf_hex_int_ll_ptr.o(.constdata)
    .constdata                               0x080038c0   Section       17  __printf_flags_ss_wp.o(.constdata)
    maptable                                 0x080038c0   Data          17  __printf_flags_ss_wp.o(.constdata)
    .conststring                             0x080038d4   Section      620  bc26.o(.conststring)
    locale$$data                             0x08003b60   Section      272  lc_ctype_c.o(locale$$data)
    __lcctype_c_name                         0x08003b64   Data           2  lc_ctype_c.o(locale$$data)
    __lcctype_c_start                        0x08003b6c   Data           0  lc_ctype_c.o(locale$$data)
    __lcctype_c_end                          0x08003c70   Data           0  lc_ctype_c.o(locale$$data)
    .data                                    0x20000000   Section        4  stm32f10x_it.o(.data)
    i                                        0x20000000   Data           4  stm32f10x_it.o(.data)
    .data                                    0x20000004   Section       20  system_stm32f10x.o(.data)
    .data                                    0x20000018   Section        8  bc26.o(.data)
    .data                                    0x20000020   Section        4  delay.o(.data)
    fac_us                                   0x20000020   Data           1  delay.o(.data)
    fac_ms                                   0x20000022   Data           2  delay.o(.data)
    .data                                    0x20000024   Section        8  usart.o(.data)
    .data                                    0x2000002c   Section       20  stm32f10x_rcc.o(.data)
    APBAHBPrescTable                         0x2000002c   Data          16  stm32f10x_rcc.o(.data)
    ADCPrescTable                            0x2000003c   Data           4  stm32f10x_rcc.o(.data)
    .bss                                     0x20000040   Section     1640  usart2.o(.bss)
    .bss                                     0x200006a8   Section      400  usart.o(.bss)
    .bss                                     0x20000838   Section      616  ms53l0m.o(.bss)
    .bss                                     0x20000aa0   Section      616  ms53l0m_first.o(.bss)
    .bss                                     0x20000d08   Section      616  ms53l0m_third.o(.bss)
    .bss                                     0x20000f70   Section      616  ms53l0m_second.o(.bss)
    .bss                                     0x200011d8   Section       96  libspace.o(.bss)
    HEAP                                     0x20001238   Section      512  startup_stm32f10x_hd.o(HEAP)
    Heap_Mem                                 0x20001238   Data         512  startup_stm32f10x_hd.o(HEAP)
    STACK                                    0x20001438   Section     1024  startup_stm32f10x_hd.o(STACK)
    Stack_Mem                                0x20001438   Data        1024  startup_stm32f10x_hd.o(STACK)
    __initial_sp                             0x20001838   Data           0  startup_stm32f10x_hd.o(STACK)

    Global Symbols

    Symbol Name                              Value     Ov Type        Size  Object(Section)

    BuildAttributes$$THM_ISAv4$P$D$K$B$S$PE$A:L22UL41UL21$X:L11$S22US41US21$IEEE1$IW$USESV6$~STKCKD$USESV7$~SHL$OTIME$ROPI$IEEEJ$EBA8$UX$STANDARDLIB$REQ8$PRES8$EABIv2 0x00000000   Number         0  anon$$obj.o ABSOLUTE
    __ARM_use_no_argv                        0x00000000   Number         0  main.o ABSOLUTE
    _printf_flags                            0x00000000   Number         0  printf_stubs.o ABSOLUTE
    _printf_return_value                     0x00000000   Number         0  printf_stubs.o ABSOLUTE
    _printf_sizespec                         0x00000000   Number         0  printf_stubs.o ABSOLUTE
    _printf_widthprec                        0x00000000   Number         0  printf_stubs.o ABSOLUTE
    __ARM_exceptions_init                     - Undefined Weak Reference
    __alloca_initialize                       - Undefined Weak Reference
    __arm_preinit_                            - Undefined Weak Reference
    __cpp_initialize__aeabi_                  - Undefined Weak Reference
    __cxa_finalize                            - Undefined Weak Reference
    __sigvec_lookup                           - Undefined Weak Reference
    _atexit_init                              - Undefined Weak Reference
    _call_atexit_fns                          - Undefined Weak Reference
    _clock_init                               - Undefined Weak Reference
    _fp_trap_init                             - Undefined Weak Reference
    _fp_trap_shutdown                         - Undefined Weak Reference
    _get_lc_collate                           - Undefined Weak Reference
    _get_lc_monetary                          - Undefined Weak Reference
    _get_lc_time                              - Undefined Weak Reference
    _getenv_init                              - Undefined Weak Reference
    _handle_redirection                       - Undefined Weak Reference
    _init_alloc                               - Undefined Weak Reference
    _init_user_alloc                          - Undefined Weak Reference
    _initio                                   - Undefined Weak Reference
    _mutex_acquire                            - Undefined Weak Reference
    _mutex_release                            - Undefined Weak Reference
    _printf_mbtowc                            - Undefined Weak Reference
    _printf_wc                                - Undefined Weak Reference
    _rand_init                                - Undefined Weak Reference
    _signal_finish                            - Undefined Weak Reference
    _signal_init                              - Undefined Weak Reference
    _terminate_alloc                          - Undefined Weak Reference
    _terminate_user_alloc                     - Undefined Weak Reference
    _terminateio                              - Undefined Weak Reference
    __Vectors_Size                           0x00000130   Number         0  startup_stm32f10x_hd.o ABSOLUTE
    __Vectors                                0x08000000   Data           4  startup_stm32f10x_hd.o(RESET)
    __Vectors_End                            0x08000130   Data           0  startup_stm32f10x_hd.o(RESET)
    __main                                   0x08000131   Thumb Code     8  __main.o(!!!main)
    __scatterload                            0x08000139   Thumb Code     0  __scatter.o(!!!scatter)
    __scatterload_rt2                        0x08000139   Thumb Code    44  __scatter.o(!!!scatter)
    __scatterload_rt2_thumb_only             0x08000139   Thumb Code     0  __scatter.o(!!!scatter)
    __scatterload_null                       0x08000147   Thumb Code     0  __scatter.o(!!!scatter)
    __scatterload_copy                       0x0800016d   Thumb Code    26  __scatter_copy.o(!!handler_copy)
    __scatterload_zeroinit                   0x08000189   Thumb Code    28  __scatter_zi.o(!!handler_zi)
    _printf_i                                0x080001a5   Thumb Code     0  _printf_i.o(.ARM.Collect$$_printf_percent$$00000008)
    _printf_percent                          0x080001a5   Thumb Code     0  _printf_percent.o(.ARM.Collect$$_printf_percent$$00000000)
    _printf_d                                0x080001ab   Thumb Code     0  _printf_d.o(.ARM.Collect$$_printf_percent$$00000009)
    _printf_u                                0x080001b1   Thumb Code     0  _printf_u.o(.ARM.Collect$$_printf_percent$$0000000A)
    _printf_o                                0x080001b7   Thumb Code     0  _printf_o.o(.ARM.Collect$$_printf_percent$$0000000B)
    _printf_x                                0x080001bd   Thumb Code     0  _printf_x.o(.ARM.Collect$$_printf_percent$$0000000C)
    _printf_l                                0x080001c3   Thumb Code     0  _printf_l.o(.ARM.Collect$$_printf_percent$$00000012)
    _printf_c                                0x080001cd   Thumb Code     0  _printf_c.o(.ARM.Collect$$_printf_percent$$00000013)
    _printf_s                                0x080001d3   Thumb Code     0  _printf_s.o(.ARM.Collect$$_printf_percent$$00000014)
    _printf_lc                               0x080001d9   Thumb Code     0  _printf_lc.o(.ARM.Collect$$_printf_percent$$00000015)
    _printf_percent_end                      0x080001df   Thumb Code     0  _printf_percent_end.o(.ARM.Collect$$_printf_percent$$00000017)
    __rt_lib_init                            0x080001e3   Thumb Code     0  libinit.o(.ARM.Collect$$libinit$$00000000)
    __rt_lib_init_fp_1                       0x080001e5   Thumb Code     0  libinit2.o(.ARM.Collect$$libinit$$00000002)
    __rt_lib_init_heap_1                     0x080001e5   Thumb Code     0  libinit2.o(.ARM.Collect$$libinit$$0000000A)
    __rt_lib_init_lc_common                  0x080001e5   Thumb Code     0  libinit2.o(.ARM.Collect$$libinit$$0000000F)
    __rt_lib_init_preinit_1                  0x080001e5   Thumb Code     0  libinit2.o(.ARM.Collect$$libinit$$00000004)
    __rt_lib_init_rand_1                     0x080001e5   Thumb Code     0  libinit2.o(.ARM.Collect$$libinit$$0000000E)
    __rt_lib_init_user_alloc_1               0x080001e5   Thumb Code     0  libinit2.o(.ARM.Collect$$libinit$$0000000C)
    __rt_lib_init_lc_collate_1               0x080001eb   Thumb Code     0  libinit2.o(.ARM.Collect$$libinit$$00000011)
    __rt_lib_init_lc_ctype_2                 0x080001eb   Thumb Code     0  libinit2.o(.ARM.Collect$$libinit$$00000012)
    __rt_lib_init_alloca_1                   0x080001f7   Thumb Code     0  libinit2.o(.ARM.Collect$$libinit$$0000002E)
    __rt_lib_init_argv_1                     0x080001f7   Thumb Code     0  libinit2.o(.ARM.Collect$$libinit$$0000002C)
    __rt_lib_init_atexit_1                   0x080001f7   Thumb Code     0  libinit2.o(.ARM.Collect$$libinit$$0000001B)
    __rt_lib_init_clock_1                    0x080001f7   Thumb Code     0  libinit2.o(.ARM.Collect$$libinit$$00000021)
    __rt_lib_init_cpp_1                      0x080001f7   Thumb Code     0  libinit2.o(.ARM.Collect$$libinit$$00000032)
    __rt_lib_init_exceptions_1               0x080001f7   Thumb Code     0  libinit2.o(.ARM.Collect$$libinit$$00000030)
    __rt_lib_init_fp_trap_1                  0x080001f7   Thumb Code     0  libinit2.o(.ARM.Collect$$libinit$$0000001F)
    __rt_lib_init_getenv_1                   0x080001f7   Thumb Code     0  libinit2.o(.ARM.Collect$$libinit$$00000023)
    __rt_lib_init_lc_ctype_1                 0x080001f7   Thumb Code     0  libinit2.o(.ARM.Collect$$libinit$$00000013)
    __rt_lib_init_lc_monetary_1              0x080001f7   Thumb Code     0  libinit2.o(.ARM.Collect$$libinit$$00000015)
    __rt_lib_init_lc_numeric_1               0x080001f7   Thumb Code     0  libinit2.o(.ARM.Collect$$libinit$$00000017)
    __rt_lib_init_lc_time_1                  0x080001f7   Thumb Code     0  libinit2.o(.ARM.Collect$$libinit$$00000019)
    __rt_lib_init_return                     0x080001f7   Thumb Code     0  libinit2.o(.ARM.Collect$$libinit$$00000033)
    __rt_lib_init_signal_1                   0x080001f7   Thumb Code     0  libinit2.o(.ARM.Collect$$libinit$$0000001D)
    __rt_lib_init_stdio_1                    0x080001f7   Thumb Code     0  libinit2.o(.ARM.Collect$$libinit$$00000025)
    __rt_lib_shutdown                        0x080001f9   Thumb Code     0  libshutdown.o(.ARM.Collect$$libshutdown$$00000000)
    __rt_lib_shutdown_cpp_1                  0x080001fb   Thumb Code     0  libshutdown2.o(.ARM.Collect$$libshutdown$$00000002)
    __rt_lib_shutdown_fp_trap_1              0x080001fb   Thumb Code     0  libshutdown2.o(.ARM.Collect$$libshutdown$$00000007)
    __rt_lib_shutdown_heap_1                 0x080001fb   Thumb Code     0  libshutdown2.o(.ARM.Collect$$libshutdown$$0000000F)
    __rt_lib_shutdown_return                 0x080001fb   Thumb Code     0  libshutdown2.o(.ARM.Collect$$libshutdown$$00000010)
    __rt_lib_shutdown_signal_1               0x080001fb   Thumb Code     0  libshutdown2.o(.ARM.Collect$$libshutdown$$0000000A)
    __rt_lib_shutdown_stdio_1                0x080001fb   Thumb Code     0  libshutdown2.o(.ARM.Collect$$libshutdown$$00000004)
    __rt_lib_shutdown_user_alloc_1           0x080001fb   Thumb Code     0  libshutdown2.o(.ARM.Collect$$libshutdown$$0000000C)
    __rt_entry                               0x080001fd   Thumb Code     0  __rtentry.o(.ARM.Collect$$rtentry$$00000000)
    __rt_entry_presh_1                       0x080001fd   Thumb Code     0  __rtentry2.o(.ARM.Collect$$rtentry$$00000002)
    __rt_entry_sh                            0x080001fd   Thumb Code     0  __rtentry4.o(.ARM.Collect$$rtentry$$00000004)
    __rt_entry_li                            0x08000203   Thumb Code     0  __rtentry2.o(.ARM.Collect$$rtentry$$0000000A)
    __rt_entry_postsh_1                      0x08000203   Thumb Code     0  __rtentry2.o(.ARM.Collect$$rtentry$$00000009)
    __rt_entry_main                          0x08000207   Thumb Code     0  __rtentry2.o(.ARM.Collect$$rtentry$$0000000D)
    __rt_entry_postli_1                      0x08000207   Thumb Code     0  __rtentry2.o(.ARM.Collect$$rtentry$$0000000C)
    __rt_exit                                0x0800020f   Thumb Code     0  rtexit.o(.ARM.Collect$$rtexit$$00000000)
    __rt_exit_ls                             0x08000211   Thumb Code     0  rtexit2.o(.ARM.Collect$$rtexit$$00000003)
    __rt_exit_prels_1                        0x08000211   Thumb Code     0  rtexit2.o(.ARM.Collect$$rtexit$$00000002)
    __rt_exit_exit                           0x08000215   Thumb Code     0  rtexit2.o(.ARM.Collect$$rtexit$$00000004)
    Reset_Handler                            0x0800021d   Thumb Code     8  startup_stm32f10x_hd.o(.text)
    ADC1_2_IRQHandler                        0x08000237   Thumb Code     0  startup_stm32f10x_hd.o(.text)
    ADC3_IRQHandler                          0x08000237   Thumb Code     0  startup_stm32f10x_hd.o(.text)
    CAN1_RX1_IRQHandler                      0x08000237   Thumb Code     0  startup_stm32f10x_hd.o(.text)
    CAN1_SCE_IRQHandler                      0x08000237   Thumb Code     0  startup_stm32f10x_hd.o(.text)
    DMA1_Channel1_IRQHandler                 0x08000237   Thumb Code     0  startup_stm32f10x_hd.o(.text)
    DMA1_Channel2_IRQHandler                 0x08000237   Thumb Code     0  startup_stm32f10x_hd.o(.text)
    DMA1_Channel3_IRQHandler                 0x08000237   Thumb Code     0  startup_stm32f10x_hd.o(.text)
    DMA1_Channel4_IRQHandler                 0x08000237   Thumb Code     0  startup_stm32f10x_hd.o(.text)
    DMA1_Channel5_IRQHandler                 0x08000237   Thumb Code     0  startup_stm32f10x_hd.o(.text)
    DMA1_Channel6_IRQHandler                 0x08000237   Thumb Code     0  startup_stm32f10x_hd.o(.text)
    DMA1_Channel7_IRQHandler                 0x08000237   Thumb Code     0  startup_stm32f10x_hd.o(.text)
    DMA2_Channel1_IRQHandler                 0x08000237   Thumb Code     0  startup_stm32f10x_hd.o(.text)
    DMA2_Channel2_IRQHandler                 0x08000237   Thumb Code     0  startup_stm32f10x_hd.o(.text)
    DMA2_Channel3_IRQHandler                 0x08000237   Thumb Code     0  startup_stm32f10x_hd.o(.text)
    DMA2_Channel4_5_IRQHandler               0x08000237   Thumb Code     0  startup_stm32f10x_hd.o(.text)
    EXTI15_10_IRQHandler                     0x08000237   Thumb Code     0  startup_stm32f10x_hd.o(.text)
    EXTI1_IRQHandler                         0x08000237   Thumb Code     0  startup_stm32f10x_hd.o(.text)
    EXTI2_IRQHandler                         0x08000237   Thumb Code     0  startup_stm32f10x_hd.o(.text)
    EXTI3_IRQHandler                         0x08000237   Thumb Code     0  startup_stm32f10x_hd.o(.text)
    EXTI4_IRQHandler                         0x08000237   Thumb Code     0  startup_stm32f10x_hd.o(.text)
    EXTI9_5_IRQHandler                       0x08000237   Thumb Code     0  startup_stm32f10x_hd.o(.text)
    FLASH_IRQHandler                         0x08000237   Thumb Code     0  startup_stm32f10x_hd.o(.text)
    FSMC_IRQHandler                          0x08000237   Thumb Code     0  startup_stm32f10x_hd.o(.text)
    I2C1_ER_IRQHandler                       0x08000237   Thumb Code     0  startup_stm32f10x_hd.o(.text)
    I2C1_EV_IRQHandler                       0x08000237   Thumb Code     0  startup_stm32f10x_hd.o(.text)
    I2C2_ER_IRQHandler                       0x08000237   Thumb Code     0  startup_stm32f10x_hd.o(.text)
    I2C2_EV_IRQHandler                       0x08000237   Thumb Code     0  startup_stm32f10x_hd.o(.text)
    PVD_IRQHandler                           0x08000237   Thumb Code     0  startup_stm32f10x_hd.o(.text)
    RCC_IRQHandler                           0x08000237   Thumb Code     0  startup_stm32f10x_hd.o(.text)
    RTCAlarm_IRQHandler                      0x08000237   Thumb Code     0  startup_stm32f10x_hd.o(.text)
    RTC_IRQHandler                           0x08000237   Thumb Code     0  startup_stm32f10x_hd.o(.text)
    SDIO_IRQHandler                          0x08000237   Thumb Code     0  startup_stm32f10x_hd.o(.text)
    SPI1_IRQHandler                          0x08000237   Thumb Code     0  startup_stm32f10x_hd.o(.text)
    SPI2_IRQHandler                          0x08000237   Thumb Code     0  startup_stm32f10x_hd.o(.text)
    SPI3_IRQHandler                          0x08000237   Thumb Code     0  startup_stm32f10x_hd.o(.text)
    TAMPER_IRQHandler                        0x08000237   Thumb Code     0  startup_stm32f10x_hd.o(.text)
    TIM1_BRK_IRQHandler                      0x08000237   Thumb Code     0  startup_stm32f10x_hd.o(.text)
    TIM1_CC_IRQHandler                       0x08000237   Thumb Code     0  startup_stm32f10x_hd.o(.text)
    TIM1_TRG_COM_IRQHandler                  0x08000237   Thumb Code     0  startup_stm32f10x_hd.o(.text)
    TIM1_UP_IRQHandler                       0x08000237   Thumb Code     0  startup_stm32f10x_hd.o(.text)
    TIM2_IRQHandler                          0x08000237   Thumb Code     0  startup_stm32f10x_hd.o(.text)
    TIM4_IRQHandler                          0x08000237   Thumb Code     0  startup_stm32f10x_hd.o(.text)
    TIM5_IRQHandler                          0x08000237   Thumb Code     0  startup_stm32f10x_hd.o(.text)
    TIM6_IRQHandler                          0x08000237   Thumb Code     0  startup_stm32f10x_hd.o(.text)
    TIM7_IRQHandler                          0x08000237   Thumb Code     0  startup_stm32f10x_hd.o(.text)
    TIM8_BRK_IRQHandler                      0x08000237   Thumb Code     0  startup_stm32f10x_hd.o(.text)
    TIM8_CC_IRQHandler                       0x08000237   Thumb Code     0  startup_stm32f10x_hd.o(.text)
    TIM8_TRG_COM_IRQHandler                  0x08000237   Thumb Code     0  startup_stm32f10x_hd.o(.text)
    TIM8_UP_IRQHandler                       0x08000237   Thumb Code     0  startup_stm32f10x_hd.o(.text)
    USBWakeUp_IRQHandler                     0x08000237   Thumb Code     0  startup_stm32f10x_hd.o(.text)
    USB_HP_CAN1_TX_IRQHandler                0x08000237   Thumb Code     0  startup_stm32f10x_hd.o(.text)
    USB_LP_CAN1_RX0_IRQHandler               0x08000237   Thumb Code     0  startup_stm32f10x_hd.o(.text)
    WWDG_IRQHandler                          0x08000237   Thumb Code     0  startup_stm32f10x_hd.o(.text)
    __user_initial_stackheap                 0x08000239   Thumb Code     0  startup_stm32f10x_hd.o(.text)
    __use_no_semihosting                     0x0800025d   Thumb Code     2  use_no_semi_2.o(.text)
    __2printf                                0x08000261   Thumb Code    20  __2printf.o(.text)
    __2sprintf                               0x08000279   Thumb Code    38  __2sprintf.o(.text)
    _printf_pre_padding                      0x080002a5   Thumb Code    44  _printf_pad.o(.text)
    _printf_post_padding                     0x080002d1   Thumb Code    34  _printf_pad.o(.text)
    _printf_truncate_signed                  0x080002f3   Thumb Code    18  _printf_truncate.o(.text)
    _printf_truncate_unsigned                0x08000305   Thumb Code    18  _printf_truncate.o(.text)
    _printf_str                              0x08000317   Thumb Code    82  _printf_str.o(.text)
    _printf_int_dec                          0x08000369   Thumb Code   104  _printf_dec.o(.text)
    _printf_wctomb                           0x080003e1   Thumb Code   182  _printf_wctomb.o(.text)
    _printf_longlong_oct                     0x0800049d   Thumb Code    68  _printf_oct_int_ll.o(.text)
    _printf_int_oct                          0x080004e1   Thumb Code    24  _printf_oct_int_ll.o(.text)
    _printf_ll_oct                           0x080004f9   Thumb Code    12  _printf_oct_int_ll.o(.text)
    _printf_longlong_hex                     0x0800050d   Thumb Code    86  _printf_hex_int_ll_ptr.o(.text)
    _printf_int_hex                          0x08000563   Thumb Code    28  _printf_hex_int_ll_ptr.o(.text)
    _printf_ll_hex                           0x0800057f   Thumb Code    12  _printf_hex_int_ll_ptr.o(.text)
    _printf_hex_ptr                          0x0800058b   Thumb Code    18  _printf_hex_int_ll_ptr.o(.text)
    __printf                                 0x080005a1   Thumb Code   388  __printf_flags_ss_wp.o(.text)
    strstr                                   0x08000729   Thumb Code    36  strstr.o(.text)
    strlen                                   0x0800074d   Thumb Code    62  strlen.o(.text)
    __aeabi_memcpy                           0x0800078b   Thumb Code     0  rt_memcpy_v6.o(.text)
    __rt_memcpy                              0x0800078b   Thumb Code   138  rt_memcpy_v6.o(.text)
    _memcpy_lastbytes                        0x080007f1   Thumb Code     0  rt_memcpy_v6.o(.text)
    __aeabi_memcpy4                          0x08000815   Thumb Code     0  rt_memcpy_w.o(.text)
    __aeabi_memcpy8                          0x08000815   Thumb Code     0  rt_memcpy_w.o(.text)
    __rt_memcpy_w                            0x08000815   Thumb Code   100  rt_memcpy_w.o(.text)
    _memcpy_lastbytes_aligned                0x0800085d   Thumb Code     0  rt_memcpy_w.o(.text)
    __use_two_region_memory                  0x08000879   Thumb Code     2  heapauxi.o(.text)
    __rt_heap_escrow$2region                 0x0800087b   Thumb Code     2  heapauxi.o(.text)
    __rt_heap_expand$2region                 0x0800087d   Thumb Code     2  heapauxi.o(.text)
    __I$use$semihosting                      0x0800087f   Thumb Code     0  use_no_semi.o(.text)
    __use_no_semihosting_swi                 0x0800087f   Thumb Code     2  use_no_semi.o(.text)
    _printf_int_common                       0x08000881   Thumb Code   178  _printf_intcommon.o(.text)
    _printf_char_common                      0x0800093f   Thumb Code    32  _printf_char_common.o(.text)
    _sputc                                   0x08000965   Thumb Code    10  _sputc.o(.text)
    _printf_cs_common                        0x0800096f   Thumb Code    20  _printf_char.o(.text)
    _printf_char                             0x08000983   Thumb Code    16  _printf_char.o(.text)
    _printf_string                           0x08000993   Thumb Code     8  _printf_char.o(.text)
    _printf_char_file                        0x0800099d   Thumb Code    32  _printf_char_file.o(.text)
    _printf_lcs_common                       0x080009c1   Thumb Code    20  _printf_wchar.o(.text)
    _printf_wchar                            0x080009d5   Thumb Code    16  _printf_wchar.o(.text)
    _printf_wstring                          0x080009e5   Thumb Code     8  _printf_wchar.o(.text)
    _wcrtomb                                 0x080009ed   Thumb Code    64  _wcrtomb.o(.text)
    __rt_ctype_table                         0x08000a2d   Thumb Code    16  rt_ctype_table.o(.text)
    ferror                                   0x08000a3d   Thumb Code     8  ferror.o(.text)
    __user_setup_stackheap                   0x08000a45   Thumb Code    74  sys_stackheap_outer.o(.text)
    __rt_locale                              0x08000a91   Thumb Code     8  rt_locale_intlibspace.o(.text)
    exit                                     0x08000a99   Thumb Code    18  exit.o(.text)
    __user_libspace                          0x08000aad   Thumb Code     8  libspace.o(.text)
    __user_perproc_libspace                  0x08000aad   Thumb Code     0  libspace.o(.text)
    __user_perthread_libspace                0x08000aad   Thumb Code     0  libspace.o(.text)
    strcmp                                   0x08000ab5   Thumb Code   128  strcmpv7m.o(.text)
    AT_Init                                  0x08000b35   Thumb Code   204  bc26.o(i.AT_Init)
    BusFault_Handler                         0x08000c55   Thumb Code     4  stm32f10x_it.o(i.BusFault_Handler)
    Clear_Buffer                             0x08000cc9   Thumb Code    38  bc26.o(i.Clear_Buffer)
    DebugMon_Handler                         0x08000cf9   Thumb Code     2  stm32f10x_it.o(i.DebugMon_Handler)
    EXTI0_IRQHandler                         0x08000cfd   Thumb Code    42  stm32f10x_it.o(i.EXTI0_IRQHandler)
    EXTI_ClearITPendingBit                   0x08000d31   Thumb Code     6  stm32f10x_exti.o(i.EXTI_ClearITPendingBit)
    EXTI_GetITStatus                         0x08000d3d   Thumb Code    34  stm32f10x_exti.o(i.EXTI_GetITStatus)
    EXTI_Init                                0x08000d65   Thumb Code   142  stm32f10x_exti.o(i.EXTI_Init)
    EXTI_Key_Config                          0x08000df9   Thumb Code    80  switch.o(i.EXTI_Key_Config)
    EXTI_NVIC_Config                         0x08000e4d   Thumb Code    32  switch.o(i.EXTI_NVIC_Config)
    GPIO_EXTILineConfig                      0x08000e6d   Thumb Code    60  stm32f10x_gpio.o(i.GPIO_EXTILineConfig)
    GPIO_Init                                0x08000ead   Thumb Code   278  stm32f10x_gpio.o(i.GPIO_Init)
    GPIO_PinRemapConfig                      0x08000fc5   Thumb Code   138  stm32f10x_gpio.o(i.GPIO_PinRemapConfig)
    GPIO_ResetBits                           0x08001055   Thumb Code     4  stm32f10x_gpio.o(i.GPIO_ResetBits)
    GPIO_SetBits                             0x08001059   Thumb Code     4  stm32f10x_gpio.o(i.GPIO_SetBits)
    HardFault_Handler                        0x0800105d   Thumb Code     4  stm32f10x_it.o(i.HardFault_Handler)
    IWDG_Enable                              0x08001061   Thumb Code    10  stm32f10x_iwdg.o(i.IWDG_Enable)
    IWDG_Feed                                0x08001071   Thumb Code     8  wdg.o(i.IWDG_Feed)
    IWDG_Init                                0x08001079   Thumb Code    36  wdg.o(i.IWDG_Init)
    IWDG_ReloadCounter                       0x0800109d   Thumb Code    10  stm32f10x_iwdg.o(i.IWDG_ReloadCounter)
    IWDG_SetPrescaler                        0x080010ad   Thumb Code     6  stm32f10x_iwdg.o(i.IWDG_SetPrescaler)
    IWDG_SetReload                           0x080010b9   Thumb Code     6  stm32f10x_iwdg.o(i.IWDG_SetReload)
    IWDG_WriteAccessCmd                      0x080010c5   Thumb Code     6  stm32f10x_iwdg.o(i.IWDG_WriteAccessCmd)
    LED_Init                                 0x080010d1   Thumb Code    72  led.o(i.LED_Init)
    MQTT_Init                                0x08001121   Thumb Code   298  bc26.o(i.MQTT_Init)
    MemManage_Handler                        0x0800132d   Thumb Code     4  stm32f10x_it.o(i.MemManage_Handler)
    Modbus_DataGet                           0x08001331   Thumb Code    94  ms53l0m.o(i.Modbus_DataGet)
    Modbus_DataGet_first                     0x080013cd   Thumb Code   110  ms53l0m_first.o(i.Modbus_DataGet_first)
    Modbus_DataGet_second                    0x0800147d   Thumb Code    94  ms53l0m_second.o(i.Modbus_DataGet_second)
    Modbus_DataGet_third                     0x08001519   Thumb Code   110  ms53l0m_third.o(i.Modbus_DataGet_third)
    Mqttaliyun_Savedata_distance1            0x080015c9   Thumb Code    52  bc26.o(i.Mqttaliyun_Savedata_distance1)
    Mqttaliyun_Savedata_distance2            0x08001601   Thumb Code    52  bc26.o(i.Mqttaliyun_Savedata_distance2)
    Mqttaliyun_Savedata_distance3            0x08001639   Thumb Code    52  bc26.o(i.Mqttaliyun_Savedata_distance3)
    Mqttaliyun_Savedata_distance4            0x08001671   Thumb Code    52  bc26.o(i.Mqttaliyun_Savedata_distance4)
    Mqttaliyun_Savedata_distance5            0x080016a9   Thumb Code    52  bc26.o(i.Mqttaliyun_Savedata_distance5)
    Ms53l0m_Init                             0x080016e1   Thumb Code    96  ms53l0m.o(i.Ms53l0m_Init)
    Ms53l0m_Init_first                       0x08001745   Thumb Code    96  ms53l0m_first.o(i.Ms53l0m_Init_first)
    Ms53l0m_Init_second                      0x080017a9   Thumb Code    96  ms53l0m_second.o(i.Ms53l0m_Init_second)
    Ms53l0m_Init_third                       0x0800180d   Thumb Code    96  ms53l0m_third.o(i.Ms53l0m_Init_third)
    Ms53l0m_RData                            0x08001871   Thumb Code    96  ms53l0m.o(i.Ms53l0m_RData)
    Ms53l0m_RData_first                      0x080018d5   Thumb Code    96  ms53l0m_first.o(i.Ms53l0m_RData_first)
    Ms53l0m_RData_second                     0x08001939   Thumb Code    96  ms53l0m_second.o(i.Ms53l0m_RData_second)
    Ms53l0m_RData_third                      0x0800199d   Thumb Code    96  ms53l0m_third.o(i.Ms53l0m_RData_third)
    Ms53l0m_WData                            0x08002131   Thumb Code    96  ms53l0m.o(i.Ms53l0m_WData)
    Ms53l0m_WData_first                      0x08002195   Thumb Code    96  ms53l0m_first.o(i.Ms53l0m_WData_first)
    Ms53l0m_WData_second                     0x080021f9   Thumb Code    96  ms53l0m_second.o(i.Ms53l0m_WData_second)
    Ms53l0m_WData_third                      0x0800225d   Thumb Code    96  ms53l0m_third.o(i.Ms53l0m_WData_third)
    NMI_Handler                              0x080022c1   Thumb Code     2  stm32f10x_it.o(i.NMI_Handler)
    NVIC_Configuration                       0x080022c3   Thumb Code    12  sys.o(i.NVIC_Configuration)
    NVIC_Init                                0x080022d1   Thumb Code   100  misc.o(i.NVIC_Init)
    NVIC_PriorityGroupConfig                 0x08002341   Thumb Code    10  misc.o(i.NVIC_PriorityGroupConfig)
    PendSV_Handler                           0x08002355   Thumb Code     2  stm32f10x_it.o(i.PendSV_Handler)
    RCC_APB1PeriphClockCmd                   0x08002359   Thumb Code    26  stm32f10x_rcc.o(i.RCC_APB1PeriphClockCmd)
    RCC_APB1PeriphResetCmd                   0x08002379   Thumb Code    26  stm32f10x_rcc.o(i.RCC_APB1PeriphResetCmd)
    RCC_APB2PeriphClockCmd                   0x08002399   Thumb Code    26  stm32f10x_rcc.o(i.RCC_APB2PeriphClockCmd)
    RCC_APB2PeriphResetCmd                   0x080023b9   Thumb Code    26  stm32f10x_rcc.o(i.RCC_APB2PeriphResetCmd)
    RCC_GetClocksFreq                        0x080023d9   Thumb Code   192  stm32f10x_rcc.o(i.RCC_GetClocksFreq)
    SVC_Handler                              0x080024ad   Thumb Code     2  stm32f10x_it.o(i.SVC_Handler)
    SysTick_CLKSourceConfig                  0x08002599   Thumb Code    40  misc.o(i.SysTick_CLKSourceConfig)
    SysTick_Handler                          0x080025c1   Thumb Code     2  stm32f10x_it.o(i.SysTick_Handler)
    SystemInit                               0x080025c5   Thumb Code    78  system_stm32f10x.o(i.SystemInit)
    TIM3_IRQHandler                          0x08002625   Thumb Code    68  stm32f10x_it.o(i.TIM3_IRQHandler)
    TIM3_PWM_Init                            0x08002675   Thumb Code   126  pwm.o(i.TIM3_PWM_Init)
    TIM5_PWM_Init                            0x08002701   Thumb Code   142  pwm.o(i.TIM5_PWM_Init)
    TIM_ARRPreloadConfig                     0x08002799   Thumb Code    24  stm32f10x_tim.o(i.TIM_ARRPreloadConfig)
    TIM_ClearITPendingBit                    0x080027b1   Thumb Code     6  stm32f10x_tim.o(i.TIM_ClearITPendingBit)
    TIM_Cmd                                  0x080027b7   Thumb Code    24  stm32f10x_tim.o(i.TIM_Cmd)
    TIM_CtrlPWMOutputs                       0x080027cf   Thumb Code    30  stm32f10x_tim.o(i.TIM_CtrlPWMOutputs)
    TIM_GetITStatus                          0x080027ed   Thumb Code    34  stm32f10x_tim.o(i.TIM_GetITStatus)
    TIM_ITConfig                             0x0800280f   Thumb Code    18  stm32f10x_tim.o(i.TIM_ITConfig)
    TIM_OC1Init                              0x08002821   Thumb Code   132  stm32f10x_tim.o(i.TIM_OC1Init)
    TIM_OC1PreloadConfig                     0x080028b9   Thumb Code    18  stm32f10x_tim.o(i.TIM_OC1PreloadConfig)
    TIM_SetCompare1                          0x080028cb   Thumb Code     4  stm32f10x_tim.o(i.TIM_SetCompare1)
    TIM_TimeBaseInit                         0x080028d1   Thumb Code   122  stm32f10x_tim.o(i.TIM_TimeBaseInit)
    UART4_IRQHandler                         0x08002975   Thumb Code   130  uart4.o(i.UART4_IRQHandler)
    UART5_IRQHandler                         0x08002a01   Thumb Code   130  uart5.o(i.UART5_IRQHandler)
    USART1_IRQHandler                        0x08002a8d   Thumb Code    62  usart.o(i.USART1_IRQHandler)
    USART2_IRQHandler                        0x08002ad9   Thumb Code   130  usart2.o(i.USART2_IRQHandler)
    USART3_IRQHandler                        0x08002b65   Thumb Code   130  usart3.o(i.USART3_IRQHandler)
    USART_Cmd                                0x08002bf1   Thumb Code    24  stm32f10x_usart.o(i.USART_Cmd)
    USART_DeInit                             0x08002c09   Thumb Code   134  stm32f10x_usart.o(i.USART_DeInit)
    USART_GetITStatus                        0x08002ca5   Thumb Code    84  stm32f10x_usart.o(i.USART_GetITStatus)
    USART_ITConfig                           0x08002cf9   Thumb Code    74  stm32f10x_usart.o(i.USART_ITConfig)
    USART_Init                               0x08002d45   Thumb Code   210  stm32f10x_usart.o(i.USART_Init)
    USART_ReceiveData                        0x08002e1d   Thumb Code    10  stm32f10x_usart.o(i.USART_ReceiveData)
    Uart1_SendStr                            0x08002e29   Thumb Code    34  usart.o(i.Uart1_SendStr)
    UsageFault_Handler                       0x08002e51   Thumb Code     4  stm32f10x_it.o(i.UsageFault_Handler)
    _is_digit                                0x08002e55   Thumb Code    14  __printf_wp.o(i._is_digit)
    _sys_exit                                0x08002e63   Thumb Code     4  usart.o(i._sys_exit)
    aliyunMQTT_PUBdata_distance1             0x08002e69   Thumb Code   110  bc26.o(i.aliyunMQTT_PUBdata_distance1)
    aliyunMQTT_PUBdata_distance2             0x08002f45   Thumb Code   110  bc26.o(i.aliyunMQTT_PUBdata_distance2)
    aliyunMQTT_PUBdata_distance3             0x08003021   Thumb Code   110  bc26.o(i.aliyunMQTT_PUBdata_distance3)
    aliyunMQTT_PUBdata_distance4             0x080030fd   Thumb Code   110  bc26.o(i.aliyunMQTT_PUBdata_distance4)
    aliyunMQTT_PUBdata_distance5             0x080031d9   Thumb Code   110  bc26.o(i.aliyunMQTT_PUBdata_distance5)
    delay_init                               0x080032b5   Thumb Code    50  delay.o(i.delay_init)
    delay_ms                                 0x080032f9   Thumb Code    72  delay.o(i.delay_ms)
    fputc                                    0x08003345   Thumb Code    24  usart.o(i.fputc)
    main                                     0x08003361   Thumb Code   152  main.o(i.main)
    uart4_init                               0x08003405   Thumb Code   172  uart4.o(i.uart4_init)
    uart4_send                               0x080034c1   Thumb Code    42  uart4.o(i.uart4_send)
    uart5_init                               0x080034f1   Thumb Code   180  uart5.o(i.uart5_init)
    uart5_send                               0x080035b9   Thumb Code    40  uart5.o(i.uart5_send)
    uart_init                                0x080035e5   Thumb Code   158  usart.o(i.uart_init)
    usart2_init                              0x0800368d   Thumb Code   170  usart2.o(i.usart2_init)
    usart2_send                              0x08003749   Thumb Code    42  usart2.o(i.usart2_send)
    usart3_init                              0x08003779   Thumb Code   172  usart3.o(i.usart3_init)
    usart3_send                              0x08003835   Thumb Code    42  usart3.o(i.usart3_send)
    _get_lc_ctype                            0x08003865   Thumb Code    44  lc_ctype_c.o(locale$$code)
    Region$$Table$$Base                      0x08003b40   Number         0  anon$$obj.o(Region$$Table)
    Region$$Table$$Limit                     0x08003b60   Number         0  anon$$obj.o(Region$$Table)
    __ctype                                  0x08003b6d   Data           0  lc_ctype_c.o(locale$$data)
    SystemCoreClock                          0x20000004   Data           4  system_stm32f10x.o(.data)
    AHBPrescTable                            0x20000008   Data          16  system_stm32f10x.o(.data)
    strx                                     0x20000018   Data           4  bc26.o(.data)
    extstrx                                  0x2000001c   Data           4  bc26.o(.data)
    __stdout                                 0x20000024   Data           4  usart.o(.data)
    USART_RX_STA                             0x20000028   Data           2  usart.o(.data)
    RxCounter                                0x2000002a   Data           1  usart.o(.data)
    RxCounter1                               0x2000002b   Data           1  usart.o(.data)
    USART2_TX_BUF                            0x20000040   Data         600  usart2.o(.bss)
    USART2_RX_BUF                            0x20000298   Data        1024  usart2.o(.bss)
    USART_InitStructure                      0x20000698   Data          16  usart2.o(.bss)
    USART_RX_BUF                             0x200006a8   Data         200  usart.o(.bss)
    RxBuffer                                 0x20000770   Data         100  usart.o(.bss)
    RxBuffer1                                0x200007d4   Data         100  usart.o(.bss)
    Tof_Info                                 0x20000838   Data          12  ms53l0m.o(.bss)
    Tof_Data                                 0x20000844   Data         604  ms53l0m.o(.bss)
    Tof_Info2                                0x20000aa0   Data          12  ms53l0m_first.o(.bss)
    Tof_Data2                                0x20000aac   Data         604  ms53l0m_first.o(.bss)
    Tof_Info4                                0x20000d08   Data          12  ms53l0m_third.o(.bss)
    Tof_Data4                                0x20000d14   Data         604  ms53l0m_third.o(.bss)
    Tof_Info3                                0x20000f70   Data          12  ms53l0m_second.o(.bss)
    Tof_Data3                                0x20000f7c   Data         604  ms53l0m_second.o(.bss)
    __libspace_start                         0x200011d8   Data          96  libspace.o(.bss)
    __temporary_stack_top$libspace           0x20001238   Data           0  libspace.o(.bss)



==============================================================================

Memory Map of the image

  Image Entry point : 0x08000131

  Load Region LR_IROM1 (Base: 0x08000000, Size: 0x00003cb0, Max: 0x00040000, ABSOLUTE)

    Execution Region ER_IROM1 (Base: 0x08000000, Size: 0x00003c70, Max: 0x00040000, ABSOLUTE)

    Base Addr    Size         Type   Attr      Idx    E Section Name        Object

    0x08000000   0x00000130   Data   RO          681    RESET               startup_stm32f10x_hd.o
    0x08000130   0x00000008   Code   RO         2373  * !!!main             c_w.l(__main.o)
    0x08000138   0x00000034   Code   RO         2629    !!!scatter          c_w.l(__scatter.o)
    0x0800016c   0x0000001a   Code   RO         2631    !!handler_copy      c_w.l(__scatter_copy.o)
    0x08000186   0x00000002   PAD
    0x08000188   0x0000001c   Code   RO         2633    !!handler_zi        c_w.l(__scatter_zi.o)
    0x080001a4   0x00000000   Code   RO         2361    .ARM.Collect$$_printf_percent$$00000000  c_w.l(_printf_percent.o)
    0x080001a4   0x00000006   Code   RO         2358    .ARM.Collect$$_printf_percent$$00000008  c_w.l(_printf_i.o)
    0x080001aa   0x00000006   Code   RO         2359    .ARM.Collect$$_printf_percent$$00000009  c_w.l(_printf_d.o)
    0x080001b0   0x00000006   Code   RO         2360    .ARM.Collect$$_printf_percent$$0000000A  c_w.l(_printf_u.o)
    0x080001b6   0x00000006   Code   RO         2357    .ARM.Collect$$_printf_percent$$0000000B  c_w.l(_printf_o.o)
    0x080001bc   0x00000006   Code   RO         2356    .ARM.Collect$$_printf_percent$$0000000C  c_w.l(_printf_x.o)
    0x080001c2   0x0000000a   Code   RO         2405    .ARM.Collect$$_printf_percent$$00000012  c_w.l(_printf_l.o)
    0x080001cc   0x00000006   Code   RO         2354    .ARM.Collect$$_printf_percent$$00000013  c_w.l(_printf_c.o)
    0x080001d2   0x00000006   Code   RO         2355    .ARM.Collect$$_printf_percent$$00000014  c_w.l(_printf_s.o)
    0x080001d8   0x00000006   Code   RO         2362    .ARM.Collect$$_printf_percent$$00000015  c_w.l(_printf_lc.o)
    0x080001de   0x00000004   Code   RO         2400    .ARM.Collect$$_printf_percent$$00000017  c_w.l(_printf_percent_end.o)
    0x080001e2   0x00000002   Code   RO         2496    .ARM.Collect$$libinit$$00000000  c_w.l(libinit.o)
    0x080001e4   0x00000000   Code   RO         2510    .ARM.Collect$$libinit$$00000002  c_w.l(libinit2.o)
    0x080001e4   0x00000000   Code   RO         2512    .ARM.Collect$$libinit$$00000004  c_w.l(libinit2.o)
    0x080001e4   0x00000000   Code   RO         2515    .ARM.Collect$$libinit$$0000000A  c_w.l(libinit2.o)
    0x080001e4   0x00000000   Code   RO         2517    .ARM.Collect$$libinit$$0000000C  c_w.l(libinit2.o)
    0x080001e4   0x00000000   Code   RO         2519    .ARM.Collect$$libinit$$0000000E  c_w.l(libinit2.o)
    0x080001e4   0x00000006   Code   RO         2520    .ARM.Collect$$libinit$$0000000F  c_w.l(libinit2.o)
    0x080001ea   0x00000000   Code   RO         2522    .ARM.Collect$$libinit$$00000011  c_w.l(libinit2.o)
    0x080001ea   0x0000000c   Code   RO         2523    .ARM.Collect$$libinit$$00000012  c_w.l(libinit2.o)
    0x080001f6   0x00000000   Code   RO         2524    .ARM.Collect$$libinit$$00000013  c_w.l(libinit2.o)
    0x080001f6   0x00000000   Code   RO         2526    .ARM.Collect$$libinit$$00000015  c_w.l(libinit2.o)
    0x080001f6   0x00000000   Code   RO         2528    .ARM.Collect$$libinit$$00000017  c_w.l(libinit2.o)
    0x080001f6   0x00000000   Code   RO         2530    .ARM.Collect$$libinit$$00000019  c_w.l(libinit2.o)
    0x080001f6   0x00000000   Code   RO         2532    .ARM.Collect$$libinit$$0000001B  c_w.l(libinit2.o)
    0x080001f6   0x00000000   Code   RO         2534    .ARM.Collect$$libinit$$0000001D  c_w.l(libinit2.o)
    0x080001f6   0x00000000   Code   RO         2536    .ARM.Collect$$libinit$$0000001F  c_w.l(libinit2.o)
    0x080001f6   0x00000000   Code   RO         2538    .ARM.Collect$$libinit$$00000021  c_w.l(libinit2.o)
    0x080001f6   0x00000000   Code   RO         2540    .ARM.Collect$$libinit$$00000023  c_w.l(libinit2.o)
    0x080001f6   0x00000000   Code   RO         2542    .ARM.Collect$$libinit$$00000025  c_w.l(libinit2.o)
    0x080001f6   0x00000000   Code   RO         2546    .ARM.Collect$$libinit$$0000002C  c_w.l(libinit2.o)
    0x080001f6   0x00000000   Code   RO         2548    .ARM.Collect$$libinit$$0000002E  c_w.l(libinit2.o)
    0x080001f6   0x00000000   Code   RO         2550    .ARM.Collect$$libinit$$00000030  c_w.l(libinit2.o)
    0x080001f6   0x00000000   Code   RO         2552    .ARM.Collect$$libinit$$00000032  c_w.l(libinit2.o)
    0x080001f6   0x00000002   Code   RO         2553    .ARM.Collect$$libinit$$00000033  c_w.l(libinit2.o)
    0x080001f8   0x00000002   Code   RO         2571    .ARM.Collect$$libshutdown$$00000000  c_w.l(libshutdown.o)
    0x080001fa   0x00000000   Code   RO         2581    .ARM.Collect$$libshutdown$$00000002  c_w.l(libshutdown2.o)
    0x080001fa   0x00000000   Code   RO         2583    .ARM.Collect$$libshutdown$$00000004  c_w.l(libshutdown2.o)
    0x080001fa   0x00000000   Code   RO         2586    .ARM.Collect$$libshutdown$$00000007  c_w.l(libshutdown2.o)
    0x080001fa   0x00000000   Code   RO         2589    .ARM.Collect$$libshutdown$$0000000A  c_w.l(libshutdown2.o)
    0x080001fa   0x00000000   Code   RO         2591    .ARM.Collect$$libshutdown$$0000000C  c_w.l(libshutdown2.o)
    0x080001fa   0x00000000   Code   RO         2594    .ARM.Collect$$libshutdown$$0000000F  c_w.l(libshutdown2.o)
    0x080001fa   0x00000002   Code   RO         2595    .ARM.Collect$$libshutdown$$00000010  c_w.l(libshutdown2.o)
    0x080001fc   0x00000000   Code   RO         2377    .ARM.Collect$$rtentry$$00000000  c_w.l(__rtentry.o)
    0x080001fc   0x00000000   Code   RO         2420    .ARM.Collect$$rtentry$$00000002  c_w.l(__rtentry2.o)
    0x080001fc   0x00000006   Code   RO         2432    .ARM.Collect$$rtentry$$00000004  c_w.l(__rtentry4.o)
    0x08000202   0x00000000   Code   RO         2422    .ARM.Collect$$rtentry$$00000009  c_w.l(__rtentry2.o)
    0x08000202   0x00000004   Code   RO         2423    .ARM.Collect$$rtentry$$0000000A  c_w.l(__rtentry2.o)
    0x08000206   0x00000000   Code   RO         2425    .ARM.Collect$$rtentry$$0000000C  c_w.l(__rtentry2.o)
    0x08000206   0x00000008   Code   RO         2426    .ARM.Collect$$rtentry$$0000000D  c_w.l(__rtentry2.o)
    0x0800020e   0x00000002   Code   RO         2505    .ARM.Collect$$rtexit$$00000000  c_w.l(rtexit.o)
    0x08000210   0x00000000   Code   RO         2555    .ARM.Collect$$rtexit$$00000002  c_w.l(rtexit2.o)
    0x08000210   0x00000004   Code   RO         2556    .ARM.Collect$$rtexit$$00000003  c_w.l(rtexit2.o)
    0x08000214   0x00000006   Code   RO         2557    .ARM.Collect$$rtexit$$00000004  c_w.l(rtexit2.o)
    0x0800021a   0x00000002   PAD
    0x0800021c   0x00000040   Code   RO          682    .text               startup_stm32f10x_hd.o
    0x0800025c   0x00000002   Code   RO         2282    .text               c_w.l(use_no_semi_2.o)
    0x0800025e   0x00000002   PAD
    0x08000260   0x00000018   Code   RO         2286    .text               c_w.l(__2printf.o)
    0x08000278   0x0000002c   Code   RO         2288    .text               c_w.l(__2sprintf.o)
    0x080002a4   0x0000004e   Code   RO         2296    .text               c_w.l(_printf_pad.o)
    0x080002f2   0x00000024   Code   RO         2298    .text               c_w.l(_printf_truncate.o)
    0x08000316   0x00000052   Code   RO         2300    .text               c_w.l(_printf_str.o)
    0x08000368   0x00000078   Code   RO         2302    .text               c_w.l(_printf_dec.o)
    0x080003e0   0x000000bc   Code   RO         2304    .text               c_w.l(_printf_wctomb.o)
    0x0800049c   0x00000070   Code   RO         2311    .text               c_w.l(_printf_oct_int_ll.o)
    0x0800050c   0x00000094   Code   RO         2331    .text               c_w.l(_printf_hex_int_ll_ptr.o)
    0x080005a0   0x00000188   Code   RO         2351    .text               c_w.l(__printf_flags_ss_wp.o)
    0x08000728   0x00000024   Code   RO         2363    .text               c_w.l(strstr.o)
    0x0800074c   0x0000003e   Code   RO         2365    .text               c_w.l(strlen.o)
    0x0800078a   0x0000008a   Code   RO         2367    .text               c_w.l(rt_memcpy_v6.o)
    0x08000814   0x00000064   Code   RO         2369    .text               c_w.l(rt_memcpy_w.o)
    0x08000878   0x00000006   Code   RO         2371    .text               c_w.l(heapauxi.o)
    0x0800087e   0x00000002   Code   RO         2375    .text               c_w.l(use_no_semi.o)
    0x08000880   0x000000b2   Code   RO         2378    .text               c_w.l(_printf_intcommon.o)
    0x08000932   0x00000002   PAD
    0x08000934   0x00000030   Code   RO         2382    .text               c_w.l(_printf_char_common.o)
    0x08000964   0x0000000a   Code   RO         2384    .text               c_w.l(_sputc.o)
    0x0800096e   0x0000002c   Code   RO         2386    .text               c_w.l(_printf_char.o)
    0x0800099a   0x00000002   PAD
    0x0800099c   0x00000024   Code   RO         2388    .text               c_w.l(_printf_char_file.o)
    0x080009c0   0x0000002c   Code   RO         2390    .text               c_w.l(_printf_wchar.o)
    0x080009ec   0x00000040   Code   RO         2409    .text               c_w.l(_wcrtomb.o)
    0x08000a2c   0x00000010   Code   RO         2434    .text               c_w.l(rt_ctype_table.o)
    0x08000a3c   0x00000008   Code   RO         2445    .text               c_w.l(ferror.o)
    0x08000a44   0x0000004a   Code   RO         2449    .text               c_w.l(sys_stackheap_outer.o)
    0x08000a8e   0x00000002   PAD
    0x08000a90   0x00000008   Code   RO         2454    .text               c_w.l(rt_locale_intlibspace.o)
    0x08000a98   0x00000012   Code   RO         2489    .text               c_w.l(exit.o)
    0x08000aaa   0x00000002   PAD
    0x08000aac   0x00000008   Code   RO         2502    .text               c_w.l(libspace.o)
    0x08000ab4   0x00000080   Code   RO         2507    .text               c_w.l(strcmpv7m.o)
    0x08000b34   0x00000120   Code   RO          433    i.AT_Init           bc26.o
    0x08000c54   0x00000004   Code   RO          104    i.BusFault_Handler  stm32f10x_it.o
    0x08000c58   0x0000001c   Code   RO         2076    i.CRC_Check_Sum     ms53l0m.o
    0x08000c74   0x0000001c   Code   RO         2139    i.CRC_Check_Sum     ms53l0m_first.o
    0x08000c90   0x0000001c   Code   RO         2186    i.CRC_Check_Sum     ms53l0m_third.o
    0x08000cac   0x0000001c   Code   RO         2233    i.CRC_Check_Sum     ms53l0m_second.o
    0x08000cc8   0x00000030   Code   RO          434    i.Clear_Buffer      bc26.o
    0x08000cf8   0x00000002   Code   RO          105    i.DebugMon_Handler  stm32f10x_it.o
    0x08000cfa   0x00000002   PAD
    0x08000cfc   0x00000034   Code   RO          106    i.EXTI0_IRQHandler  stm32f10x_it.o
    0x08000d30   0x0000000c   Code   RO         1981    i.EXTI_ClearITPendingBit  stm32f10x_exti.o
    0x08000d3c   0x00000028   Code   RO         1985    i.EXTI_GetITStatus  stm32f10x_exti.o
    0x08000d64   0x00000094   Code   RO         1986    i.EXTI_Init         stm32f10x_exti.o
    0x08000df8   0x00000054   Code   RO          535    i.EXTI_Key_Config   switch.o
    0x08000e4c   0x00000020   Code   RO          536    i.EXTI_NVIC_Config  switch.o
    0x08000e6c   0x00000040   Code   RO          689    i.GPIO_EXTILineConfig  stm32f10x_gpio.o
    0x08000eac   0x00000116   Code   RO          692    i.GPIO_Init         stm32f10x_gpio.o
    0x08000fc2   0x00000002   PAD
    0x08000fc4   0x00000090   Code   RO          694    i.GPIO_PinRemapConfig  stm32f10x_gpio.o
    0x08001054   0x00000004   Code   RO          699    i.GPIO_ResetBits    stm32f10x_gpio.o
    0x08001058   0x00000004   Code   RO          700    i.GPIO_SetBits      stm32f10x_gpio.o
    0x0800105c   0x00000004   Code   RO          107    i.HardFault_Handler  stm32f10x_it.o
    0x08001060   0x00000010   Code   RO         2034    i.IWDG_Enable       stm32f10x_iwdg.o
    0x08001070   0x00000008   Code   RO          415    i.IWDG_Feed         wdg.o
    0x08001078   0x00000024   Code   RO          416    i.IWDG_Init         wdg.o
    0x0800109c   0x00000010   Code   RO         2036    i.IWDG_ReloadCounter  stm32f10x_iwdg.o
    0x080010ac   0x0000000c   Code   RO         2037    i.IWDG_SetPrescaler  stm32f10x_iwdg.o
    0x080010b8   0x0000000c   Code   RO         2038    i.IWDG_SetReload    stm32f10x_iwdg.o
    0x080010c4   0x0000000c   Code   RO         2039    i.IWDG_WriteAccessCmd  stm32f10x_iwdg.o
    0x080010d0   0x00000050   Code   RO          242    i.LED_Init          led.o
    0x08001120   0x0000020c   Code   RO          435    i.MQTT_Init         bc26.o
    0x0800132c   0x00000004   Code   RO          108    i.MemManage_Handler  stm32f10x_it.o
    0x08001330   0x0000009c   Code   RO         2077    i.Modbus_DataGet    ms53l0m.o
    0x080013cc   0x000000b0   Code   RO         2140    i.Modbus_DataGet_first  ms53l0m_first.o
    0x0800147c   0x0000009c   Code   RO         2234    i.Modbus_DataGet_second  ms53l0m_second.o
    0x08001518   0x000000b0   Code   RO         2187    i.Modbus_DataGet_third  ms53l0m_third.o
    0x080015c8   0x00000038   Code   RO          437    i.Mqttaliyun_Savedata_distance1  bc26.o
    0x08001600   0x00000038   Code   RO          438    i.Mqttaliyun_Savedata_distance2  bc26.o
    0x08001638   0x00000038   Code   RO          439    i.Mqttaliyun_Savedata_distance3  bc26.o
    0x08001670   0x00000038   Code   RO          440    i.Mqttaliyun_Savedata_distance4  bc26.o
    0x080016a8   0x00000038   Code   RO          441    i.Mqttaliyun_Savedata_distance5  bc26.o
    0x080016e0   0x00000064   Code   RO         2078    i.Ms53l0m_Init      ms53l0m.o
    0x08001744   0x00000064   Code   RO         2141    i.Ms53l0m_Init_first  ms53l0m_first.o
    0x080017a8   0x00000064   Code   RO         2235    i.Ms53l0m_Init_second  ms53l0m_second.o
    0x0800180c   0x00000064   Code   RO         2188    i.Ms53l0m_Init_third  ms53l0m_third.o
    0x08001870   0x00000064   Code   RO         2079    i.Ms53l0m_RData     ms53l0m.o
    0x080018d4   0x00000064   Code   RO         2142    i.Ms53l0m_RData_first  ms53l0m_first.o
    0x08001938   0x00000064   Code   RO         2236    i.Ms53l0m_RData_second  ms53l0m_second.o
    0x0800199c   0x00000064   Code   RO         2189    i.Ms53l0m_RData_third  ms53l0m_third.o
    0x08001a00   0x000001cc   Code   RO         2080    i.Ms53l0m_Unpack    ms53l0m.o
    0x08001bcc   0x000001cc   Code   RO         2143    i.Ms53l0m_Unpack    ms53l0m_first.o
    0x08001d98   0x000001cc   Code   RO         2190    i.Ms53l0m_Unpack    ms53l0m_third.o
    0x08001f64   0x000001cc   Code   RO         2237    i.Ms53l0m_Unpack    ms53l0m_second.o
    0x08002130   0x00000064   Code   RO         2081    i.Ms53l0m_WData     ms53l0m.o
    0x08002194   0x00000064   Code   RO         2144    i.Ms53l0m_WData_first  ms53l0m_first.o
    0x080021f8   0x00000064   Code   RO         2238    i.Ms53l0m_WData_second  ms53l0m_second.o
    0x0800225c   0x00000064   Code   RO         2191    i.Ms53l0m_WData_third  ms53l0m_third.o
    0x080022c0   0x00000002   Code   RO          109    i.NMI_Handler       stm32f10x_it.o
    0x080022c2   0x0000000c   Code   RO          597    i.NVIC_Configuration  sys.o
    0x080022ce   0x00000002   PAD
    0x080022d0   0x00000070   Code   RO         1180    i.NVIC_Init         misc.o
    0x08002340   0x00000014   Code   RO         1181    i.NVIC_PriorityGroupConfig  misc.o
    0x08002354   0x00000002   Code   RO          110    i.PendSV_Handler    stm32f10x_it.o
    0x08002356   0x00000002   PAD
    0x08002358   0x00000020   Code   RO          802    i.RCC_APB1PeriphClockCmd  stm32f10x_rcc.o
    0x08002378   0x00000020   Code   RO          803    i.RCC_APB1PeriphResetCmd  stm32f10x_rcc.o
    0x08002398   0x00000020   Code   RO          804    i.RCC_APB2PeriphClockCmd  stm32f10x_rcc.o
    0x080023b8   0x00000020   Code   RO          805    i.RCC_APB2PeriphResetCmd  stm32f10x_rcc.o
    0x080023d8   0x000000d4   Code   RO          812    i.RCC_GetClocksFreq  stm32f10x_rcc.o
    0x080024ac   0x00000002   Code   RO          111    i.SVC_Handler       stm32f10x_it.o
    0x080024ae   0x00000008   Code   RO          208    i.SetSysClock       system_stm32f10x.o
    0x080024b6   0x00000002   PAD
    0x080024b8   0x000000e0   Code   RO          209    i.SetSysClockTo72   system_stm32f10x.o
    0x08002598   0x00000028   Code   RO         1184    i.SysTick_CLKSourceConfig  misc.o
    0x080025c0   0x00000002   Code   RO          112    i.SysTick_Handler   stm32f10x_it.o
    0x080025c2   0x00000002   PAD
    0x080025c4   0x00000060   Code   RO          211    i.SystemInit        system_stm32f10x.o
    0x08002624   0x00000050   Code   RO          113    i.TIM3_IRQHandler   stm32f10x_it.o
    0x08002674   0x0000008c   Code   RO          553    i.TIM3_PWM_Init     pwm.o
    0x08002700   0x00000098   Code   RO          554    i.TIM5_PWM_Init     pwm.o
    0x08002798   0x00000018   Code   RO         1364    i.TIM_ARRPreloadConfig  stm32f10x_tim.o
    0x080027b0   0x00000006   Code   RO         1371    i.TIM_ClearITPendingBit  stm32f10x_tim.o
    0x080027b6   0x00000018   Code   RO         1376    i.TIM_Cmd           stm32f10x_tim.o
    0x080027ce   0x0000001e   Code   RO         1378    i.TIM_CtrlPWMOutputs  stm32f10x_tim.o
    0x080027ec   0x00000022   Code   RO         1397    i.TIM_GetITStatus   stm32f10x_tim.o
    0x0800280e   0x00000012   Code   RO         1401    i.TIM_ITConfig      stm32f10x_tim.o
    0x08002820   0x00000098   Code   RO         1405    i.TIM_OC1Init       stm32f10x_tim.o
    0x080028b8   0x00000012   Code   RO         1408    i.TIM_OC1PreloadConfig  stm32f10x_tim.o
    0x080028ca   0x00000004   Code   RO         1437    i.TIM_SetCompare1   stm32f10x_tim.o
    0x080028ce   0x00000002   PAD
    0x080028d0   0x000000a4   Code   RO         1447    i.TIM_TimeBaseInit  stm32f10x_tim.o
    0x08002974   0x0000008c   Code   RO          339    i.UART4_IRQHandler  uart4.o
    0x08002a00   0x0000008c   Code   RO          377    i.UART5_IRQHandler  uart5.o
    0x08002a8c   0x0000004c   Code   RO          611    i.USART1_IRQHandler  usart.o
    0x08002ad8   0x0000008c   Code   RO          254    i.USART2_IRQHandler  usart2.o
    0x08002b64   0x0000008c   Code   RO          301    i.USART3_IRQHandler  usart3.o
    0x08002bf0   0x00000018   Code   RO         1004    i.USART_Cmd         stm32f10x_usart.o
    0x08002c08   0x0000009c   Code   RO         1006    i.USART_DeInit      stm32f10x_usart.o
    0x08002ca4   0x00000054   Code   RO         1008    i.USART_GetITStatus  stm32f10x_usart.o
    0x08002cf8   0x0000004a   Code   RO         1010    i.USART_ITConfig    stm32f10x_usart.o
    0x08002d42   0x00000002   PAD
    0x08002d44   0x000000d8   Code   RO         1011    i.USART_Init        stm32f10x_usart.o
    0x08002e1c   0x0000000a   Code   RO         1018    i.USART_ReceiveData  stm32f10x_usart.o
    0x08002e26   0x00000002   PAD
    0x08002e28   0x00000028   Code   RO          612    i.Uart1_SendStr     usart.o
    0x08002e50   0x00000004   Code   RO          114    i.UsageFault_Handler  stm32f10x_it.o
    0x08002e54   0x0000000e   Code   RO         2344    i._is_digit         c_w.l(__printf_wp.o)
    0x08002e62   0x00000004   Code   RO          613    i._sys_exit         usart.o
    0x08002e66   0x00000002   PAD
    0x08002e68   0x000000dc   Code   RO          443    i.aliyunMQTT_PUBdata_distance1  bc26.o
    0x08002f44   0x000000dc   Code   RO          444    i.aliyunMQTT_PUBdata_distance2  bc26.o
    0x08003020   0x000000dc   Code   RO          445    i.aliyunMQTT_PUBdata_distance3  bc26.o
    0x080030fc   0x000000dc   Code   RO          446    i.aliyunMQTT_PUBdata_distance4  bc26.o
    0x080031d8   0x000000dc   Code   RO          447    i.aliyunMQTT_PUBdata_distance5  bc26.o
    0x080032b4   0x00000044   Code   RO          571    i.delay_init        delay.o
    0x080032f8   0x0000004c   Code   RO          572    i.delay_ms          delay.o
    0x08003344   0x0000001c   Code   RO          614    i.fputc             usart.o
    0x08003360   0x000000a4   Code   RO            1    i.main              main.o
    0x08003404   0x000000bc   Code   RO          341    i.uart4_init        uart4.o
    0x080034c0   0x00000030   Code   RO          342    i.uart4_send        uart4.o
    0x080034f0   0x000000c8   Code   RO          379    i.uart5_init        uart5.o
    0x080035b8   0x0000002c   Code   RO          380    i.uart5_send        uart5.o
    0x080035e4   0x000000a8   Code   RO          615    i.uart_init         usart.o
    0x0800368c   0x000000bc   Code   RO          256    i.usart2_init       usart2.o
    0x08003748   0x00000030   Code   RO          257    i.usart2_send       usart2.o
    0x08003778   0x000000bc   Code   RO          303    i.usart3_init       usart3.o
    0x08003834   0x00000030   Code   RO          304    i.usart3_send       usart3.o
    0x08003864   0x0000002c   Code   RO         2484    locale$$code        c_w.l(lc_ctype_c.o)
    0x08003890   0x00000008   Data   RO         2305    .constdata          c_w.l(_printf_wctomb.o)
    0x08003898   0x00000028   Data   RO         2332    .constdata          c_w.l(_printf_hex_int_ll_ptr.o)
    0x080038c0   0x00000011   Data   RO         2352    .constdata          c_w.l(__printf_flags_ss_wp.o)
    0x080038d1   0x00000003   PAD
    0x080038d4   0x0000026c   Data   RO          449    .conststring        bc26.o
    0x08003b40   0x00000020   Data   RO         2627    Region$$Table       anon$$obj.o
    0x08003b60   0x00000110   Data   RO         2483    locale$$data        c_w.l(lc_ctype_c.o)


    Execution Region RW_IRAM1 (Base: 0x20000000, Size: 0x00001838, Max: 0x0000c000, ABSOLUTE)

    Base Addr    Size         Type   Attr      Idx    E Section Name        Object

    0x20000000   0x00000004   Data   RW          115    .data               stm32f10x_it.o
    0x20000004   0x00000014   Data   RW          212    .data               system_stm32f10x.o
    0x20000018   0x00000008   Data   RW          450    .data               bc26.o
    0x20000020   0x00000004   Data   RW          574    .data               delay.o
    0x20000024   0x00000008   Data   RW          617    .data               usart.o
    0x2000002c   0x00000014   Data   RW          832    .data               stm32f10x_rcc.o
    0x20000040   0x00000668   Zero   RW          258    .bss                usart2.o
    0x200006a8   0x00000190   Zero   RW          616    .bss                usart.o
    0x20000838   0x00000268   Zero   RW         2083    .bss                ms53l0m.o
    0x20000aa0   0x00000268   Zero   RW         2145    .bss                ms53l0m_first.o
    0x20000d08   0x00000268   Zero   RW         2192    .bss                ms53l0m_third.o
    0x20000f70   0x00000268   Zero   RW         2239    .bss                ms53l0m_second.o
    0x200011d8   0x00000060   Zero   RW         2503    .bss                c_w.l(libspace.o)
    0x20001238   0x00000200   Zero   RW          680    HEAP                startup_stm32f10x_hd.o
    0x20001438   0x00000400   Zero   RW          679    STACK               startup_stm32f10x_hd.o


==============================================================================

Image component sizes


      Code (inc. data)   RO Data    RW Data    ZI Data      Debug   Object Name

      2240        890        620          8          0       9528   bc26.o
         0          0          0          0          0         32   core_cm3.o
       144         22          0          4          0       1124   delay.o
        80          8          0          0          0        475   led.o
       164         12          0          0          0     257434   main.o
       172         22          0          0          0       1953   misc.o
       944         82          0          0        616       6372   ms53l0m.o
       964         86          0          0        616       4926   ms53l0m_first.o
       944         82          0          0        616       4926   ms53l0m_second.o
       964         86          0          0        616       4894   ms53l0m_third.o
       292         24          0          0          0       1440   pwm.o
        64         26        304          0       1536        772   startup_stm32f10x_hd.o
       200         18          0          0          0       2008   stm32f10x_exti.o
       494         10          0          0          0       4344   stm32f10x_gpio.o
       158         22          0          4          0       4531   stm32f10x_it.o
        68         30          0          0          0       2354   stm32f10x_iwdg.o
       340         44          0         20          0       5400   stm32f10x_rcc.o
       474         62          0          0          0       6253   stm32f10x_tim.o
       564         28          0          0          0       5437   stm32f10x_usart.o
       116          4          0          0          0       1005   switch.o
        12          0          0          0          0        429   sys.o
       328         28          0         20          0       1957   system_stm32f10x.o
       376         32          0          0          0       2301   uart4.o
       384         34          0          0          0       2305   uart5.o
       316         34          0          8        400       4588   usart.o
       376         34          0          0       1640       2518   usart2.o
       376         32          0          0          0       2320   usart3.o
        44          0          0          0          0        948   wdg.o

    ----------------------------------------------------------------------
     11618       1752        956         64       6040     342574   Object Totals
         0          0         32          0          0          0   (incl. Generated)
        20          0          0          0          0          0   (incl. Padding)

    ----------------------------------------------------------------------

      Code (inc. data)   RO Data    RW Data    ZI Data      Debug   Library Member Name

        24          4          0          0          0         84   __2printf.o
        44          6          0          0          0         84   __2sprintf.o
         8          0          0          0          0         68   __main.o
       392          4         17          0          0         92   __printf_flags_ss_wp.o
        14          0          0          0          0         68   __printf_wp.o
         0          0          0          0          0          0   __rtentry.o
        12          0          0          0          0          0   __rtentry2.o
         6          0          0          0          0          0   __rtentry4.o
        52          8          0          0          0          0   __scatter.o
        26          0          0          0          0          0   __scatter_copy.o
        28          0          0          0          0          0   __scatter_zi.o
         6          0          0          0          0          0   _printf_c.o
        44          0          0          0          0        108   _printf_char.o
        48          6          0          0          0         96   _printf_char_common.o
        36          4          0          0          0         80   _printf_char_file.o
         6          0          0          0          0          0   _printf_d.o
       120         16          0          0          0         92   _printf_dec.o
       148          4         40          0          0        160   _printf_hex_int_ll_ptr.o
         6          0          0          0          0          0   _printf_i.o
       178          0          0          0          0         88   _printf_intcommon.o
        10          0          0          0          0          0   _printf_l.o
         6          0          0          0          0          0   _printf_lc.o
         6          0          0          0          0          0   _printf_o.o
       112          8          0          0          0        124   _printf_oct_int_ll.o
        78          0          0          0          0        108   _printf_pad.o
         0          0          0          0          0          0   _printf_percent.o
         4          0          0          0          0          0   _printf_percent_end.o
         6          0          0          0          0          0   _printf_s.o
        82          0          0          0          0         80   _printf_str.o
        36          0          0          0          0         84   _printf_truncate.o
         6          0          0          0          0          0   _printf_u.o
        44          0          0          0          0        108   _printf_wchar.o
       188          6          8          0          0         92   _printf_wctomb.o
         6          0          0          0          0          0   _printf_x.o
        10          0          0          0          0         68   _sputc.o
        64          0          0          0          0         92   _wcrtomb.o
        18          0          0          0          0         80   exit.o
         8          0          0          0          0         68   ferror.o
         6          0          0          0          0        152   heapauxi.o
        44         10        272          0          0         76   lc_ctype_c.o
         2          0          0          0          0          0   libinit.o
        20          0          0          0          0          0   libinit2.o
         2          0          0          0          0          0   libshutdown.o
         2          0          0          0          0          0   libshutdown2.o
         8          4          0          0         96         68   libspace.o
        16          4          0          0          0         76   rt_ctype_table.o
         8          4          0          0          0         68   rt_locale_intlibspace.o
       138          0          0          0          0         68   rt_memcpy_v6.o
       100          0          0          0          0         80   rt_memcpy_w.o
         2          0          0          0          0          0   rtexit.o
        10          0          0          0          0          0   rtexit2.o
       128          0          0          0          0         68   strcmpv7m.o
        62          0          0          0          0         76   strlen.o
        36          0          0          0          0         80   strstr.o
        74          0          0          0          0         80   sys_stackheap_outer.o
         2          0          0          0          0         68   use_no_semi.o
         2          0          0          0          0         68   use_no_semi_2.o

    ----------------------------------------------------------------------
      2558         88        340          0         96       2952   Library Totals
        14          0          3          0          0          0   (incl. Padding)

    ----------------------------------------------------------------------

      Code (inc. data)   RO Data    RW Data    ZI Data      Debug   Library Name

      2544         88        337          0         96       2952   c_w.l

    ----------------------------------------------------------------------
      2558         88        340          0         96       2952   Library Totals

    ----------------------------------------------------------------------

==============================================================================


      Code (inc. data)   RO Data    RW Data    ZI Data      Debug   

     14176       1840       1296         64       6136     338190   Grand Totals
     14176       1840       1296         64       6136     338190   ELF Image Totals
     14176       1840       1296         64          0          0   ROM Totals

==============================================================================

    Total RO  Size (Code + RO Data)                15472 (  15.11kB)
    Total RW  Size (RW Data + ZI Data)              6200 (   6.05kB)
    Total ROM Size (Code + RO Data + RW Data)      15536 (  15.17kB)

==============================================================================

